graph: { title: "/home/henley/adacore/repos/adacore_jetson/rts-native-light/gnat/a-nllefu.ads"
node: { title: "ada__numerics__long_long_elementary_functions__Oexpon" label: "**\n/home/henley/adacore/repos/adacore_jetson/rts-native-light/gnat/a-ngelfu.adb:73:4\n0 bytes (static)\n0 dynamic objects" }
node: { title: "ada__numerics__long_elementary_functions__Oexpon" label: "**\n/home/henley/adacore/repos/adacore_jetson/rts-native-light/gnat/s-gcmain.ads:109:13" shape : ellipse }
edge: { sourcename: "ada__numerics__long_long_elementary_functions__Oexpon" targetname: "ada__numerics__long_elementary_functions__Oexpon" label: "/home/henley/adacore/repos/adacore_jetson/rts-native-light/gnat/a-ngelfu.adb:75:45" }
node: { title: "ada__numerics__long_long_elementary_functions__arccos" label: "Arccos\n/home/henley/adacore/repos/adacore_jetson/rts-native-light/gnat/a-ngelfu.adb:85:4\n0 bytes (static)\n0 dynamic objects" }
node: { title: "ada__numerics__long_elementary_functions__arccos" label: "Arccos\n/home/henley/adacore/repos/adacore_jetson/rts-native-light/gnat/s-gcmain.ads:154:13" shape : ellipse }
edge: { sourcename: "ada__numerics__long_long_elementary_functions__arccos" targetname: "ada__numerics__long_elementary_functions__arccos" label: "/home/henley/adacore/repos/adacore_jetson/rts-native-light/gnat/a-ngelfu.adb:87:35" }
node: { title: "ada__numerics__long_long_elementary_functions__arccos__2" label: "Arccos\n/home/henley/adacore/repos/adacore_jetson/rts-native-light/gnat/a-ngelfu.adb:93:4\n0 bytes (static)\n0 dynamic objects" }
node: { title: "ada__numerics__long_elementary_functions__arccos__2" label: "Arccos\n/home/henley/adacore/repos/adacore_jetson/rts-native-light/gnat/s-gcmain.ads:158:13" shape : ellipse }
edge: { sourcename: "ada__numerics__long_long_elementary_functions__arccos__2" targetname: "ada__numerics__long_elementary_functions__arccos__2" label: "/home/henley/adacore/repos/adacore_jetson/rts-native-light/gnat/a-ngelfu.adb:95:35" }
node: { title: "ada__numerics__long_long_elementary_functions__arccosh" label: "Arccosh\n/home/henley/adacore/repos/adacore_jetson/rts-native-light/gnat/a-ngelfu.adb:103:4\n0 bytes (static)\n0 dynamic objects" }
node: { title: "ada__numerics__long_elementary_functions__arccosh" label: "Arccosh\n/home/henley/adacore/repos/adacore_jetson/rts-native-light/gnat/s-gcmain.ads:213:13" shape : ellipse }
edge: { sourcename: "ada__numerics__long_long_elementary_functions__arccosh" targetname: "ada__numerics__long_elementary_functions__arccosh" label: "/home/henley/adacore/repos/adacore_jetson/rts-native-light/gnat/a-ngelfu.adb:105:35" }
node: { title: "ada__numerics__long_long_elementary_functions__arccot" label: "Arccot\n/home/henley/adacore/repos/adacore_jetson/rts-native-light/gnat/a-ngelfu.adb:115:4\n0 bytes (static)\n0 dynamic objects" }
node: { title: "ada__numerics__long_elementary_functions__arccot" label: "Arccot\n/home/henley/adacore/repos/adacore_jetson/rts-native-light/gnat/s-gcmain.ads:178:13" shape : ellipse }
edge: { sourcename: "ada__numerics__long_long_elementary_functions__arccot" targetname: "ada__numerics__long_elementary_functions__arccot" label: "/home/henley/adacore/repos/adacore_jetson/rts-native-light/gnat/a-ngelfu.adb:121:35" }
node: { title: "ada__numerics__long_long_elementary_functions__arccot__2" label: "Arccot\n/home/henley/adacore/repos/adacore_jetson/rts-native-light/gnat/a-ngelfu.adb:127:4\n0 bytes (static)\n0 dynamic objects" }
node: { title: "ada__numerics__long_elementary_functions__arccot__2" label: "Arccot\n/home/henley/adacore/repos/adacore_jetson/rts-native-light/gnat/s-gcmain.ads:185:13" shape : ellipse }
edge: { sourcename: "ada__numerics__long_long_elementary_functions__arccot__2" targetname: "ada__numerics__long_elementary_functions__arccot__2" label: "/home/henley/adacore/repos/adacore_jetson/rts-native-light/gnat/a-ngelfu.adb:134:35" }
node: { title: "ada__numerics__long_long_elementary_functions__arccoth" label: "Arccoth\n/home/henley/adacore/repos/adacore_jetson/rts-native-light/gnat/a-ngelfu.adb:142:4\n0 bytes (static)\n0 dynamic objects" }
node: { title: "ada__numerics__long_elementary_functions__arccoth" label: "Arccoth\n/home/henley/adacore/repos/adacore_jetson/rts-native-light/gnat/s-gcmain.ads:221:13" shape : ellipse }
edge: { sourcename: "ada__numerics__long_long_elementary_functions__arccoth" targetname: "ada__numerics__long_elementary_functions__arccoth" label: "/home/henley/adacore/repos/adacore_jetson/rts-native-light/gnat/a-ngelfu.adb:145:35" }
node: { title: "ada__numerics__long_long_elementary_functions__arcsin" label: "Arcsin\n/home/henley/adacore/repos/adacore_jetson/rts-native-light/gnat/a-ngelfu.adb:155:4\n0 bytes (static)\n0 dynamic objects" }
node: { title: "ada__numerics__long_elementary_functions__arcsin" label: "Arcsin\n/home/henley/adacore/repos/adacore_jetson/rts-native-light/gnat/s-gcmain.ads:145:13" shape : ellipse }
edge: { sourcename: "ada__numerics__long_long_elementary_functions__arcsin" targetname: "ada__numerics__long_elementary_functions__arcsin" label: "/home/henley/adacore/repos/adacore_jetson/rts-native-light/gnat/a-ngelfu.adb:157:35" }
node: { title: "ada__numerics__long_long_elementary_functions__arcsin__2" label: "Arcsin\n/home/henley/adacore/repos/adacore_jetson/rts-native-light/gnat/a-ngelfu.adb:163:4\n0 bytes (static)\n0 dynamic objects" }
node: { title: "ada__numerics__long_elementary_functions__arcsin__2" label: "Arcsin\n/home/henley/adacore/repos/adacore_jetson/rts-native-light/gnat/s-gcmain.ads:149:13" shape : ellipse }
edge: { sourcename: "ada__numerics__long_long_elementary_functions__arcsin__2" targetname: "ada__numerics__long_elementary_functions__arcsin__2" label: "/home/henley/adacore/repos/adacore_jetson/rts-native-light/gnat/a-ngelfu.adb:165:35" }
node: { title: "ada__numerics__long_long_elementary_functions__arcsinh" label: "Arcsinh\n/home/henley/adacore/repos/adacore_jetson/rts-native-light/gnat/a-ngelfu.adb:173:4\n0 bytes (static)\n0 dynamic objects" }
node: { title: "ada__numerics__long_elementary_functions__arcsinh" label: "Arcsinh\n/home/henley/adacore/repos/adacore_jetson/rts-native-light/gnat/s-gcmain.ads:209:13" shape : ellipse }
edge: { sourcename: "ada__numerics__long_long_elementary_functions__arcsinh" targetname: "ada__numerics__long_elementary_functions__arcsinh" label: "/home/henley/adacore/repos/adacore_jetson/rts-native-light/gnat/a-ngelfu.adb:175:35" }
node: { title: "ada__numerics__long_long_elementary_functions__arctan" label: "Arctan\n/home/henley/adacore/repos/adacore_jetson/rts-native-light/gnat/a-ngelfu.adb:185:4\n0 bytes (static)\n0 dynamic objects" }
node: { title: "ada__numerics__long_elementary_functions__arctan" label: "Arctan\n/home/henley/adacore/repos/adacore_jetson/rts-native-light/gnat/s-gcmain.ads:163:13" shape : ellipse }
edge: { sourcename: "ada__numerics__long_long_elementary_functions__arctan" targetname: "ada__numerics__long_elementary_functions__arctan" label: "/home/henley/adacore/repos/adacore_jetson/rts-native-light/gnat/a-ngelfu.adb:191:35" }
node: { title: "ada__numerics__long_long_elementary_functions__arctan__2" label: "Arctan\n/home/henley/adacore/repos/adacore_jetson/rts-native-light/gnat/a-ngelfu.adb:197:4\n0 bytes (static)\n0 dynamic objects" }
node: { title: "ada__numerics__long_elementary_functions__arctan__2" label: "Arctan\n/home/henley/adacore/repos/adacore_jetson/rts-native-light/gnat/s-gcmain.ads:170:13" shape : ellipse }
edge: { sourcename: "ada__numerics__long_long_elementary_functions__arctan__2" targetname: "ada__numerics__long_elementary_functions__arctan__2" label: "/home/henley/adacore/repos/adacore_jetson/rts-native-light/gnat/a-ngelfu.adb:204:35" }
node: { title: "ada__numerics__long_long_elementary_functions__arctanh" label: "Arctanh\n/home/henley/adacore/repos/adacore_jetson/rts-native-light/gnat/a-ngelfu.adb:212:4\n0 bytes (static)\n0 dynamic objects" }
node: { title: "ada__numerics__long_elementary_functions__arctanh" label: "Arctanh\n/home/henley/adacore/repos/adacore_jetson/rts-native-light/gnat/s-gcmain.ads:217:13" shape : ellipse }
edge: { sourcename: "ada__numerics__long_long_elementary_functions__arctanh" targetname: "ada__numerics__long_elementary_functions__arctanh" label: "/home/henley/adacore/repos/adacore_jetson/rts-native-light/gnat/a-ngelfu.adb:214:35" }
node: { title: "ada__numerics__long_long_elementary_functions__cos" label: "Cos\n/home/henley/adacore/repos/adacore_jetson/rts-native-light/gnat/a-ngelfu.adb:224:4\n0 bytes (static)\n0 dynamic objects" }
node: { title: "ada__numerics__long_elementary_functions__cos" label: "Cos\n/home/henley/adacore/repos/adacore_jetson/rts-native-light/gnat/s-gcmain.ads:121:13" shape : ellipse }
edge: { sourcename: "ada__numerics__long_long_elementary_functions__cos" targetname: "ada__numerics__long_elementary_functions__cos" label: "/home/henley/adacore/repos/adacore_jetson/rts-native-light/gnat/a-ngelfu.adb:226:35" }
node: { title: "ada__numerics__long_long_elementary_functions__cos__2" label: "Cos\n/home/henley/adacore/repos/adacore_jetson/rts-native-light/gnat/a-ngelfu.adb:232:4\n0 bytes (static)\n0 dynamic objects" }
node: { title: "ada__numerics__long_elementary_functions__cos__2" label: "Cos\n/home/henley/adacore/repos/adacore_jetson/rts-native-light/gnat/s-gcmain.ads:125:13" shape : ellipse }
edge: { sourcename: "ada__numerics__long_long_elementary_functions__cos__2" targetname: "ada__numerics__long_elementary_functions__cos__2" label: "/home/henley/adacore/repos/adacore_jetson/rts-native-light/gnat/a-ngelfu.adb:234:35" }
node: { title: "ada__numerics__long_long_elementary_functions__cosh" label: "Cosh\n/home/henley/adacore/repos/adacore_jetson/rts-native-light/gnat/a-ngelfu.adb:242:4\n0 bytes (static)\n0 dynamic objects" }
node: { title: "ada__numerics__long_elementary_functions__cosh" label: "Cosh\n/home/henley/adacore/repos/adacore_jetson/rts-native-light/gnat/s-gcmain.ads:197:13" shape : ellipse }
edge: { sourcename: "ada__numerics__long_long_elementary_functions__cosh" targetname: "ada__numerics__long_elementary_functions__cosh" label: "/home/henley/adacore/repos/adacore_jetson/rts-native-light/gnat/a-ngelfu.adb:244:35" }
node: { title: "ada__numerics__long_long_elementary_functions__cot" label: "Cot\n/home/henley/adacore/repos/adacore_jetson/rts-native-light/gnat/a-ngelfu.adb:254:4\n0 bytes (static)\n0 dynamic objects" }
node: { title: "ada__numerics__long_elementary_functions__cot" label: "Cot\n/home/henley/adacore/repos/adacore_jetson/rts-native-light/gnat/s-gcmain.ads:137:13" shape : ellipse }
edge: { sourcename: "ada__numerics__long_long_elementary_functions__cot" targetname: "ada__numerics__long_elementary_functions__cot" label: "/home/henley/adacore/repos/adacore_jetson/rts-native-light/gnat/a-ngelfu.adb:256:35" }
node: { title: "ada__numerics__long_long_elementary_functions__cot__2" label: "Cot\n/home/henley/adacore/repos/adacore_jetson/rts-native-light/gnat/a-ngelfu.adb:262:4\n0 bytes (static)\n0 dynamic objects" }
node: { title: "ada__numerics__long_elementary_functions__cot__2" label: "Cot\n/home/henley/adacore/repos/adacore_jetson/rts-native-light/gnat/s-gcmain.ads:141:13" shape : ellipse }
edge: { sourcename: "ada__numerics__long_long_elementary_functions__cot__2" targetname: "ada__numerics__long_elementary_functions__cot__2" label: "/home/henley/adacore/repos/adacore_jetson/rts-native-light/gnat/a-ngelfu.adb:264:35" }
node: { title: "ada__numerics__long_long_elementary_functions__coth" label: "Coth\n/home/henley/adacore/repos/adacore_jetson/rts-native-light/gnat/a-ngelfu.adb:272:4\n0 bytes (static)\n0 dynamic objects" }
node: { title: "ada__numerics__long_elementary_functions__coth" label: "Coth\n/home/henley/adacore/repos/adacore_jetson/rts-native-light/gnat/s-gcmain.ads:205:13" shape : ellipse }
edge: { sourcename: "ada__numerics__long_long_elementary_functions__coth" targetname: "ada__numerics__long_elementary_functions__coth" label: "/home/henley/adacore/repos/adacore_jetson/rts-native-light/gnat/a-ngelfu.adb:274:35" }
node: { title: "ada__numerics__long_long_elementary_functions__exp" label: "Exp\n/home/henley/adacore/repos/adacore_jetson/rts-native-light/gnat/a-ngelfu.adb:282:4\n0 bytes (static)\n0 dynamic objects" }
node: { title: "ada__numerics__long_elementary_functions__exp" label: "Exp\n/home/henley/adacore/repos/adacore_jetson/rts-native-light/gnat/s-gcmain.ads:105:13" shape : ellipse }
edge: { sourcename: "ada__numerics__long_long_elementary_functions__exp" targetname: "ada__numerics__long_elementary_functions__exp" label: "/home/henley/adacore/repos/adacore_jetson/rts-native-light/gnat/a-ngelfu.adb:284:35" }
node: { title: "ada__numerics__long_long_elementary_functions__log" label: "Log\n/home/henley/adacore/repos/adacore_jetson/rts-native-light/gnat/a-ngelfu.adb:294:4\n0 bytes (static)\n0 dynamic objects" }
node: { title: "ada__numerics__long_elementary_functions__log" label: "Log\n/home/henley/adacore/repos/adacore_jetson/rts-native-light/gnat/s-gcmain.ads:97:13" shape : ellipse }
edge: { sourcename: "ada__numerics__long_long_elementary_functions__log" targetname: "ada__numerics__long_elementary_functions__log" label: "/home/henley/adacore/repos/adacore_jetson/rts-native-light/gnat/a-ngelfu.adb:296:35" }
node: { title: "ada__numerics__long_long_elementary_functions__log__2" label: "Log\n/home/henley/adacore/repos/adacore_jetson/rts-native-light/gnat/a-ngelfu.adb:302:4\n0 bytes (static)\n0 dynamic objects" }
node: { title: "ada__numerics__long_elementary_functions__log__2" label: "Log\n/home/henley/adacore/repos/adacore_jetson/rts-native-light/gnat/s-gcmain.ads:101:13" shape : ellipse }
edge: { sourcename: "ada__numerics__long_long_elementary_functions__log__2" targetname: "ada__numerics__long_elementary_functions__log__2" label: "/home/henley/adacore/repos/adacore_jetson/rts-native-light/gnat/a-ngelfu.adb:304:35" }
node: { title: "ada__numerics__long_long_elementary_functions__sin" label: "Sin\n/home/henley/adacore/repos/adacore_jetson/rts-native-light/gnat/a-ngelfu.adb:314:4\n0 bytes (static)\n0 dynamic objects" }
node: { title: "ada__numerics__long_elementary_functions__sin" label: "Sin\n/home/henley/adacore/repos/adacore_jetson/rts-native-light/gnat/s-gcmain.ads:113:13" shape : ellipse }
edge: { sourcename: "ada__numerics__long_long_elementary_functions__sin" targetname: "ada__numerics__long_elementary_functions__sin" label: "/home/henley/adacore/repos/adacore_jetson/rts-native-light/gnat/a-ngelfu.adb:316:35" }
node: { title: "ada__numerics__long_long_elementary_functions__sin__2" label: "Sin\n/home/henley/adacore/repos/adacore_jetson/rts-native-light/gnat/a-ngelfu.adb:322:4\n0 bytes (static)\n0 dynamic objects" }
node: { title: "ada__numerics__long_elementary_functions__sin__2" label: "Sin\n/home/henley/adacore/repos/adacore_jetson/rts-native-light/gnat/s-gcmain.ads:117:13" shape : ellipse }
edge: { sourcename: "ada__numerics__long_long_elementary_functions__sin__2" targetname: "ada__numerics__long_elementary_functions__sin__2" label: "/home/henley/adacore/repos/adacore_jetson/rts-native-light/gnat/a-ngelfu.adb:324:35" }
node: { title: "ada__numerics__long_long_elementary_functions__sinh" label: "Sinh\n/home/henley/adacore/repos/adacore_jetson/rts-native-light/gnat/a-ngelfu.adb:332:4\n0 bytes (static)\n0 dynamic objects" }
node: { title: "ada__numerics__long_elementary_functions__sinh" label: "Sinh\n/home/henley/adacore/repos/adacore_jetson/rts-native-light/gnat/s-gcmain.ads:193:13" shape : ellipse }
edge: { sourcename: "ada__numerics__long_long_elementary_functions__sinh" targetname: "ada__numerics__long_elementary_functions__sinh" label: "/home/henley/adacore/repos/adacore_jetson/rts-native-light/gnat/a-ngelfu.adb:334:35" }
node: { title: "ada__numerics__long_long_elementary_functions__sqrt" label: "Sqrt\n/home/henley/adacore/repos/adacore_jetson/rts-native-light/gnat/a-ngelfu.adb:342:4\n0 bytes (static)\n0 dynamic objects" }
node: { title: "ada__numerics__long_elementary_functions__sqrt" label: "Sqrt\n/home/henley/adacore/repos/adacore_jetson/rts-native-light/gnat/s-gcmain.ads:93:13" shape : ellipse }
edge: { sourcename: "ada__numerics__long_long_elementary_functions__sqrt" targetname: "ada__numerics__long_elementary_functions__sqrt" label: "/home/henley/adacore/repos/adacore_jetson/rts-native-light/gnat/a-ngelfu.adb:344:35" }
node: { title: "ada__numerics__long_long_elementary_functions__tan" label: "Tan\n/home/henley/adacore/repos/adacore_jetson/rts-native-light/gnat/a-ngelfu.adb:354:4\n0 bytes (static)\n0 dynamic objects" }
node: { title: "ada__numerics__long_elementary_functions__tan" label: "Tan\n/home/henley/adacore/repos/adacore_jetson/rts-native-light/gnat/s-gcmain.ads:129:13" shape : ellipse }
edge: { sourcename: "ada__numerics__long_long_elementary_functions__tan" targetname: "ada__numerics__long_elementary_functions__tan" label: "/home/henley/adacore/repos/adacore_jetson/rts-native-light/gnat/a-ngelfu.adb:356:35" }
node: { title: "ada__numerics__long_long_elementary_functions__tan__2" label: "Tan\n/home/henley/adacore/repos/adacore_jetson/rts-native-light/gnat/a-ngelfu.adb:362:4\n0 bytes (static)\n0 dynamic objects" }
node: { title: "ada__numerics__long_elementary_functions__tan__2" label: "Tan\n/home/henley/adacore/repos/adacore_jetson/rts-native-light/gnat/s-gcmain.ads:133:13" shape : ellipse }
edge: { sourcename: "ada__numerics__long_long_elementary_functions__tan__2" targetname: "ada__numerics__long_elementary_functions__tan__2" label: "/home/henley/adacore/repos/adacore_jetson/rts-native-light/gnat/a-ngelfu.adb:364:35" }
node: { title: "ada__numerics__long_long_elementary_functions__tanh" label: "Tanh\n/home/henley/adacore/repos/adacore_jetson/rts-native-light/gnat/a-ngelfu.adb:372:4\n0 bytes (static)\n0 dynamic objects" }
node: { title: "ada__numerics__long_elementary_functions__tanh" label: "Tanh\n/home/henley/adacore/repos/adacore_jetson/rts-native-light/gnat/s-gcmain.ads:201:13" shape : ellipse }
edge: { sourcename: "ada__numerics__long_long_elementary_functions__tanh" targetname: "ada__numerics__long_elementary_functions__tanh" label: "/home/henley/adacore/repos/adacore_jetson/rts-native-light/gnat/a-ngelfu.adb:374:35" }
}
