graph: { title: "/home/henley/adacore/repos/adacore_jetson/rts-native-light/gnat/a-strsup.adb"
node: { title: "ada__strings__superbounded__super_stringIP" label: "super_stringIP\n<built-in>\n0 bytes (static)\n0 dynamic objects" }
node: { title: "ada__strings__superbounded__super_stringPredicate" label: "super_stringPredicate\n<built-in>\n0 bytes (static)\n0 dynamic objects" }
node: { title: "ada__strings__superbounded__super_length" label: "Super_Length\n/home/henley/adacore/repos/adacore_jetson/rts-native-light/gnat/a-strsup.ads:78:4\n0 bytes (static)\n0 dynamic objects" }
node: { title: "ada__strings__superbounded__super_to_string" label: "Super_To_String\n/home/henley/adacore/repos/adacore_jetson/rts-native-light/gnat/a-strsup.ads:114:4\n48 bytes (static)\n0 dynamic objects" }
node: { title: "system__secondary_stack__ss_allocate" label: "Ss_Allocate\n/home/henley/adacore/repos/adacore_jetson/rts-native-light/gnat/s-secsta.ads:58:14" shape : ellipse }
edge: { sourcename: "ada__strings__superbounded__super_to_string" targetname: "system__secondary_stack__ss_allocate" label: "/home/henley/adacore/repos/adacore_jetson/rts-native-light/gnat/a-strsup.ads:115:8" }
node: { title: "memcpy" label: "builtin_memcpy\n<built-in>" shape : ellipse }
edge: { sourcename: "ada__strings__superbounded__super_to_string" targetname: "memcpy" }
node: { title: "ada__strings__superbounded__super_element" label: "Super_Element\n/home/henley/adacore/repos/adacore_jetson/rts-native-light/gnat/a-strsup.ads:618:4\n16 bytes (static)\n0 dynamic objects" }
node: { title: "ada__exceptions__call_last_chance_handler_with_message" label: "Call_Last_Chance_Handler_With_Message\n/home/henley/adacore/repos/adacore_jetson/rts-native-light/gnat/a-except.adb:40:14" shape : ellipse }
edge: { sourcename: "ada__strings__superbounded__super_element" targetname: "ada__exceptions__call_last_chance_handler_with_message" label: "/home/henley/adacore/repos/adacore_jetson/rts-native-light/gnat/a-strsup.ads:623:13" }
node: { title: "ada__strings__superbounded__super_slice" label: "Super_Slice\n/home/henley/adacore/repos/adacore_jetson/rts-native-light/gnat/a-strsup.ads:640:4\n48 bytes (static)\n0 dynamic objects" }
edge: { sourcename: "ada__strings__superbounded__super_slice" targetname: "ada__exceptions__call_last_chance_handler_with_message" label: "/home/henley/adacore/repos/adacore_jetson/rts-native-light/gnat/a-strsup.ads:648:13" }
edge: { sourcename: "ada__strings__superbounded__super_slice" targetname: "system__secondary_stack__ss_allocate" label: "/home/henley/adacore/repos/adacore_jetson/rts-native-light/gnat/a-strsup.ads:640:4" }
edge: { sourcename: "ada__strings__superbounded__super_slice" targetname: "memcpy" }
node: { title: "ada__strings__superbounded__F3b" label: "F3b\n<built-in>\n64 bytes (static)\n0 dynamic objects" }
edge: { sourcename: "ada__strings__superbounded__F3b" targetname: "ada__exceptions__call_last_chance_handler_with_message" }
node: { title: "memmove" label: "builtin_memmove\n<built-in>" shape : ellipse }
edge: { sourcename: "ada__strings__superbounded__F3b" targetname: "memmove" label: "/home/henley/adacore/repos/adacore_jetson/rts-native-light/gnat/a-strsup.adb:63:37" }
edge: { sourcename: "ada__strings__superbounded__F3b" targetname: "memmove" label: "/home/henley/adacore/repos/adacore_jetson/rts-native-light/gnat/a-strsup.adb:66:47" }
node: { title: "ada__strings__superbounded__concat" label: "Concat\n/home/henley/adacore/repos/adacore_jetson/rts-native-light/gnat/a-strsup.adb:48:4\n64 bytes (static)\n0 dynamic objects" }
edge: { sourcename: "ada__strings__superbounded__concat" targetname: "system__secondary_stack__ss_allocate" label: "/home/henley/adacore/repos/adacore_jetson/rts-native-light/gnat/a-strsup.adb:48:4" }
edge: { sourcename: "ada__strings__superbounded__concat" targetname: "ada__exceptions__call_last_chance_handler_with_message" label: "/home/henley/adacore/repos/adacore_jetson/rts-native-light/gnat/a-strsup.adb:48:4" }
edge: { sourcename: "ada__strings__superbounded__concat" targetname: "memmove" label: "/home/henley/adacore/repos/adacore_jetson/rts-native-light/gnat/a-strsup.adb:48:4" }
edge: { sourcename: "ada__strings__superbounded__concat" targetname: "memmove" label: "/home/henley/adacore/repos/adacore_jetson/rts-native-light/gnat/a-strsup.adb:48:4" }
node: { title: "ada__strings__superbounded__F35b" label: "F35b\n<built-in>\n64 bytes (static)\n0 dynamic objects" }
edge: { sourcename: "ada__strings__superbounded__F35b" targetname: "ada__exceptions__call_last_chance_handler_with_message" }
edge: { sourcename: "ada__strings__superbounded__F35b" targetname: "memmove" label: "/home/henley/adacore/repos/adacore_jetson/rts-native-light/gnat/a-strsup.adb:88:37" }
edge: { sourcename: "ada__strings__superbounded__F35b" targetname: "memmove" label: "/home/henley/adacore/repos/adacore_jetson/rts-native-light/gnat/a-strsup.adb:91:47" }
node: { title: "ada__strings__superbounded__concat__2" label: "Concat\n/home/henley/adacore/repos/adacore_jetson/rts-native-light/gnat/a-strsup.adb:74:4\n80 bytes (static)\n0 dynamic objects" }
edge: { sourcename: "ada__strings__superbounded__concat__2" targetname: "system__secondary_stack__ss_allocate" label: "/home/henley/adacore/repos/adacore_jetson/rts-native-light/gnat/a-strsup.adb:74:4" }
edge: { sourcename: "ada__strings__superbounded__concat__2" targetname: "ada__exceptions__call_last_chance_handler_with_message" label: "/home/henley/adacore/repos/adacore_jetson/rts-native-light/gnat/a-strsup.adb:74:4" }
edge: { sourcename: "ada__strings__superbounded__concat__2" targetname: "memmove" label: "/home/henley/adacore/repos/adacore_jetson/rts-native-light/gnat/a-strsup.adb:74:4" }
edge: { sourcename: "ada__strings__superbounded__concat__2" targetname: "memmove" label: "/home/henley/adacore/repos/adacore_jetson/rts-native-light/gnat/a-strsup.adb:74:4" }
node: { title: "ada__strings__superbounded__F62b" label: "F62b\n<built-in>\n64 bytes (static)\n0 dynamic objects" }
edge: { sourcename: "ada__strings__superbounded__F62b" targetname: "ada__exceptions__call_last_chance_handler_with_message" }
edge: { sourcename: "ada__strings__superbounded__F62b" targetname: "memmove" label: "/home/henley/adacore/repos/adacore_jetson/rts-native-light/gnat/a-strsup.adb:115:37" }
edge: { sourcename: "ada__strings__superbounded__F62b" targetname: "memmove" label: "/home/henley/adacore/repos/adacore_jetson/rts-native-light/gnat/a-strsup.adb:118:47" }
node: { title: "ada__strings__superbounded__concat__3" label: "Concat\n/home/henley/adacore/repos/adacore_jetson/rts-native-light/gnat/a-strsup.adb:99:4\n80 bytes (static)\n0 dynamic objects" }
edge: { sourcename: "ada__strings__superbounded__concat__3" targetname: "system__secondary_stack__ss_allocate" label: "/home/henley/adacore/repos/adacore_jetson/rts-native-light/gnat/a-strsup.adb:99:4" }
edge: { sourcename: "ada__strings__superbounded__concat__3" targetname: "ada__exceptions__call_last_chance_handler_with_message" label: "/home/henley/adacore/repos/adacore_jetson/rts-native-light/gnat/a-strsup.adb:99:4" }
edge: { sourcename: "ada__strings__superbounded__concat__3" targetname: "memmove" label: "/home/henley/adacore/repos/adacore_jetson/rts-native-light/gnat/a-strsup.adb:99:4" }
edge: { sourcename: "ada__strings__superbounded__concat__3" targetname: "memmove" label: "/home/henley/adacore/repos/adacore_jetson/rts-native-light/gnat/a-strsup.adb:99:4" }
node: { title: "ada__strings__superbounded__F89b" label: "F89b\n<built-in>\n48 bytes (static)\n0 dynamic objects" }
edge: { sourcename: "ada__strings__superbounded__F89b" targetname: "ada__exceptions__call_last_chance_handler_with_message" }
edge: { sourcename: "ada__strings__superbounded__F89b" targetname: "memmove" label: "/home/henley/adacore/repos/adacore_jetson/rts-native-light/gnat/a-strsup.adb:139:37" }
node: { title: "ada__strings__superbounded__concat__4" label: "Concat\n/home/henley/adacore/repos/adacore_jetson/rts-native-light/gnat/a-strsup.adb:126:4\n48 bytes (static)\n0 dynamic objects" }
edge: { sourcename: "ada__strings__superbounded__concat__4" targetname: "system__secondary_stack__ss_allocate" label: "/home/henley/adacore/repos/adacore_jetson/rts-native-light/gnat/a-strsup.adb:126:4" }
edge: { sourcename: "ada__strings__superbounded__concat__4" targetname: "ada__exceptions__call_last_chance_handler_with_message" label: "/home/henley/adacore/repos/adacore_jetson/rts-native-light/gnat/a-strsup.adb:126:4" }
edge: { sourcename: "ada__strings__superbounded__concat__4" targetname: "memmove" label: "/home/henley/adacore/repos/adacore_jetson/rts-native-light/gnat/a-strsup.adb:126:4" }
node: { title: "ada__strings__superbounded__F110b" label: "F110b\n<built-in>\n32 bytes (static)\n0 dynamic objects" }
edge: { sourcename: "ada__strings__superbounded__F110b" targetname: "ada__exceptions__call_last_chance_handler_with_message" }
edge: { sourcename: "ada__strings__superbounded__F110b" targetname: "memmove" label: "/home/henley/adacore/repos/adacore_jetson/rts-native-light/gnat/a-strsup.adb:160:41" }
node: { title: "ada__strings__superbounded__concat__5" label: "Concat\n/home/henley/adacore/repos/adacore_jetson/rts-native-light/gnat/a-strsup.adb:146:4\n48 bytes (static)\n0 dynamic objects" }
edge: { sourcename: "ada__strings__superbounded__concat__5" targetname: "system__secondary_stack__ss_allocate" label: "/home/henley/adacore/repos/adacore_jetson/rts-native-light/gnat/a-strsup.adb:146:4" }
edge: { sourcename: "ada__strings__superbounded__concat__5" targetname: "ada__exceptions__call_last_chance_handler_with_message" label: "/home/henley/adacore/repos/adacore_jetson/rts-native-light/gnat/a-strsup.adb:146:4" }
edge: { sourcename: "ada__strings__superbounded__concat__5" targetname: "memmove" label: "/home/henley/adacore/repos/adacore_jetson/rts-native-light/gnat/a-strsup.adb:146:4" }
node: { title: "ada__strings__superbounded__Oeq" label: "=\n/home/henley/adacore/repos/adacore_jetson/rts-native-light/gnat/a-strsup.adb:170:4\n80 bytes (static)\n0 dynamic objects" }
node: { title: "system__secondary_stack__ss_mark" label: "Ss_Mark\n/home/henley/adacore/repos/adacore_jetson/rts-native-light/gnat/s-secsta.ads:67:13" shape : ellipse }
edge: { sourcename: "ada__strings__superbounded__Oeq" targetname: "system__secondary_stack__ss_mark" label: "/home/henley/adacore/repos/adacore_jetson/rts-native-light/gnat/a-strsup.adb:175:7" }
edge: { sourcename: "ada__strings__superbounded__Oeq" targetname: "system__secondary_stack__ss_allocate" label: "/home/henley/adacore/repos/adacore_jetson/rts-native-light/gnat/a-strsup.ads:115:8" }
edge: { sourcename: "ada__strings__superbounded__Oeq" targetname: "memcpy" }
edge: { sourcename: "ada__strings__superbounded__Oeq" targetname: "system__secondary_stack__ss_allocate" label: "/home/henley/adacore/repos/adacore_jetson/rts-native-light/gnat/a-strsup.ads:115:8" }
edge: { sourcename: "ada__strings__superbounded__Oeq" targetname: "memcpy" }
node: { title: "memcmp" label: "builtin_memcmp\n<built-in>" shape : ellipse }
edge: { sourcename: "ada__strings__superbounded__Oeq" targetname: "memcmp" label: "/home/henley/adacore/repos/adacore_jetson/rts-native-light/gnat/a-strsup.adb:175:37" }
node: { title: "system__secondary_stack__ss_release" label: "Ss_Release\n/home/henley/adacore/repos/adacore_jetson/rts-native-light/gnat/s-secsta.ads:70:14" shape : ellipse }
edge: { sourcename: "ada__strings__superbounded__Oeq" targetname: "system__secondary_stack__ss_release" label: "/home/henley/adacore/repos/adacore_jetson/rts-native-light/gnat/a-strsup.adb:175:0" }
node: { title: "ada__strings__superbounded__equal__2" label: "Equal\n/home/henley/adacore/repos/adacore_jetson/rts-native-light/gnat/a-strsup.adb:178:4\n80 bytes (static)\n0 dynamic objects" }
edge: { sourcename: "ada__strings__superbounded__equal__2" targetname: "system__secondary_stack__ss_mark" label: "/home/henley/adacore/repos/adacore_jetson/rts-native-light/gnat/a-strsup.adb:183:7" }
edge: { sourcename: "ada__strings__superbounded__equal__2" targetname: "system__secondary_stack__ss_allocate" label: "/home/henley/adacore/repos/adacore_jetson/rts-native-light/gnat/a-strsup.ads:115:8" }
edge: { sourcename: "ada__strings__superbounded__equal__2" targetname: "memcpy" }
edge: { sourcename: "ada__strings__superbounded__equal__2" targetname: "memcmp" label: "/home/henley/adacore/repos/adacore_jetson/rts-native-light/gnat/a-strsup.adb:183:37" }
edge: { sourcename: "ada__strings__superbounded__equal__2" targetname: "system__secondary_stack__ss_release" label: "/home/henley/adacore/repos/adacore_jetson/rts-native-light/gnat/a-strsup.adb:183:0" }
node: { title: "ada__strings__superbounded__equal__3" label: "Equal\n/home/henley/adacore/repos/adacore_jetson/rts-native-light/gnat/a-strsup.adb:186:4\n80 bytes (static)\n0 dynamic objects" }
edge: { sourcename: "ada__strings__superbounded__equal__3" targetname: "system__secondary_stack__ss_mark" label: "/home/henley/adacore/repos/adacore_jetson/rts-native-light/gnat/a-strsup.adb:191:7" }
edge: { sourcename: "ada__strings__superbounded__equal__3" targetname: "system__secondary_stack__ss_allocate" label: "/home/henley/adacore/repos/adacore_jetson/rts-native-light/gnat/a-strsup.ads:115:8" }
edge: { sourcename: "ada__strings__superbounded__equal__3" targetname: "memcpy" }
edge: { sourcename: "ada__strings__superbounded__equal__3" targetname: "memcmp" label: "/home/henley/adacore/repos/adacore_jetson/rts-native-light/gnat/a-strsup.adb:191:19" }
edge: { sourcename: "ada__strings__superbounded__equal__3" targetname: "system__secondary_stack__ss_release" label: "/home/henley/adacore/repos/adacore_jetson/rts-native-light/gnat/a-strsup.adb:191:0" }
node: { title: "ada__strings__superbounded__greater" label: "Greater\n/home/henley/adacore/repos/adacore_jetson/rts-native-light/gnat/a-strsup.adb:198:4\n64 bytes (static)\n0 dynamic objects" }
edge: { sourcename: "ada__strings__superbounded__greater" targetname: "system__secondary_stack__ss_mark" label: "/home/henley/adacore/repos/adacore_jetson/rts-native-light/gnat/a-strsup.adb:203:7" }
edge: { sourcename: "ada__strings__superbounded__greater" targetname: "system__secondary_stack__ss_allocate" label: "/home/henley/adacore/repos/adacore_jetson/rts-native-light/gnat/a-strsup.ads:115:8" }
edge: { sourcename: "ada__strings__superbounded__greater" targetname: "memcpy" }
edge: { sourcename: "ada__strings__superbounded__greater" targetname: "system__secondary_stack__ss_allocate" label: "/home/henley/adacore/repos/adacore_jetson/rts-native-light/gnat/a-strsup.ads:115:8" }
edge: { sourcename: "ada__strings__superbounded__greater" targetname: "memcpy" }
node: { title: "system__compare_array_unsigned_8__compare_array_u8" label: "Compare_Array_U8\n/home/henley/adacore/repos/adacore_jetson/rts-native-light/gnat/s-carun8.ads:43:13" shape : ellipse }
edge: { sourcename: "ada__strings__superbounded__greater" targetname: "system__compare_array_unsigned_8__compare_array_u8" label: "/home/henley/adacore/repos/adacore_jetson/rts-native-light/gnat/a-strsup.adb:203:14" }
edge: { sourcename: "ada__strings__superbounded__greater" targetname: "system__secondary_stack__ss_release" label: "/home/henley/adacore/repos/adacore_jetson/rts-native-light/gnat/a-strsup.adb:203:0" }
node: { title: "ada__strings__superbounded__greater__2" label: "Greater\n/home/henley/adacore/repos/adacore_jetson/rts-native-light/gnat/a-strsup.adb:206:4\n64 bytes (static)\n0 dynamic objects" }
edge: { sourcename: "ada__strings__superbounded__greater__2" targetname: "system__secondary_stack__ss_mark" label: "/home/henley/adacore/repos/adacore_jetson/rts-native-light/gnat/a-strsup.adb:211:7" }
edge: { sourcename: "ada__strings__superbounded__greater__2" targetname: "system__secondary_stack__ss_allocate" label: "/home/henley/adacore/repos/adacore_jetson/rts-native-light/gnat/a-strsup.ads:115:8" }
edge: { sourcename: "ada__strings__superbounded__greater__2" targetname: "memcpy" }
edge: { sourcename: "ada__strings__superbounded__greater__2" targetname: "system__compare_array_unsigned_8__compare_array_u8" label: "/home/henley/adacore/repos/adacore_jetson/rts-native-light/gnat/a-strsup.adb:211:14" }
edge: { sourcename: "ada__strings__superbounded__greater__2" targetname: "system__secondary_stack__ss_release" label: "/home/henley/adacore/repos/adacore_jetson/rts-native-light/gnat/a-strsup.adb:211:0" }
node: { title: "ada__strings__superbounded__greater__3" label: "Greater\n/home/henley/adacore/repos/adacore_jetson/rts-native-light/gnat/a-strsup.adb:214:4\n64 bytes (static)\n0 dynamic objects" }
edge: { sourcename: "ada__strings__superbounded__greater__3" targetname: "system__secondary_stack__ss_mark" label: "/home/henley/adacore/repos/adacore_jetson/rts-native-light/gnat/a-strsup.adb:219:7" }
edge: { sourcename: "ada__strings__superbounded__greater__3" targetname: "system__secondary_stack__ss_allocate" label: "/home/henley/adacore/repos/adacore_jetson/rts-native-light/gnat/a-strsup.ads:115:8" }
edge: { sourcename: "ada__strings__superbounded__greater__3" targetname: "memcpy" }
edge: { sourcename: "ada__strings__superbounded__greater__3" targetname: "system__compare_array_unsigned_8__compare_array_u8" label: "/home/henley/adacore/repos/adacore_jetson/rts-native-light/gnat/a-strsup.adb:219:14" }
edge: { sourcename: "ada__strings__superbounded__greater__3" targetname: "system__secondary_stack__ss_release" label: "/home/henley/adacore/repos/adacore_jetson/rts-native-light/gnat/a-strsup.adb:219:0" }
node: { title: "ada__strings__superbounded__greater_or_equal" label: "Greater_Or_Equal\n/home/henley/adacore/repos/adacore_jetson/rts-native-light/gnat/a-strsup.adb:226:4\n64 bytes (static)\n0 dynamic objects" }
edge: { sourcename: "ada__strings__superbounded__greater_or_equal" targetname: "system__secondary_stack__ss_mark" label: "/home/henley/adacore/repos/adacore_jetson/rts-native-light/gnat/a-strsup.adb:231:7" }
edge: { sourcename: "ada__strings__superbounded__greater_or_equal" targetname: "system__secondary_stack__ss_allocate" label: "/home/henley/adacore/repos/adacore_jetson/rts-native-light/gnat/a-strsup.ads:115:8" }
edge: { sourcename: "ada__strings__superbounded__greater_or_equal" targetname: "memcpy" }
edge: { sourcename: "ada__strings__superbounded__greater_or_equal" targetname: "system__secondary_stack__ss_allocate" label: "/home/henley/adacore/repos/adacore_jetson/rts-native-light/gnat/a-strsup.ads:115:8" }
edge: { sourcename: "ada__strings__superbounded__greater_or_equal" targetname: "memcpy" }
edge: { sourcename: "ada__strings__superbounded__greater_or_equal" targetname: "system__compare_array_unsigned_8__compare_array_u8" label: "/home/henley/adacore/repos/adacore_jetson/rts-native-light/gnat/a-strsup.adb:231:14" }
edge: { sourcename: "ada__strings__superbounded__greater_or_equal" targetname: "system__secondary_stack__ss_release" label: "/home/henley/adacore/repos/adacore_jetson/rts-native-light/gnat/a-strsup.adb:231:0" }
node: { title: "ada__strings__superbounded__greater_or_equal__2" label: "Greater_Or_Equal\n/home/henley/adacore/repos/adacore_jetson/rts-native-light/gnat/a-strsup.adb:234:4\n64 bytes (static)\n0 dynamic objects" }
edge: { sourcename: "ada__strings__superbounded__greater_or_equal__2" targetname: "system__secondary_stack__ss_mark" label: "/home/henley/adacore/repos/adacore_jetson/rts-native-light/gnat/a-strsup.adb:239:7" }
edge: { sourcename: "ada__strings__superbounded__greater_or_equal__2" targetname: "system__secondary_stack__ss_allocate" label: "/home/henley/adacore/repos/adacore_jetson/rts-native-light/gnat/a-strsup.ads:115:8" }
edge: { sourcename: "ada__strings__superbounded__greater_or_equal__2" targetname: "memcpy" }
edge: { sourcename: "ada__strings__superbounded__greater_or_equal__2" targetname: "system__compare_array_unsigned_8__compare_array_u8" label: "/home/henley/adacore/repos/adacore_jetson/rts-native-light/gnat/a-strsup.adb:239:14" }
edge: { sourcename: "ada__strings__superbounded__greater_or_equal__2" targetname: "system__secondary_stack__ss_release" label: "/home/henley/adacore/repos/adacore_jetson/rts-native-light/gnat/a-strsup.adb:239:0" }
node: { title: "ada__strings__superbounded__greater_or_equal__3" label: "Greater_Or_Equal\n/home/henley/adacore/repos/adacore_jetson/rts-native-light/gnat/a-strsup.adb:242:4\n64 bytes (static)\n0 dynamic objects" }
edge: { sourcename: "ada__strings__superbounded__greater_or_equal__3" targetname: "system__secondary_stack__ss_mark" label: "/home/henley/adacore/repos/adacore_jetson/rts-native-light/gnat/a-strsup.adb:247:7" }
edge: { sourcename: "ada__strings__superbounded__greater_or_equal__3" targetname: "system__secondary_stack__ss_allocate" label: "/home/henley/adacore/repos/adacore_jetson/rts-native-light/gnat/a-strsup.ads:115:8" }
edge: { sourcename: "ada__strings__superbounded__greater_or_equal__3" targetname: "memcpy" }
edge: { sourcename: "ada__strings__superbounded__greater_or_equal__3" targetname: "system__compare_array_unsigned_8__compare_array_u8" label: "/home/henley/adacore/repos/adacore_jetson/rts-native-light/gnat/a-strsup.adb:247:14" }
edge: { sourcename: "ada__strings__superbounded__greater_or_equal__3" targetname: "system__secondary_stack__ss_release" label: "/home/henley/adacore/repos/adacore_jetson/rts-native-light/gnat/a-strsup.adb:247:0" }
node: { title: "ada__strings__superbounded__less" label: "Less\n/home/henley/adacore/repos/adacore_jetson/rts-native-light/gnat/a-strsup.adb:254:4\n64 bytes (static)\n0 dynamic objects" }
edge: { sourcename: "ada__strings__superbounded__less" targetname: "system__secondary_stack__ss_mark" label: "/home/henley/adacore/repos/adacore_jetson/rts-native-light/gnat/a-strsup.adb:259:7" }
edge: { sourcename: "ada__strings__superbounded__less" targetname: "system__secondary_stack__ss_allocate" label: "/home/henley/adacore/repos/adacore_jetson/rts-native-light/gnat/a-strsup.ads:115:8" }
edge: { sourcename: "ada__strings__superbounded__less" targetname: "memcpy" }
edge: { sourcename: "ada__strings__superbounded__less" targetname: "system__secondary_stack__ss_allocate" label: "/home/henley/adacore/repos/adacore_jetson/rts-native-light/gnat/a-strsup.ads:115:8" }
edge: { sourcename: "ada__strings__superbounded__less" targetname: "memcpy" }
edge: { sourcename: "ada__strings__superbounded__less" targetname: "system__compare_array_unsigned_8__compare_array_u8" label: "/home/henley/adacore/repos/adacore_jetson/rts-native-light/gnat/a-strsup.adb:259:14" }
edge: { sourcename: "ada__strings__superbounded__less" targetname: "system__secondary_stack__ss_release" label: "/home/henley/adacore/repos/adacore_jetson/rts-native-light/gnat/a-strsup.adb:259:0" }
node: { title: "ada__strings__superbounded__less__2" label: "Less\n/home/henley/adacore/repos/adacore_jetson/rts-native-light/gnat/a-strsup.adb:262:4\n64 bytes (static)\n0 dynamic objects" }
edge: { sourcename: "ada__strings__superbounded__less__2" targetname: "system__secondary_stack__ss_mark" label: "/home/henley/adacore/repos/adacore_jetson/rts-native-light/gnat/a-strsup.adb:267:7" }
edge: { sourcename: "ada__strings__superbounded__less__2" targetname: "system__secondary_stack__ss_allocate" label: "/home/henley/adacore/repos/adacore_jetson/rts-native-light/gnat/a-strsup.ads:115:8" }
edge: { sourcename: "ada__strings__superbounded__less__2" targetname: "memcpy" }
edge: { sourcename: "ada__strings__superbounded__less__2" targetname: "system__compare_array_unsigned_8__compare_array_u8" label: "/home/henley/adacore/repos/adacore_jetson/rts-native-light/gnat/a-strsup.adb:267:14" }
edge: { sourcename: "ada__strings__superbounded__less__2" targetname: "system__secondary_stack__ss_release" label: "/home/henley/adacore/repos/adacore_jetson/rts-native-light/gnat/a-strsup.adb:267:0" }
node: { title: "ada__strings__superbounded__less__3" label: "Less\n/home/henley/adacore/repos/adacore_jetson/rts-native-light/gnat/a-strsup.adb:270:4\n64 bytes (static)\n0 dynamic objects" }
edge: { sourcename: "ada__strings__superbounded__less__3" targetname: "system__secondary_stack__ss_mark" label: "/home/henley/adacore/repos/adacore_jetson/rts-native-light/gnat/a-strsup.adb:275:7" }
edge: { sourcename: "ada__strings__superbounded__less__3" targetname: "system__secondary_stack__ss_allocate" label: "/home/henley/adacore/repos/adacore_jetson/rts-native-light/gnat/a-strsup.ads:115:8" }
edge: { sourcename: "ada__strings__superbounded__less__3" targetname: "memcpy" }
edge: { sourcename: "ada__strings__superbounded__less__3" targetname: "system__compare_array_unsigned_8__compare_array_u8" label: "/home/henley/adacore/repos/adacore_jetson/rts-native-light/gnat/a-strsup.adb:275:14" }
edge: { sourcename: "ada__strings__superbounded__less__3" targetname: "system__secondary_stack__ss_release" label: "/home/henley/adacore/repos/adacore_jetson/rts-native-light/gnat/a-strsup.adb:275:0" }
node: { title: "ada__strings__superbounded__less_or_equal" label: "Less_Or_Equal\n/home/henley/adacore/repos/adacore_jetson/rts-native-light/gnat/a-strsup.adb:282:4\n64 bytes (static)\n0 dynamic objects" }
edge: { sourcename: "ada__strings__superbounded__less_or_equal" targetname: "system__secondary_stack__ss_mark" label: "/home/henley/adacore/repos/adacore_jetson/rts-native-light/gnat/a-strsup.adb:287:7" }
edge: { sourcename: "ada__strings__superbounded__less_or_equal" targetname: "system__secondary_stack__ss_allocate" label: "/home/henley/adacore/repos/adacore_jetson/rts-native-light/gnat/a-strsup.ads:115:8" }
edge: { sourcename: "ada__strings__superbounded__less_or_equal" targetname: "memcpy" }
edge: { sourcename: "ada__strings__superbounded__less_or_equal" targetname: "system__secondary_stack__ss_allocate" label: "/home/henley/adacore/repos/adacore_jetson/rts-native-light/gnat/a-strsup.ads:115:8" }
edge: { sourcename: "ada__strings__superbounded__less_or_equal" targetname: "memcpy" }
edge: { sourcename: "ada__strings__superbounded__less_or_equal" targetname: "system__compare_array_unsigned_8__compare_array_u8" label: "/home/henley/adacore/repos/adacore_jetson/rts-native-light/gnat/a-strsup.adb:287:14" }
edge: { sourcename: "ada__strings__superbounded__less_or_equal" targetname: "system__secondary_stack__ss_release" label: "/home/henley/adacore/repos/adacore_jetson/rts-native-light/gnat/a-strsup.adb:287:0" }
node: { title: "ada__strings__superbounded__less_or_equal__2" label: "Less_Or_Equal\n/home/henley/adacore/repos/adacore_jetson/rts-native-light/gnat/a-strsup.adb:290:4\n64 bytes (static)\n0 dynamic objects" }
edge: { sourcename: "ada__strings__superbounded__less_or_equal__2" targetname: "system__secondary_stack__ss_mark" label: "/home/henley/adacore/repos/adacore_jetson/rts-native-light/gnat/a-strsup.adb:295:7" }
edge: { sourcename: "ada__strings__superbounded__less_or_equal__2" targetname: "system__secondary_stack__ss_allocate" label: "/home/henley/adacore/repos/adacore_jetson/rts-native-light/gnat/a-strsup.ads:115:8" }
edge: { sourcename: "ada__strings__superbounded__less_or_equal__2" targetname: "memcpy" }
edge: { sourcename: "ada__strings__superbounded__less_or_equal__2" targetname: "system__compare_array_unsigned_8__compare_array_u8" label: "/home/henley/adacore/repos/adacore_jetson/rts-native-light/gnat/a-strsup.adb:295:14" }
edge: { sourcename: "ada__strings__superbounded__less_or_equal__2" targetname: "system__secondary_stack__ss_release" label: "/home/henley/adacore/repos/adacore_jetson/rts-native-light/gnat/a-strsup.adb:295:0" }
node: { title: "ada__strings__superbounded__less_or_equal__3" label: "Less_Or_Equal\n/home/henley/adacore/repos/adacore_jetson/rts-native-light/gnat/a-strsup.adb:298:4\n64 bytes (static)\n0 dynamic objects" }
edge: { sourcename: "ada__strings__superbounded__less_or_equal__3" targetname: "system__secondary_stack__ss_mark" label: "/home/henley/adacore/repos/adacore_jetson/rts-native-light/gnat/a-strsup.adb:303:7" }
edge: { sourcename: "ada__strings__superbounded__less_or_equal__3" targetname: "system__secondary_stack__ss_allocate" label: "/home/henley/adacore/repos/adacore_jetson/rts-native-light/gnat/a-strsup.ads:115:8" }
edge: { sourcename: "ada__strings__superbounded__less_or_equal__3" targetname: "memcpy" }
edge: { sourcename: "ada__strings__superbounded__less_or_equal__3" targetname: "system__compare_array_unsigned_8__compare_array_u8" label: "/home/henley/adacore/repos/adacore_jetson/rts-native-light/gnat/a-strsup.adb:303:14" }
edge: { sourcename: "ada__strings__superbounded__less_or_equal__3" targetname: "system__secondary_stack__ss_release" label: "/home/henley/adacore/repos/adacore_jetson/rts-native-light/gnat/a-strsup.adb:303:0" }
node: { title: "ada__strings__superbounded__set_super_string" label: "Set_Super_String\n/home/henley/adacore/repos/adacore_jetson/rts-native-light/gnat/a-strsup.adb:310:4\n48 bytes (static)\n0 dynamic objects" }
edge: { sourcename: "ada__strings__superbounded__set_super_string" targetname: "memcpy" }
edge: { sourcename: "ada__strings__superbounded__set_super_string" targetname: "memmove" label: "/home/henley/adacore/repos/adacore_jetson/rts-native-light/gnat/a-strsup.adb:326:46" }
edge: { sourcename: "ada__strings__superbounded__set_super_string" targetname: "memmove" label: "/home/henley/adacore/repos/adacore_jetson/rts-native-light/gnat/a-strsup.adb:331:46" }
edge: { sourcename: "ada__strings__superbounded__set_super_string" targetname: "ada__exceptions__call_last_chance_handler_with_message" label: "/home/henley/adacore/repos/adacore_jetson/rts-native-light/gnat/a-strsup.adb:336:16" }
node: { title: "ada__strings__superbounded__super_append" label: "Super_Append\n/home/henley/adacore/repos/adacore_jetson/rts-native-light/gnat/a-strsup.adb:347:4\n96 bytes (static)\n0 dynamic objects" }
edge: { sourcename: "ada__strings__superbounded__super_append" targetname: "system__secondary_stack__ss_allocate" label: "/home/henley/adacore/repos/adacore_jetson/rts-native-light/gnat/a-strsup.adb:347:4" }
edge: { sourcename: "ada__strings__superbounded__super_append" targetname: "memmove" label: "/home/henley/adacore/repos/adacore_jetson/rts-native-light/gnat/a-strsup.adb:359:34" }
edge: { sourcename: "ada__strings__superbounded__super_append" targetname: "memmove" label: "/home/henley/adacore/repos/adacore_jetson/rts-native-light/gnat/a-strsup.adb:362:51" }
edge: { sourcename: "ada__strings__superbounded__super_append" targetname: "memcpy" }
edge: { sourcename: "ada__strings__superbounded__super_append" targetname: "memmove" label: "/home/henley/adacore/repos/adacore_jetson/rts-native-light/gnat/a-strsup.adb:374:43" }
edge: { sourcename: "ada__strings__superbounded__super_append" targetname: "memmove" label: "/home/henley/adacore/repos/adacore_jetson/rts-native-light/gnat/a-strsup.adb:375:56" }
edge: { sourcename: "ada__strings__superbounded__super_append" targetname: "memcpy" }
edge: { sourcename: "ada__strings__superbounded__super_append" targetname: "memmove" label: "/home/henley/adacore/repos/adacore_jetson/rts-native-light/gnat/a-strsup.adb:384:56" }
edge: { sourcename: "ada__strings__superbounded__super_append" targetname: "memmove" label: "/home/henley/adacore/repos/adacore_jetson/rts-native-light/gnat/a-strsup.adb:386:69" }
edge: { sourcename: "ada__strings__superbounded__super_append" targetname: "ada__exceptions__call_last_chance_handler_with_message" label: "/home/henley/adacore/repos/adacore_jetson/rts-native-light/gnat/a-strsup.adb:391:16" }
node: { title: "ada__strings__superbounded__super_append__6" label: "Super_Append\n/home/henley/adacore/repos/adacore_jetson/rts-native-light/gnat/a-strsup.adb:400:4\n80 bytes (static)\n0 dynamic objects" }
edge: { sourcename: "ada__strings__superbounded__super_append__6" targetname: "memmove" label: "/home/henley/adacore/repos/adacore_jetson/rts-native-light/gnat/a-strsup.adb:412:51" }
edge: { sourcename: "ada__strings__superbounded__super_append__6" targetname: "memmove" label: "/home/henley/adacore/repos/adacore_jetson/rts-native-light/gnat/a-strsup.adb:420:56" }
edge: { sourcename: "ada__strings__superbounded__super_append__6" targetname: "memcpy" }
edge: { sourcename: "ada__strings__superbounded__super_append__6" targetname: "memmove" label: "/home/henley/adacore/repos/adacore_jetson/rts-native-light/gnat/a-strsup.adb:429:56" }
edge: { sourcename: "ada__strings__superbounded__super_append__6" targetname: "memmove" label: "/home/henley/adacore/repos/adacore_jetson/rts-native-light/gnat/a-strsup.adb:431:69" }
edge: { sourcename: "ada__strings__superbounded__super_append__6" targetname: "ada__exceptions__call_last_chance_handler_with_message" label: "/home/henley/adacore/repos/adacore_jetson/rts-native-light/gnat/a-strsup.adb:436:16" }
node: { title: "ada__strings__superbounded__super_append__2" label: "Super_Append\n/home/henley/adacore/repos/adacore_jetson/rts-native-light/gnat/a-strsup.adb:446:4\n112 bytes (static)\n0 dynamic objects" }
edge: { sourcename: "ada__strings__superbounded__super_append__2" targetname: "system__secondary_stack__ss_allocate" label: "/home/henley/adacore/repos/adacore_jetson/rts-native-light/gnat/a-strsup.adb:446:4" }
edge: { sourcename: "ada__strings__superbounded__super_append__2" targetname: "memcpy" }
edge: { sourcename: "ada__strings__superbounded__super_append__2" targetname: "memmove" label: "/home/henley/adacore/repos/adacore_jetson/rts-native-light/gnat/a-strsup.adb:473:43" }
edge: { sourcename: "ada__strings__superbounded__super_append__2" targetname: "memmove" label: "/home/henley/adacore/repos/adacore_jetson/rts-native-light/gnat/a-strsup.adb:474:56" }
edge: { sourcename: "ada__strings__superbounded__super_append__2" targetname: "memmove" label: "/home/henley/adacore/repos/adacore_jetson/rts-native-light/gnat/a-strsup.adb:482:49" }
edge: { sourcename: "ada__strings__superbounded__super_append__2" targetname: "memmove" label: "/home/henley/adacore/repos/adacore_jetson/rts-native-light/gnat/a-strsup.adb:486:56" }
edge: { sourcename: "ada__strings__superbounded__super_append__2" targetname: "memcpy" }
edge: { sourcename: "ada__strings__superbounded__super_append__2" targetname: "ada__exceptions__call_last_chance_handler_with_message" label: "/home/henley/adacore/repos/adacore_jetson/rts-native-light/gnat/a-strsup.adb:493:16" }
edge: { sourcename: "ada__strings__superbounded__super_append__2" targetname: "memmove" label: "/home/henley/adacore/repos/adacore_jetson/rts-native-light/gnat/a-strsup.adb:458:34" }
edge: { sourcename: "ada__strings__superbounded__super_append__2" targetname: "memmove" label: "/home/henley/adacore/repos/adacore_jetson/rts-native-light/gnat/a-strsup.adb:458:34" }
edge: { sourcename: "ada__strings__superbounded__super_append__2" targetname: "memcpy" }
node: { title: "ada__strings__superbounded__super_append__7" label: "Super_Append\n/home/henley/adacore/repos/adacore_jetson/rts-native-light/gnat/a-strsup.adb:502:4\n64 bytes (static)\n0 dynamic objects" }
edge: { sourcename: "ada__strings__superbounded__super_append__7" targetname: "memcpy" }
edge: { sourcename: "ada__strings__superbounded__super_append__7" targetname: "memmove" label: "/home/henley/adacore/repos/adacore_jetson/rts-native-light/gnat/a-strsup.adb:523:56" }
edge: { sourcename: "ada__strings__superbounded__super_append__7" targetname: "memmove" label: "/home/henley/adacore/repos/adacore_jetson/rts-native-light/gnat/a-strsup.adb:530:49" }
edge: { sourcename: "ada__strings__superbounded__super_append__7" targetname: "memmove" label: "/home/henley/adacore/repos/adacore_jetson/rts-native-light/gnat/a-strsup.adb:535:56" }
edge: { sourcename: "ada__strings__superbounded__super_append__7" targetname: "memcpy" }
edge: { sourcename: "ada__strings__superbounded__super_append__7" targetname: "ada__exceptions__call_last_chance_handler_with_message" label: "/home/henley/adacore/repos/adacore_jetson/rts-native-light/gnat/a-strsup.adb:542:16" }
node: { title: "ada__strings__superbounded__super_append__3" label: "Super_Append\n/home/henley/adacore/repos/adacore_jetson/rts-native-light/gnat/a-strsup.adb:552:4\n96 bytes (static)\n0 dynamic objects" }
edge: { sourcename: "ada__strings__superbounded__super_append__3" targetname: "system__secondary_stack__ss_allocate" label: "/home/henley/adacore/repos/adacore_jetson/rts-native-light/gnat/a-strsup.adb:552:4" }
edge: { sourcename: "ada__strings__superbounded__super_append__3" targetname: "memcpy" }
edge: { sourcename: "ada__strings__superbounded__super_append__3" targetname: "memmove" label: "/home/henley/adacore/repos/adacore_jetson/rts-native-light/gnat/a-strsup.adb:567:51" }
edge: { sourcename: "ada__strings__superbounded__super_append__3" targetname: "memmove" label: "/home/henley/adacore/repos/adacore_jetson/rts-native-light/gnat/a-strsup.adb:575:49" }
edge: { sourcename: "ada__strings__superbounded__super_append__3" targetname: "memcpy" }
edge: { sourcename: "ada__strings__superbounded__super_append__3" targetname: "memmove" label: "/home/henley/adacore/repos/adacore_jetson/rts-native-light/gnat/a-strsup.adb:580:56" }
edge: { sourcename: "ada__strings__superbounded__super_append__3" targetname: "memmove" label: "/home/henley/adacore/repos/adacore_jetson/rts-native-light/gnat/a-strsup.adb:586:49" }
edge: { sourcename: "ada__strings__superbounded__super_append__3" targetname: "memmove" label: "/home/henley/adacore/repos/adacore_jetson/rts-native-light/gnat/a-strsup.adb:590:56" }
edge: { sourcename: "ada__strings__superbounded__super_append__3" targetname: "memmove" label: "/home/henley/adacore/repos/adacore_jetson/rts-native-light/gnat/a-strsup.adb:592:69" }
edge: { sourcename: "ada__strings__superbounded__super_append__3" targetname: "ada__exceptions__call_last_chance_handler_with_message" label: "/home/henley/adacore/repos/adacore_jetson/rts-native-light/gnat/a-strsup.adb:597:16" }
node: { title: "ada__strings__superbounded__super_append__4" label: "Super_Append\n/home/henley/adacore/repos/adacore_jetson/rts-native-light/gnat/a-strsup.adb:608:4\n80 bytes (static)\n0 dynamic objects" }
edge: { sourcename: "ada__strings__superbounded__super_append__4" targetname: "system__secondary_stack__ss_allocate" label: "/home/henley/adacore/repos/adacore_jetson/rts-native-light/gnat/a-strsup.adb:608:4" }
edge: { sourcename: "ada__strings__superbounded__super_append__4" targetname: "memmove" label: "/home/henley/adacore/repos/adacore_jetson/rts-native-light/gnat/a-strsup.adb:619:34" }
edge: { sourcename: "ada__strings__superbounded__super_append__4" targetname: "system__secondary_stack__ss_allocate" label: "/home/henley/adacore/repos/adacore_jetson/rts-native-light/gnat/a-strsup.adb:627:16" }
edge: { sourcename: "ada__strings__superbounded__super_append__4" targetname: "memcpy" }
edge: { sourcename: "ada__strings__superbounded__super_append__4" targetname: "memmove" label: "/home/henley/adacore/repos/adacore_jetson/rts-native-light/gnat/a-strsup.adb:630:50" }
edge: { sourcename: "ada__strings__superbounded__super_append__4" targetname: "ada__exceptions__call_last_chance_handler_with_message" label: "/home/henley/adacore/repos/adacore_jetson/rts-native-light/gnat/a-strsup.adb:637:16" }
node: { title: "ada__strings__superbounded__super_append__8" label: "Super_Append\n/home/henley/adacore/repos/adacore_jetson/rts-native-light/gnat/a-strsup.adb:642:4\n48 bytes (static)\n0 dynamic objects" }
edge: { sourcename: "ada__strings__superbounded__super_append__8" targetname: "memmove" label: "/home/henley/adacore/repos/adacore_jetson/rts-native-light/gnat/a-strsup.adb:661:50" }
edge: { sourcename: "ada__strings__superbounded__super_append__8" targetname: "ada__exceptions__call_last_chance_handler_with_message" label: "/home/henley/adacore/repos/adacore_jetson/rts-native-light/gnat/a-strsup.adb:666:16" }
node: { title: "ada__strings__superbounded__super_append__5" label: "Super_Append\n/home/henley/adacore/repos/adacore_jetson/rts-native-light/gnat/a-strsup.adb:674:4\n80 bytes (static)\n0 dynamic objects" }
edge: { sourcename: "ada__strings__superbounded__super_append__5" targetname: "system__secondary_stack__ss_allocate" label: "/home/henley/adacore/repos/adacore_jetson/rts-native-light/gnat/a-strsup.adb:674:4" }
edge: { sourcename: "ada__strings__superbounded__super_append__5" targetname: "memmove" label: "/home/henley/adacore/repos/adacore_jetson/rts-native-light/gnat/a-strsup.adb:686:38" }
edge: { sourcename: "ada__strings__superbounded__super_append__5" targetname: "memmove" label: "/home/henley/adacore/repos/adacore_jetson/rts-native-light/gnat/a-strsup.adb:694:46" }
edge: { sourcename: "ada__strings__superbounded__super_append__5" targetname: "system__secondary_stack__ss_allocate" label: "/home/henley/adacore/repos/adacore_jetson/rts-native-light/gnat/a-strsup.adb:700:16" }
edge: { sourcename: "ada__strings__superbounded__super_append__5" targetname: "memcpy" }
edge: { sourcename: "ada__strings__superbounded__super_append__5" targetname: "ada__exceptions__call_last_chance_handler_with_message" label: "/home/henley/adacore/repos/adacore_jetson/rts-native-light/gnat/a-strsup.adb:703:16" }
node: { title: "ada__strings__superbounded__super_count" label: "Super_Count\n/home/henley/adacore/repos/adacore_jetson/rts-native-light/gnat/a-strsup.adb:712:4\n80 bytes (static)\n0 dynamic objects" }
edge: { sourcename: "ada__strings__superbounded__super_count" targetname: "system__secondary_stack__ss_mark" label: "/home/henley/adacore/repos/adacore_jetson/rts-native-light/gnat/a-strsup.adb:718:7" }
edge: { sourcename: "ada__strings__superbounded__super_count" targetname: "system__secondary_stack__ss_allocate" label: "/home/henley/adacore/repos/adacore_jetson/rts-native-light/gnat/a-strsup.ads:115:8" }
edge: { sourcename: "ada__strings__superbounded__super_count" targetname: "memcpy" }
node: { title: "ada__strings__search__count" label: "Count\n/home/henley/adacore/repos/adacore_jetson/rts-native-light/gnat/a-strsea.ads:497:13" shape : ellipse }
edge: { sourcename: "ada__strings__superbounded__super_count" targetname: "ada__strings__search__count" label: "/home/henley/adacore/repos/adacore_jetson/rts-native-light/gnat/a-strsup.adb:718:20" }
edge: { sourcename: "ada__strings__superbounded__super_count" targetname: "system__secondary_stack__ss_release" label: "/home/henley/adacore/repos/adacore_jetson/rts-native-light/gnat/a-strsup.adb:718:0" }
node: { title: "ada__strings__superbounded__super_count__2" label: "Super_Count\n/home/henley/adacore/repos/adacore_jetson/rts-native-light/gnat/a-strsup.adb:721:4\n80 bytes (static)\n0 dynamic objects" }
edge: { sourcename: "ada__strings__superbounded__super_count__2" targetname: "system__secondary_stack__ss_mark" label: "/home/henley/adacore/repos/adacore_jetson/rts-native-light/gnat/a-strsup.adb:727:7" }
edge: { sourcename: "ada__strings__superbounded__super_count__2" targetname: "system__secondary_stack__ss_allocate" label: "/home/henley/adacore/repos/adacore_jetson/rts-native-light/gnat/a-strsup.ads:115:8" }
edge: { sourcename: "ada__strings__superbounded__super_count__2" targetname: "memcpy" }
node: { title: "ada__strings__search__count__2" label: "Count\n/home/henley/adacore/repos/adacore_jetson/rts-native-light/gnat/a-strsea.ads:505:13" shape : ellipse }
edge: { sourcename: "ada__strings__superbounded__super_count__2" targetname: "ada__strings__search__count__2" label: "/home/henley/adacore/repos/adacore_jetson/rts-native-light/gnat/a-strsup.adb:727:20" }
edge: { sourcename: "ada__strings__superbounded__super_count__2" targetname: "system__secondary_stack__ss_release" label: "/home/henley/adacore/repos/adacore_jetson/rts-native-light/gnat/a-strsup.adb:727:0" }
node: { title: "ada__strings__superbounded__super_count__3" label: "Super_Count\n/home/henley/adacore/repos/adacore_jetson/rts-native-light/gnat/a-strsup.adb:730:4\n64 bytes (static)\n0 dynamic objects" }
edge: { sourcename: "ada__strings__superbounded__super_count__3" targetname: "system__secondary_stack__ss_mark" label: "/home/henley/adacore/repos/adacore_jetson/rts-native-light/gnat/a-strsup.adb:735:7" }
edge: { sourcename: "ada__strings__superbounded__super_count__3" targetname: "system__secondary_stack__ss_allocate" label: "/home/henley/adacore/repos/adacore_jetson/rts-native-light/gnat/a-strsup.ads:115:8" }
edge: { sourcename: "ada__strings__superbounded__super_count__3" targetname: "memcpy" }
node: { title: "ada__strings__search__count__3" label: "Count\n/home/henley/adacore/repos/adacore_jetson/rts-native-light/gnat/a-strsea.ads:513:13" shape : ellipse }
edge: { sourcename: "ada__strings__superbounded__super_count__3" targetname: "ada__strings__search__count__3" label: "/home/henley/adacore/repos/adacore_jetson/rts-native-light/gnat/a-strsup.adb:735:20" }
edge: { sourcename: "ada__strings__superbounded__super_count__3" targetname: "system__secondary_stack__ss_release" label: "/home/henley/adacore/repos/adacore_jetson/rts-native-light/gnat/a-strsup.adb:735:0" }
node: { title: "ada__strings__superbounded__super_delete" label: "Super_Delete\n/home/henley/adacore/repos/adacore_jetson/rts-native-light/gnat/a-strsup.adb:742:4\n64 bytes (static)\n0 dynamic objects" }
edge: { sourcename: "ada__strings__superbounded__super_delete" targetname: "system__secondary_stack__ss_allocate" label: "/home/henley/adacore/repos/adacore_jetson/rts-native-light/gnat/a-strsup.adb:742:4" }
edge: { sourcename: "ada__strings__superbounded__super_delete" targetname: "system__secondary_stack__ss_allocate" label: "/home/henley/adacore/repos/adacore_jetson/rts-native-light/gnat/a-strsup.adb:753:10" }
edge: { sourcename: "ada__strings__superbounded__super_delete" targetname: "memcpy" }
edge: { sourcename: "ada__strings__superbounded__super_delete" targetname: "ada__exceptions__call_last_chance_handler_with_message" label: "/home/henley/adacore/repos/adacore_jetson/rts-native-light/gnat/a-strsup.adb:756:10" }
edge: { sourcename: "ada__strings__superbounded__super_delete" targetname: "memmove" label: "/home/henley/adacore/repos/adacore_jetson/rts-native-light/gnat/a-strsup.adb:759:38" }
edge: { sourcename: "ada__strings__superbounded__super_delete" targetname: "memmove" label: "/home/henley/adacore/repos/adacore_jetson/rts-native-light/gnat/a-strsup.adb:764:38" }
edge: { sourcename: "ada__strings__superbounded__super_delete" targetname: "memmove" label: "/home/henley/adacore/repos/adacore_jetson/rts-native-light/gnat/a-strsup.adb:765:50" }
node: { title: "ada__strings__superbounded__super_delete__2" label: "Super_Delete\n/home/henley/adacore/repos/adacore_jetson/rts-native-light/gnat/a-strsup.adb:772:4\n16 bytes (static)\n0 dynamic objects" }
edge: { sourcename: "ada__strings__superbounded__super_delete__2" targetname: "ada__exceptions__call_last_chance_handler_with_message" label: "/home/henley/adacore/repos/adacore_jetson/rts-native-light/gnat/a-strsup.adb:785:10" }
edge: { sourcename: "ada__strings__superbounded__super_delete__2" targetname: "memmove" label: "/home/henley/adacore/repos/adacore_jetson/rts-native-light/gnat/a-strsup.adb:792:54" }
node: { title: "ada__strings__superbounded__super_find_token" label: "Super_Find_Token\n/home/henley/adacore/repos/adacore_jetson/rts-native-light/gnat/a-strsup.adb:801:4\n80 bytes (static)\n0 dynamic objects" }
edge: { sourcename: "ada__strings__superbounded__super_find_token" targetname: "system__secondary_stack__ss_mark" label: "/home/henley/adacore/repos/adacore_jetson/rts-native-light/gnat/a-strsup.adb:810:13" }
edge: { sourcename: "ada__strings__superbounded__super_find_token" targetname: "system__secondary_stack__ss_allocate" label: "/home/henley/adacore/repos/adacore_jetson/rts-native-light/gnat/a-strsup.ads:115:8" }
edge: { sourcename: "ada__strings__superbounded__super_find_token" targetname: "memcpy" }
node: { title: "ada__strings__search__find_token" label: "Find_Token\n/home/henley/adacore/repos/adacore_jetson/rts-native-light/gnat/a-strsea.ads:519:14" shape : ellipse }
edge: { sourcename: "ada__strings__superbounded__super_find_token" targetname: "ada__strings__search__find_token" label: "/home/henley/adacore/repos/adacore_jetson/rts-native-light/gnat/a-strsup.adb:810:13" }
edge: { sourcename: "ada__strings__superbounded__super_find_token" targetname: "system__secondary_stack__ss_release" label: "/home/henley/adacore/repos/adacore_jetson/rts-native-light/gnat/a-strsup.adb:810:0" }
node: { title: "ada__strings__superbounded__super_find_token__2" label: "Super_Find_Token\n/home/henley/adacore/repos/adacore_jetson/rts-native-light/gnat/a-strsup.adb:814:4\n64 bytes (static)\n0 dynamic objects" }
edge: { sourcename: "ada__strings__superbounded__super_find_token__2" targetname: "system__secondary_stack__ss_mark" label: "/home/henley/adacore/repos/adacore_jetson/rts-native-light/gnat/a-strsup.adb:822:13" }
edge: { sourcename: "ada__strings__superbounded__super_find_token__2" targetname: "system__secondary_stack__ss_allocate" label: "/home/henley/adacore/repos/adacore_jetson/rts-native-light/gnat/a-strsup.ads:115:8" }
edge: { sourcename: "ada__strings__superbounded__super_find_token__2" targetname: "memcpy" }
node: { title: "ada__strings__search__find_token__2" label: "Find_Token\n/home/henley/adacore/repos/adacore_jetson/rts-native-light/gnat/a-strsea.ads:573:14" shape : ellipse }
edge: { sourcename: "ada__strings__superbounded__super_find_token__2" targetname: "ada__strings__search__find_token__2" label: "/home/henley/adacore/repos/adacore_jetson/rts-native-light/gnat/a-strsup.adb:822:13" }
edge: { sourcename: "ada__strings__superbounded__super_find_token__2" targetname: "system__secondary_stack__ss_release" label: "/home/henley/adacore/repos/adacore_jetson/rts-native-light/gnat/a-strsup.adb:822:0" }
node: { title: "ada__strings__superbounded__super_head" label: "Super_Head\n/home/henley/adacore/repos/adacore_jetson/rts-native-light/gnat/a-strsup.adb:829:4\n80 bytes (static)\n0 dynamic objects" }
edge: { sourcename: "ada__strings__superbounded__super_head" targetname: "system__secondary_stack__ss_allocate" label: "/home/henley/adacore/repos/adacore_jetson/rts-native-light/gnat/a-strsup.adb:829:4" }
edge: { sourcename: "ada__strings__superbounded__super_head" targetname: "memmove" label: "/home/henley/adacore/repos/adacore_jetson/rts-native-light/gnat/a-strsup.adb:842:35" }
edge: { sourcename: "ada__strings__superbounded__super_head" targetname: "memmove" label: "/home/henley/adacore/repos/adacore_jetson/rts-native-light/gnat/a-strsup.adb:846:34" }
node: { title: "memset" label: "builtin_memset\n<built-in>" shape : ellipse }
edge: { sourcename: "ada__strings__superbounded__super_head" targetname: "memset" label: "/home/henley/adacore/repos/adacore_jetson/rts-native-light/gnat/a-strsup.adb:847:42" }
edge: { sourcename: "ada__strings__superbounded__super_head" targetname: "memmove" label: "/home/henley/adacore/repos/adacore_jetson/rts-native-light/gnat/a-strsup.adb:853:40" }
edge: { sourcename: "ada__strings__superbounded__super_head" targetname: "memset" label: "/home/henley/adacore/repos/adacore_jetson/rts-native-light/gnat/a-strsup.adb:856:56" }
edge: { sourcename: "ada__strings__superbounded__super_head" targetname: "memset" label: "/home/henley/adacore/repos/adacore_jetson/rts-native-light/gnat/a-strsup.adb:861:31" }
edge: { sourcename: "ada__strings__superbounded__super_head" targetname: "memmove" label: "/home/henley/adacore/repos/adacore_jetson/rts-native-light/gnat/a-strsup.adb:864:56" }
edge: { sourcename: "ada__strings__superbounded__super_head" targetname: "memset" label: "/home/henley/adacore/repos/adacore_jetson/rts-native-light/gnat/a-strsup.adb:866:69" }
edge: { sourcename: "ada__strings__superbounded__super_head" targetname: "ada__exceptions__call_last_chance_handler_with_message" label: "/home/henley/adacore/repos/adacore_jetson/rts-native-light/gnat/a-strsup.adb:871:16" }
node: { title: "ada__strings__superbounded__super_head__2" label: "Super_Head\n/home/henley/adacore/repos/adacore_jetson/rts-native-light/gnat/a-strsup.adb:880:4\n80 bytes (dynamic)\n1 dynamic objects\n Temp /home/henley/adacore/repos/adacore_jetson/rts-native-light/gnat/a-strsup.adb:889:7" }
edge: { sourcename: "ada__strings__superbounded__super_head__2" targetname: "memset" label: "/home/henley/adacore/repos/adacore_jetson/rts-native-light/gnat/a-strsup.adb:896:42" }
edge: { sourcename: "ada__strings__superbounded__super_head__2" targetname: "memset" label: "/home/henley/adacore/repos/adacore_jetson/rts-native-light/gnat/a-strsup.adb:903:56" }
edge: { sourcename: "ada__strings__superbounded__super_head__2" targetname: "memset" label: "/home/henley/adacore/repos/adacore_jetson/rts-native-light/gnat/a-strsup.adb:908:31" }
edge: { sourcename: "ada__strings__superbounded__super_head__2" targetname: "memcpy" }
edge: { sourcename: "ada__strings__superbounded__super_head__2" targetname: "memcpy" }
edge: { sourcename: "ada__strings__superbounded__super_head__2" targetname: "memset" label: "/home/henley/adacore/repos/adacore_jetson/rts-native-light/gnat/a-strsup.adb:914:69" }
edge: { sourcename: "ada__strings__superbounded__super_head__2" targetname: "ada__exceptions__call_last_chance_handler_with_message" label: "/home/henley/adacore/repos/adacore_jetson/rts-native-light/gnat/a-strsup.adb:919:16" }
node: { title: "ada__strings__superbounded__super_index" label: "Super_Index\n/home/henley/adacore/repos/adacore_jetson/rts-native-light/gnat/a-strsup.adb:930:4\n80 bytes (static)\n0 dynamic objects" }
edge: { sourcename: "ada__strings__superbounded__super_index" targetname: "system__secondary_stack__ss_mark" label: "/home/henley/adacore/repos/adacore_jetson/rts-native-light/gnat/a-strsup.adb:937:7" }
edge: { sourcename: "ada__strings__superbounded__super_index" targetname: "system__secondary_stack__ss_allocate" label: "/home/henley/adacore/repos/adacore_jetson/rts-native-light/gnat/a-strsup.ads:115:8" }
edge: { sourcename: "ada__strings__superbounded__super_index" targetname: "memcpy" }
node: { title: "ada__strings__search__index" label: "Index\n/home/henley/adacore/repos/adacore_jetson/rts-native-light/gnat/a-strsea.ads:102:13" shape : ellipse }
edge: { sourcename: "ada__strings__superbounded__super_index" targetname: "ada__strings__search__index" label: "/home/henley/adacore/repos/adacore_jetson/rts-native-light/gnat/a-strsup.adb:937:20" }
edge: { sourcename: "ada__strings__superbounded__super_index" targetname: "system__secondary_stack__ss_release" label: "/home/henley/adacore/repos/adacore_jetson/rts-native-light/gnat/a-strsup.adb:937:0" }
node: { title: "ada__strings__superbounded__super_index__2" label: "Super_Index\n/home/henley/adacore/repos/adacore_jetson/rts-native-light/gnat/a-strsup.adb:940:4\n80 bytes (static)\n0 dynamic objects" }
edge: { sourcename: "ada__strings__superbounded__super_index__2" targetname: "system__secondary_stack__ss_mark" label: "/home/henley/adacore/repos/adacore_jetson/rts-native-light/gnat/a-strsup.adb:947:7" }
edge: { sourcename: "ada__strings__superbounded__super_index__2" targetname: "system__secondary_stack__ss_allocate" label: "/home/henley/adacore/repos/adacore_jetson/rts-native-light/gnat/a-strsup.ads:115:8" }
edge: { sourcename: "ada__strings__superbounded__super_index__2" targetname: "memcpy" }
node: { title: "ada__strings__search__index__2" label: "Index\n/home/henley/adacore/repos/adacore_jetson/rts-native-light/gnat/a-strsea.ads:152:13" shape : ellipse }
edge: { sourcename: "ada__strings__superbounded__super_index__2" targetname: "ada__strings__search__index__2" label: "/home/henley/adacore/repos/adacore_jetson/rts-native-light/gnat/a-strsup.adb:947:20" }
edge: { sourcename: "ada__strings__superbounded__super_index__2" targetname: "system__secondary_stack__ss_release" label: "/home/henley/adacore/repos/adacore_jetson/rts-native-light/gnat/a-strsup.adb:947:0" }
node: { title: "ada__strings__superbounded__super_index__3" label: "Super_Index\n/home/henley/adacore/repos/adacore_jetson/rts-native-light/gnat/a-strsup.adb:950:4\n80 bytes (static)\n0 dynamic objects" }
edge: { sourcename: "ada__strings__superbounded__super_index__3" targetname: "system__secondary_stack__ss_mark" label: "/home/henley/adacore/repos/adacore_jetson/rts-native-light/gnat/a-strsup.adb:957:7" }
edge: { sourcename: "ada__strings__superbounded__super_index__3" targetname: "system__secondary_stack__ss_allocate" label: "/home/henley/adacore/repos/adacore_jetson/rts-native-light/gnat/a-strsup.ads:115:8" }
edge: { sourcename: "ada__strings__superbounded__super_index__3" targetname: "memcpy" }
node: { title: "ada__strings__search__index__3" label: "Index\n/home/henley/adacore/repos/adacore_jetson/rts-native-light/gnat/a-strsea.ads:199:13" shape : ellipse }
edge: { sourcename: "ada__strings__superbounded__super_index__3" targetname: "ada__strings__search__index__3" label: "/home/henley/adacore/repos/adacore_jetson/rts-native-light/gnat/a-strsup.adb:957:20" }
edge: { sourcename: "ada__strings__superbounded__super_index__3" targetname: "system__secondary_stack__ss_release" label: "/home/henley/adacore/repos/adacore_jetson/rts-native-light/gnat/a-strsup.adb:957:0" }
node: { title: "ada__strings__superbounded__super_index__4" label: "Super_Index\n/home/henley/adacore/repos/adacore_jetson/rts-native-light/gnat/a-strsup.adb:960:4\n96 bytes (static)\n0 dynamic objects" }
edge: { sourcename: "ada__strings__superbounded__super_index__4" targetname: "system__secondary_stack__ss_mark" label: "/home/henley/adacore/repos/adacore_jetson/rts-native-light/gnat/a-strsup.adb:968:7" }
edge: { sourcename: "ada__strings__superbounded__super_index__4" targetname: "system__secondary_stack__ss_allocate" label: "/home/henley/adacore/repos/adacore_jetson/rts-native-light/gnat/a-strsup.ads:115:8" }
edge: { sourcename: "ada__strings__superbounded__super_index__4" targetname: "memcpy" }
node: { title: "ada__strings__search__index__4" label: "Index\n/home/henley/adacore/repos/adacore_jetson/rts-native-light/gnat/a-strsea.ads:242:13" shape : ellipse }
edge: { sourcename: "ada__strings__superbounded__super_index__4" targetname: "ada__strings__search__index__4" label: "/home/henley/adacore/repos/adacore_jetson/rts-native-light/gnat/a-strsup.adb:968:20" }
edge: { sourcename: "ada__strings__superbounded__super_index__4" targetname: "system__secondary_stack__ss_release" label: "/home/henley/adacore/repos/adacore_jetson/rts-native-light/gnat/a-strsup.adb:968:0" }
node: { title: "ada__strings__superbounded__super_index__5" label: "Super_Index\n/home/henley/adacore/repos/adacore_jetson/rts-native-light/gnat/a-strsup.adb:972:4\n96 bytes (static)\n0 dynamic objects" }
edge: { sourcename: "ada__strings__superbounded__super_index__5" targetname: "system__secondary_stack__ss_mark" label: "/home/henley/adacore/repos/adacore_jetson/rts-native-light/gnat/a-strsup.adb:980:7" }
edge: { sourcename: "ada__strings__superbounded__super_index__5" targetname: "system__secondary_stack__ss_allocate" label: "/home/henley/adacore/repos/adacore_jetson/rts-native-light/gnat/a-strsup.ads:115:8" }
edge: { sourcename: "ada__strings__superbounded__super_index__5" targetname: "memcpy" }
node: { title: "ada__strings__search__index__5" label: "Index\n/home/henley/adacore/repos/adacore_jetson/rts-native-light/gnat/a-strsea.ads:299:13" shape : ellipse }
edge: { sourcename: "ada__strings__superbounded__super_index__5" targetname: "ada__strings__search__index__5" label: "/home/henley/adacore/repos/adacore_jetson/rts-native-light/gnat/a-strsup.adb:980:20" }
edge: { sourcename: "ada__strings__superbounded__super_index__5" targetname: "system__secondary_stack__ss_release" label: "/home/henley/adacore/repos/adacore_jetson/rts-native-light/gnat/a-strsup.adb:980:0" }
node: { title: "ada__strings__superbounded__super_index__6" label: "Super_Index\n/home/henley/adacore/repos/adacore_jetson/rts-native-light/gnat/a-strsup.adb:984:4\n80 bytes (static)\n0 dynamic objects" }
edge: { sourcename: "ada__strings__superbounded__super_index__6" targetname: "system__secondary_stack__ss_mark" label: "/home/henley/adacore/repos/adacore_jetson/rts-native-light/gnat/a-strsup.adb:993:17" }
edge: { sourcename: "ada__strings__superbounded__super_index__6" targetname: "system__secondary_stack__ss_allocate" label: "/home/henley/adacore/repos/adacore_jetson/rts-native-light/gnat/a-strsup.ads:115:8" }
edge: { sourcename: "ada__strings__superbounded__super_index__6" targetname: "memcpy" }
node: { title: "ada__strings__search__index__6" label: "Index\n/home/henley/adacore/repos/adacore_jetson/rts-native-light/gnat/a-strsea.ads:357:13" shape : ellipse }
edge: { sourcename: "ada__strings__superbounded__super_index__6" targetname: "ada__strings__search__index__6" label: "/home/henley/adacore/repos/adacore_jetson/rts-native-light/gnat/a-strsup.adb:994:18" }
edge: { sourcename: "ada__strings__superbounded__super_index__6" targetname: "system__secondary_stack__ss_release" label: "/home/henley/adacore/repos/adacore_jetson/rts-native-light/gnat/a-strsup.adb:993:0" }
node: { title: "ada__strings__superbounded__super_index_non_blank" label: "Super_Index_Non_Blank\n/home/henley/adacore/repos/adacore_jetson/rts-native-light/gnat/a-strsup.adb:1007:4\n64 bytes (static)\n0 dynamic objects" }
edge: { sourcename: "ada__strings__superbounded__super_index_non_blank" targetname: "system__secondary_stack__ss_mark" label: "/home/henley/adacore/repos/adacore_jetson/rts-native-light/gnat/a-strsup.adb:1012:7" }
edge: { sourcename: "ada__strings__superbounded__super_index_non_blank" targetname: "system__secondary_stack__ss_allocate" label: "/home/henley/adacore/repos/adacore_jetson/rts-native-light/gnat/a-strsup.ads:115:8" }
edge: { sourcename: "ada__strings__superbounded__super_index_non_blank" targetname: "memcpy" }
node: { title: "ada__strings__search__index_non_blank" label: "Index_Non_Blank\n/home/henley/adacore/repos/adacore_jetson/rts-native-light/gnat/a-strsea.ads:412:13" shape : ellipse }
edge: { sourcename: "ada__strings__superbounded__super_index_non_blank" targetname: "ada__strings__search__index_non_blank" label: "/home/henley/adacore/repos/adacore_jetson/rts-native-light/gnat/a-strsup.adb:1012:20" }
edge: { sourcename: "ada__strings__superbounded__super_index_non_blank" targetname: "system__secondary_stack__ss_release" label: "/home/henley/adacore/repos/adacore_jetson/rts-native-light/gnat/a-strsup.adb:1012:0" }
node: { title: "ada__strings__superbounded__super_index_non_blank__2" label: "Super_Index_Non_Blank\n/home/henley/adacore/repos/adacore_jetson/rts-native-light/gnat/a-strsup.adb:1015:4\n64 bytes (static)\n0 dynamic objects" }
edge: { sourcename: "ada__strings__superbounded__super_index_non_blank__2" targetname: "system__secondary_stack__ss_mark" label: "/home/henley/adacore/repos/adacore_jetson/rts-native-light/gnat/a-strsup.adb:1021:7" }
edge: { sourcename: "ada__strings__superbounded__super_index_non_blank__2" targetname: "system__secondary_stack__ss_allocate" label: "/home/henley/adacore/repos/adacore_jetson/rts-native-light/gnat/a-strsup.ads:115:8" }
edge: { sourcename: "ada__strings__superbounded__super_index_non_blank__2" targetname: "memcpy" }
node: { title: "ada__strings__search__index_non_blank__2" label: "Index_Non_Blank\n/home/henley/adacore/repos/adacore_jetson/rts-native-light/gnat/a-strsea.ads:448:13" shape : ellipse }
edge: { sourcename: "ada__strings__superbounded__super_index_non_blank__2" targetname: "ada__strings__search__index_non_blank__2" label: "/home/henley/adacore/repos/adacore_jetson/rts-native-light/gnat/a-strsup.adb:1021:20" }
edge: { sourcename: "ada__strings__superbounded__super_index_non_blank__2" targetname: "system__secondary_stack__ss_release" label: "/home/henley/adacore/repos/adacore_jetson/rts-native-light/gnat/a-strsup.adb:1021:0" }
node: { title: "ada__strings__superbounded__super_insert" label: "Super_Insert\n/home/henley/adacore/repos/adacore_jetson/rts-native-light/gnat/a-strsup.adb:1028:4\n112 bytes (static)\n0 dynamic objects" }
edge: { sourcename: "ada__strings__superbounded__super_insert" targetname: "system__secondary_stack__ss_allocate" label: "/home/henley/adacore/repos/adacore_jetson/rts-native-light/gnat/a-strsup.adb:1028:4" }
edge: { sourcename: "ada__strings__superbounded__super_insert" targetname: "ada__exceptions__call_last_chance_handler_with_message" label: "/home/henley/adacore/repos/adacore_jetson/rts-native-light/gnat/a-strsup.adb:1049:10" }
edge: { sourcename: "ada__strings__superbounded__super_insert" targetname: "memmove" label: "/home/henley/adacore/repos/adacore_jetson/rts-native-light/gnat/a-strsup.adb:1052:34" }
edge: { sourcename: "ada__strings__superbounded__super_insert" targetname: "memcpy" }
edge: { sourcename: "ada__strings__superbounded__super_insert" targetname: "memmove" label: "/home/henley/adacore/repos/adacore_jetson/rts-native-light/gnat/a-strsup.adb:1057:56" }
edge: { sourcename: "ada__strings__superbounded__super_insert" targetname: "memmove" label: "/home/henley/adacore/repos/adacore_jetson/rts-native-light/gnat/a-strsup.adb:1066:40" }
edge: { sourcename: "ada__strings__superbounded__super_insert" targetname: "memmove" label: "/home/henley/adacore/repos/adacore_jetson/rts-native-light/gnat/a-strsup.adb:1069:54" }
edge: { sourcename: "ada__strings__superbounded__super_insert" targetname: "memcpy" }
edge: { sourcename: "ada__strings__superbounded__super_insert" targetname: "memmove" label: "/home/henley/adacore/repos/adacore_jetson/rts-native-light/gnat/a-strsup.adb:1079:61" }
edge: { sourcename: "ada__strings__superbounded__super_insert" targetname: "memmove" label: "/home/henley/adacore/repos/adacore_jetson/rts-native-light/gnat/a-strsup.adb:1085:71" }
edge: { sourcename: "ada__strings__superbounded__super_insert" targetname: "memmove" label: "/home/henley/adacore/repos/adacore_jetson/rts-native-light/gnat/a-strsup.adb:1091:59" }
edge: { sourcename: "ada__strings__superbounded__super_insert" targetname: "memcpy" }
edge: { sourcename: "ada__strings__superbounded__super_insert" targetname: "memmove" label: "/home/henley/adacore/repos/adacore_jetson/rts-native-light/gnat/a-strsup.adb:1098:53" }
edge: { sourcename: "ada__strings__superbounded__super_insert" targetname: "ada__exceptions__call_last_chance_handler_with_message" label: "/home/henley/adacore/repos/adacore_jetson/rts-native-light/gnat/a-strsup.adb:1103:16" }
node: { title: "ada__strings__superbounded__super_insert__2" label: "Super_Insert\n/home/henley/adacore/repos/adacore_jetson/rts-native-light/gnat/a-strsup.adb:1112:4\n64 bytes (static)\n0 dynamic objects" }
edge: { sourcename: "ada__strings__superbounded__super_insert__2" targetname: "system__secondary_stack__ss_mark" label: "/home/henley/adacore/repos/adacore_jetson/rts-native-light/gnat/a-strsup.adb:1123:14" }
edge: { sourcename: "ada__strings__superbounded__super_insert__2" targetname: "ada__strings__superbounded__super_insert" label: "/home/henley/adacore/repos/adacore_jetson/rts-native-light/gnat/a-strsup.adb:1123:17" }
edge: { sourcename: "ada__strings__superbounded__super_insert__2" targetname: "memcpy" }
edge: { sourcename: "ada__strings__superbounded__super_insert__2" targetname: "system__secondary_stack__ss_release" label: "/home/henley/adacore/repos/adacore_jetson/rts-native-light/gnat/a-strsup.adb:1123:0" }
node: { title: "ada__strings__superbounded__super_overwrite" label: "Super_Overwrite\n/home/henley/adacore/repos/adacore_jetson/rts-native-light/gnat/a-strsup.adb:1130:4\n112 bytes (static)\n0 dynamic objects" }
edge: { sourcename: "ada__strings__superbounded__super_overwrite" targetname: "system__secondary_stack__ss_allocate" label: "/home/henley/adacore/repos/adacore_jetson/rts-native-light/gnat/a-strsup.adb:1130:4" }
edge: { sourcename: "ada__strings__superbounded__super_overwrite" targetname: "ada__exceptions__call_last_chance_handler_with_message" label: "/home/henley/adacore/repos/adacore_jetson/rts-native-light/gnat/a-strsup.adb:1143:10" }
edge: { sourcename: "ada__strings__superbounded__super_overwrite" targetname: "system__secondary_stack__ss_allocate" label: "/home/henley/adacore/repos/adacore_jetson/rts-native-light/gnat/a-strsup.adb:1146:10" }
edge: { sourcename: "ada__strings__superbounded__super_overwrite" targetname: "memcpy" }
edge: { sourcename: "ada__strings__superbounded__super_overwrite" targetname: "memmove" label: "/home/henley/adacore/repos/adacore_jetson/rts-native-light/gnat/a-strsup.adb:1149:34" }
edge: { sourcename: "ada__strings__superbounded__super_overwrite" targetname: "memcpy" }
edge: { sourcename: "ada__strings__superbounded__super_overwrite" targetname: "memmove" label: "/home/henley/adacore/repos/adacore_jetson/rts-native-light/gnat/a-strsup.adb:1156:42" }
edge: { sourcename: "ada__strings__superbounded__super_overwrite" targetname: "memcpy" }
edge: { sourcename: "ada__strings__superbounded__super_overwrite" targetname: "memmove" label: "/home/henley/adacore/repos/adacore_jetson/rts-native-light/gnat/a-strsup.adb:1167:48" }
edge: { sourcename: "ada__strings__superbounded__super_overwrite" targetname: "memmove" label: "/home/henley/adacore/repos/adacore_jetson/rts-native-light/gnat/a-strsup.adb:1170:53" }
edge: { sourcename: "ada__strings__superbounded__super_overwrite" targetname: "memmove" label: "/home/henley/adacore/repos/adacore_jetson/rts-native-light/gnat/a-strsup.adb:1175:49" }
edge: { sourcename: "ada__strings__superbounded__super_overwrite" targetname: "memmove" label: "/home/henley/adacore/repos/adacore_jetson/rts-native-light/gnat/a-strsup.adb:1180:67" }
edge: { sourcename: "ada__strings__superbounded__super_overwrite" targetname: "memcpy" }
edge: { sourcename: "ada__strings__superbounded__super_overwrite" targetname: "ada__exceptions__call_last_chance_handler_with_message" label: "/home/henley/adacore/repos/adacore_jetson/rts-native-light/gnat/a-strsup.adb:1188:16" }
node: { title: "ada__strings__superbounded__super_overwrite__2" label: "Super_Overwrite\n/home/henley/adacore/repos/adacore_jetson/rts-native-light/gnat/a-strsup.adb:1196:4\n64 bytes (static)\n0 dynamic objects" }
edge: { sourcename: "ada__strings__superbounded__super_overwrite__2" targetname: "ada__exceptions__call_last_chance_handler_with_message" label: "/home/henley/adacore/repos/adacore_jetson/rts-native-light/gnat/a-strsup.adb:1209:10" }
edge: { sourcename: "ada__strings__superbounded__super_overwrite__2" targetname: "memcpy" }
edge: { sourcename: "ada__strings__superbounded__super_overwrite__2" targetname: "memcpy" }
edge: { sourcename: "ada__strings__superbounded__super_overwrite__2" targetname: "memmove" label: "/home/henley/adacore/repos/adacore_jetson/rts-native-light/gnat/a-strsup.adb:1225:53" }
edge: { sourcename: "ada__strings__superbounded__super_overwrite__2" targetname: "memmove" label: "/home/henley/adacore/repos/adacore_jetson/rts-native-light/gnat/a-strsup.adb:1230:49" }
edge: { sourcename: "ada__strings__superbounded__super_overwrite__2" targetname: "memmove" label: "/home/henley/adacore/repos/adacore_jetson/rts-native-light/gnat/a-strsup.adb:1235:67" }
edge: { sourcename: "ada__strings__superbounded__super_overwrite__2" targetname: "memcpy" }
edge: { sourcename: "ada__strings__superbounded__super_overwrite__2" targetname: "ada__exceptions__call_last_chance_handler_with_message" label: "/home/henley/adacore/repos/adacore_jetson/rts-native-light/gnat/a-strsup.adb:1243:16" }
node: { title: "ada__strings__superbounded__super_replace_element" label: "Super_Replace_Element\n/home/henley/adacore/repos/adacore_jetson/rts-native-light/gnat/a-strsup.adb:1254:4\n16 bytes (static)\n0 dynamic objects" }
edge: { sourcename: "ada__strings__superbounded__super_replace_element" targetname: "ada__exceptions__call_last_chance_handler_with_message" label: "/home/henley/adacore/repos/adacore_jetson/rts-native-light/gnat/a-strsup.adb:1263:10" }
node: { title: "ada__strings__superbounded__super_replace_slice" label: "Super_Replace_Slice\n/home/henley/adacore/repos/adacore_jetson/rts-native-light/gnat/a-strsup.adb:1271:4\n128 bytes (static)\n0 dynamic objects" }
edge: { sourcename: "ada__strings__superbounded__super_replace_slice" targetname: "ada__exceptions__call_last_chance_handler_with_message" label: "/home/henley/adacore/repos/adacore_jetson/rts-native-light/gnat/a-strsup.adb:1284:10" }
edge: { sourcename: "ada__strings__superbounded__super_replace_slice" targetname: "ada__strings__superbounded__super_insert" label: "/home/henley/adacore/repos/adacore_jetson/rts-native-light/gnat/a-strsup.adb:1287:17" }
edge: { sourcename: "ada__strings__superbounded__super_replace_slice" targetname: "system__secondary_stack__ss_allocate" label: "/home/henley/adacore/repos/adacore_jetson/rts-native-light/gnat/a-strsup.adb:1290:10" }
edge: { sourcename: "ada__strings__superbounded__super_replace_slice" targetname: "memmove" label: "/home/henley/adacore/repos/adacore_jetson/rts-native-light/gnat/a-strsup.adb:1303:40" }
edge: { sourcename: "ada__strings__superbounded__super_replace_slice" targetname: "memcpy" }
edge: { sourcename: "ada__strings__superbounded__super_replace_slice" targetname: "memmove" label: "/home/henley/adacore/repos/adacore_jetson/rts-native-light/gnat/a-strsup.adb:1308:76" }
edge: { sourcename: "ada__strings__superbounded__super_replace_slice" targetname: "memmove" label: "/home/henley/adacore/repos/adacore_jetson/rts-native-light/gnat/a-strsup.adb:1317:46" }
edge: { sourcename: "ada__strings__superbounded__super_replace_slice" targetname: "memmove" label: "/home/henley/adacore/repos/adacore_jetson/rts-native-light/gnat/a-strsup.adb:1320:57" }
edge: { sourcename: "ada__strings__superbounded__super_replace_slice" targetname: "memcpy" }
edge: { sourcename: "ada__strings__superbounded__super_replace_slice" targetname: "memmove" label: "/home/henley/adacore/repos/adacore_jetson/rts-native-light/gnat/a-strsup.adb:1325:69" }
edge: { sourcename: "ada__strings__superbounded__super_replace_slice" targetname: "memmove" label: "/home/henley/adacore/repos/adacore_jetson/rts-native-light/gnat/a-strsup.adb:1331:77" }
edge: { sourcename: "ada__strings__superbounded__super_replace_slice" targetname: "memmove" label: "/home/henley/adacore/repos/adacore_jetson/rts-native-light/gnat/a-strsup.adb:1336:62" }
edge: { sourcename: "ada__strings__superbounded__super_replace_slice" targetname: "memcpy" }
edge: { sourcename: "ada__strings__superbounded__super_replace_slice" targetname: "memmove" label: "/home/henley/adacore/repos/adacore_jetson/rts-native-light/gnat/a-strsup.adb:1343:59" }
edge: { sourcename: "ada__strings__superbounded__super_replace_slice" targetname: "ada__exceptions__call_last_chance_handler_with_message" label: "/home/henley/adacore/repos/adacore_jetson/rts-native-light/gnat/a-strsup.adb:1348:22" }
node: { title: "ada__strings__superbounded__super_replace_slice__2" label: "Super_Replace_Slice\n/home/henley/adacore/repos/adacore_jetson/rts-native-light/gnat/a-strsup.adb:1359:4\n64 bytes (static)\n0 dynamic objects" }
edge: { sourcename: "ada__strings__superbounded__super_replace_slice__2" targetname: "system__secondary_stack__ss_mark" label: "/home/henley/adacore/repos/adacore_jetson/rts-native-light/gnat/a-strsup.adb:1371:14" }
edge: { sourcename: "ada__strings__superbounded__super_replace_slice__2" targetname: "ada__strings__superbounded__super_replace_slice" label: "/home/henley/adacore/repos/adacore_jetson/rts-native-light/gnat/a-strsup.adb:1371:17" }
edge: { sourcename: "ada__strings__superbounded__super_replace_slice__2" targetname: "memcpy" }
edge: { sourcename: "ada__strings__superbounded__super_replace_slice__2" targetname: "system__secondary_stack__ss_release" label: "/home/henley/adacore/repos/adacore_jetson/rts-native-light/gnat/a-strsup.adb:1371:0" }
node: { title: "ada__strings__superbounded__super_replicate" label: "Super_Replicate\n/home/henley/adacore/repos/adacore_jetson/rts-native-light/gnat/a-strsup.adb:1378:4\n64 bytes (static)\n0 dynamic objects" }
edge: { sourcename: "ada__strings__superbounded__super_replicate" targetname: "system__secondary_stack__ss_allocate" label: "/home/henley/adacore/repos/adacore_jetson/rts-native-light/gnat/a-strsup.adb:1378:4" }
edge: { sourcename: "ada__strings__superbounded__super_replicate" targetname: "memset" label: "/home/henley/adacore/repos/adacore_jetson/rts-native-light/gnat/a-strsup.adb:1388:35" }
edge: { sourcename: "ada__strings__superbounded__super_replicate" targetname: "ada__exceptions__call_last_chance_handler_with_message" label: "/home/henley/adacore/repos/adacore_jetson/rts-native-light/gnat/a-strsup.adb:1392:10" }
edge: { sourcename: "ada__strings__superbounded__super_replicate" targetname: "memset" label: "/home/henley/adacore/repos/adacore_jetson/rts-native-light/gnat/a-strsup.adb:1395:40" }
node: { title: "ada__strings__superbounded__super_replicate__2" label: "Super_Replicate\n/home/henley/adacore/repos/adacore_jetson/rts-native-light/gnat/a-strsup.adb:1402:4\n112 bytes (static)\n0 dynamic objects" }
edge: { sourcename: "ada__strings__superbounded__super_replicate__2" targetname: "system__secondary_stack__ss_allocate" label: "/home/henley/adacore/repos/adacore_jetson/rts-native-light/gnat/a-strsup.adb:1402:4" }
edge: { sourcename: "ada__strings__superbounded__super_replicate__2" targetname: "memmove" label: "/home/henley/adacore/repos/adacore_jetson/rts-native-light/gnat/a-strsup.adb:1503:54" }
edge: { sourcename: "ada__strings__superbounded__super_replicate__2" targetname: "memmove" label: "/home/henley/adacore/repos/adacore_jetson/rts-native-light/gnat/a-strsup.adb:1529:57" }
edge: { sourcename: "ada__strings__superbounded__super_replicate__2" targetname: "memmove" label: "/home/henley/adacore/repos/adacore_jetson/rts-native-light/gnat/a-strsup.adb:1547:53" }
edge: { sourcename: "ada__strings__superbounded__super_replicate__2" targetname: "memmove" label: "/home/henley/adacore/repos/adacore_jetson/rts-native-light/gnat/a-strsup.adb:1566:57" }
edge: { sourcename: "ada__strings__superbounded__super_replicate__2" targetname: "memmove" label: "/home/henley/adacore/repos/adacore_jetson/rts-native-light/gnat/a-strsup.adb:1586:40" }
edge: { sourcename: "ada__strings__superbounded__super_replicate__2" targetname: "ada__exceptions__call_last_chance_handler_with_message" label: "/home/henley/adacore/repos/adacore_jetson/rts-native-light/gnat/a-strsup.adb:1601:16" }
node: { title: "ada__strings__superbounded__super_replicate__3" label: "Super_Replicate\n/home/henley/adacore/repos/adacore_jetson/rts-native-light/gnat/a-strsup.adb:1610:4\n64 bytes (static)\n0 dynamic objects" }
edge: { sourcename: "ada__strings__superbounded__super_replicate__3" targetname: "system__secondary_stack__ss_allocate" label: "/home/henley/adacore/repos/adacore_jetson/rts-native-light/gnat/a-strsup.ads:115:8" }
edge: { sourcename: "ada__strings__superbounded__super_replicate__3" targetname: "memcpy" }
edge: { sourcename: "ada__strings__superbounded__super_replicate__3" targetname: "ada__strings__superbounded__super_replicate__2" label: "/home/henley/adacore/repos/adacore_jetson/rts-native-light/gnat/a-strsup.adb:1617:9" }
node: { title: "ada__strings__superbounded__F1128b" label: "F1128b\n<built-in>\n32 bytes (static)\n0 dynamic objects" }
edge: { sourcename: "ada__strings__superbounded__F1128b" targetname: "ada__exceptions__call_last_chance_handler_with_message" }
edge: { sourcename: "ada__strings__superbounded__F1128b" targetname: "memmove" label: "/home/henley/adacore/repos/adacore_jetson/rts-native-light/gnat/a-strsup.adb:1638:47" }
node: { title: "ada__strings__superbounded__super_slice__2" label: "Super_Slice\n/home/henley/adacore/repos/adacore_jetson/rts-native-light/gnat/a-strsup.adb:1624:4\n48 bytes (static)\n0 dynamic objects" }
edge: { sourcename: "ada__strings__superbounded__super_slice__2" targetname: "system__secondary_stack__ss_allocate" label: "/home/henley/adacore/repos/adacore_jetson/rts-native-light/gnat/a-strsup.adb:1624:4" }
[...]
edge: { sourcename: "ada__strings__superbounded__super_tail__2" targetname: "memcpy" }
edge: { sourcename: "ada__strings__superbounded__super_tail__2" targetname: "memset" label: "/home/henley/adacore/repos/adacore_jetson/rts-native-light/gnat/a-strsup.adb:1758:31" }
edge: { sourcename: "ada__strings__superbounded__super_tail__2" targetname: "memset" label: "/home/henley/adacore/repos/adacore_jetson/rts-native-light/gnat/a-strsup.adb:1761:43" }
edge: { sourcename: "ada__strings__superbounded__super_tail__2" targetname: "memcpy" }
edge: { sourcename: "ada__strings__superbounded__super_tail__2" targetname: "memset" label: "/home/henley/adacore/repos/adacore_jetson/rts-native-light/gnat/a-strsup.adb:1767:53" }
edge: { sourcename: "ada__strings__superbounded__super_tail__2" targetname: "memcpy" }
edge: { sourcename: "ada__strings__superbounded__super_tail__2" targetname: "ada__exceptions__call_last_chance_handler_with_message" label: "/home/henley/adacore/repos/adacore_jetson/rts-native-light/gnat/a-strsup.adb:1772:16" }
node: { title: "ada__strings__superbounded__super_translate" label: "Super_Translate\n/home/henley/adacore/repos/adacore_jetson/rts-native-light/gnat/a-strsup.adb:1783:4\n32 bytes (static)\n0 dynamic objects" }
edge: { sourcename: "ada__strings__superbounded__super_translate" targetname: "system__secondary_stack__ss_allocate" label: "/home/henley/adacore/repos/adacore_jetson/rts-native-light/gnat/a-strsup.adb:1783:4" }
node: { title: "ada__strings__superbounded__super_translate__2" label: "Super_Translate\n/home/henley/adacore/repos/adacore_jetson/rts-native-light/gnat/a-strsup.adb:1802:4\n0 bytes (static)\n0 dynamic objects" }
node: { title: "ada__strings__superbounded__super_translate__3" label: "Super_Translate\n/home/henley/adacore/repos/adacore_jetson/rts-native-light/gnat/a-strsup.adb:1815:4\n64 bytes (static)\n0 dynamic objects" }
edge: { sourcename: "ada__strings__superbounded__super_translate__3" targetname: "system__secondary_stack__ss_allocate" label: "/home/henley/adacore/repos/adacore_jetson/rts-native-light/gnat/a-strsup.adb:1815:4" }
node: { title: "__indirect_call" label: "Indirect Call Placeholder" shape : ellipse }
edge: { sourcename: "ada__strings__superbounded__super_translate__3" targetname: "__indirect_call" label: "/home/henley/adacore/repos/adacore_jetson/rts-native-light/gnat/a-strsup.adb:1823:37" }
node: { title: "ada__strings__superbounded__super_translate__4" label: "Super_Translate\n/home/henley/adacore/repos/adacore_jetson/rts-native-light/gnat/a-strsup.adb:1834:4\n48 bytes (static)\n0 dynamic objects" }
edge: { sourcename: "ada__strings__superbounded__super_translate__4" targetname: "__indirect_call" label: "/home/henley/adacore/repos/adacore_jetson/rts-native-light/gnat/a-strsup.adb:1840:37" }
node: { title: "ada__strings__superbounded__super_trim" label: "Super_Trim\n/home/henley/adacore/repos/adacore_jetson/rts-native-light/gnat/a-strsup.adb:1851:4\n80 bytes (static)\n0 dynamic objects" }
edge: { sourcename: "ada__strings__superbounded__super_trim" targetname: "system__secondary_stack__ss_allocate" label: "/home/henley/adacore/repos/adacore_jetson/rts-native-light/gnat/a-strsup.adb:1851:4" }
edge: { sourcename: "ada__strings__superbounded__super_trim" targetname: "system__secondary_stack__ss_mark" label: "/home/henley/adacore/repos/adacore_jetson/rts-native-light/gnat/a-strsup.adb:1012:7" }
edge: { sourcename: "ada__strings__superbounded__super_trim" targetname: "system__secondary_stack__ss_allocate" label: "/home/henley/adacore/repos/adacore_jetson/rts-native-light/gnat/a-strsup.ads:115:8" }
edge: { sourcename: "ada__strings__superbounded__super_trim" targetname: "memcpy" }
edge: { sourcename: "ada__strings__superbounded__super_trim" targetname: "ada__strings__search__index_non_blank" label: "/home/henley/adacore/repos/adacore_jetson/rts-native-light/gnat/a-strsup.adb:1012:20" }
edge: { sourcename: "ada__strings__superbounded__super_trim" targetname: "system__secondary_stack__ss_release" label: "/home/henley/adacore/repos/adacore_jetson/rts-native-light/gnat/a-strsup.adb:1012:0" }
edge: { sourcename: "ada__strings__superbounded__super_trim" targetname: "memmove" label: "/home/henley/adacore/repos/adacore_jetson/rts-native-light/gnat/a-strsup.adb:1871:50" }
edge: { sourcename: "ada__strings__superbounded__super_trim" targetname: "system__secondary_stack__ss_mark" label: "/home/henley/adacore/repos/adacore_jetson/rts-native-light/gnat/a-strsup.adb:1012:7" }
edge: { sourcename: "ada__strings__superbounded__super_trim" targetname: "system__secondary_stack__ss_allocate" label: "/home/henley/adacore/repos/adacore_jetson/rts-native-light/gnat/a-strsup.ads:115:8" }
edge: { sourcename: "ada__strings__superbounded__super_trim" targetname: "memcpy" }
edge: { sourcename: "ada__strings__superbounded__super_trim" targetname: "ada__strings__search__index_non_blank" label: "/home/henley/adacore/repos/adacore_jetson/rts-native-light/gnat/a-strsup.adb:1012:20" }
edge: { sourcename: "ada__strings__superbounded__super_trim" targetname: "system__secondary_stack__ss_release" label: "/home/henley/adacore/repos/adacore_jetson/rts-native-light/gnat/a-strsup.adb:1012:0" }
edge: { sourcename: "ada__strings__superbounded__super_trim" targetname: "memmove" label: "/home/henley/adacore/repos/adacore_jetson/rts-native-light/gnat/a-strsup.adb:1886:40" }
edge: { sourcename: "ada__strings__superbounded__super_trim" targetname: "system__secondary_stack__ss_mark" label: "/home/henley/adacore/repos/adacore_jetson/rts-native-light/gnat/a-strsup.adb:1012:7" }
edge: { sourcename: "ada__strings__superbounded__super_trim" targetname: "system__secondary_stack__ss_allocate" label: "/home/henley/adacore/repos/adacore_jetson/rts-native-light/gnat/a-strsup.ads:115:8" }
edge: { sourcename: "ada__strings__superbounded__super_trim" targetname: "memcpy" }
edge: { sourcename: "ada__strings__superbounded__super_trim" targetname: "ada__strings__search__index_non_blank" label: "/home/henley/adacore/repos/adacore_jetson/rts-native-light/gnat/a-strsup.adb:1012:20" }
edge: { sourcename: "ada__strings__superbounded__super_trim" targetname: "system__secondary_stack__ss_release" label: "/home/henley/adacore/repos/adacore_jetson/rts-native-light/gnat/a-strsup.adb:1012:0" }
edge: { sourcename: "ada__strings__superbounded__super_trim" targetname: "system__secondary_stack__ss_mark" label: "/home/henley/adacore/repos/adacore_jetson/rts-native-light/gnat/a-strsup.adb:1012:7" }
edge: { sourcename: "ada__strings__superbounded__super_trim" targetname: "system__secondary_stack__ss_allocate" label: "/home/henley/adacore/repos/adacore_jetson/rts-native-light/gnat/a-strsup.ads:115:8" }
edge: { sourcename: "ada__strings__superbounded__super_trim" targetname: "memcpy" }
edge: { sourcename: "ada__strings__superbounded__super_trim" targetname: "ada__strings__search__index_non_blank" label: "/home/henley/adacore/repos/adacore_jetson/rts-native-light/gnat/a-strsup.adb:1012:20" }
edge: { sourcename: "ada__strings__superbounded__super_trim" targetname: "system__secondary_stack__ss_release" label: "/home/henley/adacore/repos/adacore_jetson/rts-native-light/gnat/a-strsup.adb:1012:0" }
edge: { sourcename: "ada__strings__superbounded__super_trim" targetname: "memmove" label: "/home/henley/adacore/repos/adacore_jetson/rts-native-light/gnat/a-strsup.adb:1905:53" }
node: { title: "ada__strings__superbounded__super_trim__2" label: "Super_Trim\n/home/henley/adacore/repos/adacore_jetson/rts-native-light/gnat/a-strsup.adb:1915:4\n80 bytes (static)\n0 dynamic objects" }
edge: { sourcename: "ada__strings__superbounded__super_trim__2" targetname: "system__secondary_stack__ss_mark" label: "/home/henley/adacore/repos/adacore_jetson/rts-native-light/gnat/a-strsup.adb:1012:7" }
edge: { sourcename: "ada__strings__superbounded__super_trim__2" targetname: "system__secondary_stack__ss_allocate" label: "/home/henley/adacore/repos/adacore_jetson/rts-native-light/gnat/a-strsup.ads:115:8" }
edge: { sourcename: "ada__strings__superbounded__super_trim__2" targetname: "memcpy" }
edge: { sourcename: "ada__strings__superbounded__super_trim__2" targetname: "ada__strings__search__index_non_blank" label: "/home/henley/adacore/repos/adacore_jetson/rts-native-light/gnat/a-strsup.adb:1012:20" }
edge: { sourcename: "ada__strings__superbounded__super_trim__2" targetname: "system__secondary_stack__ss_release" label: "/home/henley/adacore/repos/adacore_jetson/rts-native-light/gnat/a-strsup.adb:1012:0" }
edge: { sourcename: "ada__strings__superbounded__super_trim__2" targetname: "memmove" label: "/home/henley/adacore/repos/adacore_jetson/rts-native-light/gnat/a-strsup.adb:1932:53" }
edge: { sourcename: "ada__strings__superbounded__super_trim__2" targetname: "system__secondary_stack__ss_mark" label: "/home/henley/adacore/repos/adacore_jetson/rts-native-light/gnat/a-strsup.adb:1012:7" }
edge: { sourcename: "ada__strings__superbounded__super_trim__2" targetname: "system__secondary_stack__ss_allocate" label: "/home/henley/adacore/repos/adacore_jetson/rts-native-light/gnat/a-strsup.ads:115:8" }
edge: { sourcename: "ada__strings__superbounded__super_trim__2" targetname: "memcpy" }
edge: { sourcename: "ada__strings__superbounded__super_trim__2" targetname: "ada__strings__search__index_non_blank" label: "/home/henley/adacore/repos/adacore_jetson/rts-native-light/gnat/a-strsup.adb:1012:20" }
edge: { sourcename: "ada__strings__superbounded__super_trim__2" targetname: "system__secondary_stack__ss_release" label: "/home/henley/adacore/repos/adacore_jetson/rts-native-light/gnat/a-strsup.adb:1012:0" }
edge: { sourcename: "ada__strings__superbounded__super_trim__2" targetname: "system__secondary_stack__ss_mark" label: "/home/henley/adacore/repos/adacore_jetson/rts-native-light/gnat/a-strsup.adb:1012:7" }
edge: { sourcename: "ada__strings__superbounded__super_trim__2" targetname: "system__secondary_stack__ss_allocate" label: "/home/henley/adacore/repos/adacore_jetson/rts-native-light/gnat/a-strsup.ads:115:8" }
edge: { sourcename: "ada__strings__superbounded__super_trim__2" targetname: "memcpy" }
edge: { sourcename: "ada__strings__superbounded__super_trim__2" targetname: "ada__strings__search__index_non_blank" label: "/home/henley/adacore/repos/adacore_jetson/rts-native-light/gnat/a-strsup.adb:1012:20" }
edge: { sourcename: "ada__strings__superbounded__super_trim__2" targetname: "system__secondary_stack__ss_release" label: "/home/henley/adacore/repos/adacore_jetson/rts-native-light/gnat/a-strsup.adb:1012:0" }
edge: { sourcename: "ada__strings__superbounded__super_trim__2" targetname: "system__secondary_stack__ss_mark" label: "/home/henley/adacore/repos/adacore_jetson/rts-native-light/gnat/a-strsup.adb:1012:7" }
edge: { sourcename: "ada__strings__superbounded__super_trim__2" targetname: "system__secondary_stack__ss_allocate" label: "/home/henley/adacore/repos/adacore_jetson/rts-native-light/gnat/a-strsup.ads:115:8" }
edge: { sourcename: "ada__strings__superbounded__super_trim__2" targetname: "memcpy" }
edge: { sourcename: "ada__strings__superbounded__super_trim__2" targetname: "ada__strings__search__index_non_blank" label: "/home/henley/adacore/repos/adacore_jetson/rts-native-light/gnat/a-strsup.adb:1012:20" }
edge: { sourcename: "ada__strings__superbounded__super_trim__2" targetname: "system__secondary_stack__ss_release" label: "/home/henley/adacore/repos/adacore_jetson/rts-native-light/gnat/a-strsup.adb:1012:0" }
edge: { sourcename: "ada__strings__superbounded__super_trim__2" targetname: "memmove" label: "/home/henley/adacore/repos/adacore_jetson/rts-native-light/gnat/a-strsup.adb:1960:56" }
node: { title: "ada__strings__superbounded__super_trim__3" label: "Super_Trim\n/home/henley/adacore/repos/adacore_jetson/rts-native-light/gnat/a-strsup.adb:1969:4\n96 bytes (static)\n0 dynamic objects" }
edge: { sourcename: "ada__strings__superbounded__super_trim__3" targetname: "system__secondary_stack__ss_allocate" label: "/home/henley/adacore/repos/adacore_jetson/rts-native-light/gnat/a-strsup.adb:1969:4" }
edge: { sourcename: "ada__strings__superbounded__super_trim__3" targetname: "system__secondary_stack__ss_mark" label: "/home/henley/adacore/repos/adacore_jetson/rts-native-light/gnat/a-strsup.adb:957:7" }
edge: { sourcename: "ada__strings__superbounded__super_trim__3" targetname: "system__secondary_stack__ss_allocate" label: "/home/henley/adacore/repos/adacore_jetson/rts-native-light/gnat/a-strsup.ads:115:8" }
edge: { sourcename: "ada__strings__superbounded__super_trim__3" targetname: "memcpy" }
edge: { sourcename: "ada__strings__superbounded__super_trim__3" targetname: "ada__strings__search__index__3" label: "/home/henley/adacore/repos/adacore_jetson/rts-native-light/gnat/a-strsup.adb:957:20" }
edge: { sourcename: "ada__strings__superbounded__super_trim__3" targetname: "system__secondary_stack__ss_release" label: "/home/henley/adacore/repos/adacore_jetson/rts-native-light/gnat/a-strsup.adb:957:0" }
edge: { sourcename: "ada__strings__superbounded__super_trim__3" targetname: "system__secondary_stack__ss_mark" label: "/home/henley/adacore/repos/adacore_jetson/rts-native-light/gnat/a-strsup.adb:957:7" }
edge: { sourcename: "ada__strings__superbounded__super_trim__3" targetname: "system__secondary_stack__ss_allocate" label: "/home/henley/adacore/repos/adacore_jetson/rts-native-light/gnat/a-strsup.ads:115:8" }
edge: { sourcename: "ada__strings__superbounded__super_trim__3" targetname: "memcpy" }
edge: { sourcename: "ada__strings__superbounded__super_trim__3" targetname: "ada__strings__search__index__3" label: "/home/henley/adacore/repos/adacore_jetson/rts-native-light/gnat/a-strsup.adb:957:20" }
edge: { sourcename: "ada__strings__superbounded__super_trim__3" targetname: "system__secondary_stack__ss_release" label: "/home/henley/adacore/repos/adacore_jetson/rts-native-light/gnat/a-strsup.adb:957:0" }
edge: { sourcename: "ada__strings__superbounded__super_trim__3" targetname: "memmove" label: "/home/henley/adacore/repos/adacore_jetson/rts-native-light/gnat/a-strsup.adb:1996:44" }
node: { title: "ada__strings__superbounded__super_trim__4" label: "Super_Trim\n/home/henley/adacore/repos/adacore_jetson/rts-native-light/gnat/a-strsup.adb:2003:4\n80 bytes (dynamic)\n1 dynamic objects\n Temp /home/henley/adacore/repos/adacore_jetson/rts-native-light/gnat/a-strsup.adb:2009:7" }
edge: { sourcename: "ada__strings__superbounded__super_trim__4" targetname: "memcpy" }
edge: { sourcename: "ada__strings__superbounded__super_trim__4" targetname: "system__secondary_stack__ss_mark" label: "/home/henley/adacore/repos/adacore_jetson/rts-native-light/gnat/a-strsup.adb:957:7" }
edge: { sourcename: "ada__strings__superbounded__super_trim__4" targetname: "system__secondary_stack__ss_allocate" label: "/home/henley/adacore/repos/adacore_jetson/rts-native-light/gnat/a-strsup.ads:115:8" }
edge: { sourcename: "ada__strings__superbounded__super_trim__4" targetname: "memcpy" }
edge: { sourcename: "ada__strings__superbounded__super_trim__4" targetname: "ada__strings__search__index__3" label: "/home/henley/adacore/repos/adacore_jetson/rts-native-light/gnat/a-strsup.adb:957:20" }
edge: { sourcename: "ada__strings__superbounded__super_trim__4" targetname: "system__secondary_stack__ss_release" label: "/home/henley/adacore/repos/adacore_jetson/rts-native-light/gnat/a-strsup.adb:957:0" }
edge: { sourcename: "ada__strings__superbounded__super_trim__4" targetname: "system__secondary_stack__ss_mark" label: "/home/henley/adacore/repos/adacore_jetson/rts-native-light/gnat/a-strsup.adb:957:7" }
edge: { sourcename: "ada__strings__superbounded__super_trim__4" targetname: "system__secondary_stack__ss_allocate" label: "/home/henley/adacore/repos/adacore_jetson/rts-native-light/gnat/a-strsup.ads:115:8" }
edge: { sourcename: "ada__strings__superbounded__super_trim__4" targetname: "memcpy" }
edge: { sourcename: "ada__strings__superbounded__super_trim__4" targetname: "ada__strings__search__index__3" label: "/home/henley/adacore/repos/adacore_jetson/rts-native-light/gnat/a-strsup.adb:957:20" }
edge: { sourcename: "ada__strings__superbounded__super_trim__4" targetname: "system__secondary_stack__ss_release" label: "/home/henley/adacore/repos/adacore_jetson/rts-native-light/gnat/a-strsup.adb:957:0" }
edge: { sourcename: "ada__strings__superbounded__super_trim__4" targetname: "memcpy" }
node: { title: "ada__strings__superbounded__times" label: "Times\n/home/henley/adacore/repos/adacore_jetson/rts-native-light/gnat/a-strsup.adb:2047:4\n48 bytes (static)\n0 dynamic objects" }
edge: { sourcename: "ada__strings__superbounded__times" targetname: "system__secondary_stack__ss_allocate" label: "/home/henley/adacore/repos/adacore_jetson/rts-native-light/gnat/a-strsup.adb:2047:4" }
edge: { sourcename: "ada__strings__superbounded__times" targetname: "ada__exceptions__call_last_chance_handler_with_message" label: "/home/henley/adacore/repos/adacore_jetson/rts-native-light/gnat/a-strsup.adb:2056:10" }
edge: { sourcename: "ada__strings__superbounded__times" targetname: "memset" label: "/home/henley/adacore/repos/adacore_jetson/rts-native-light/gnat/a-strsup.adb:2060:29" }
node: { title: "ada__strings__superbounded__times__2" label: "Times\n/home/henley/adacore/repos/adacore_jetson/rts-native-light/gnat/a-strsup.adb:2072:4\n80 bytes (static)\n0 dynamic objects" }
edge: { sourcename: "ada__strings__superbounded__times__2" targetname: "system__secondary_stack__ss_allocate" label: "/home/henley/adacore/repos/adacore_jetson/rts-native-light/gnat/a-strsup.adb:2072:4" }
edge: { sourcename: "ada__strings__superbounded__times__2" targetname: "ada__exceptions__call_last_chance_handler_with_message" label: "/home/henley/adacore/repos/adacore_jetson/rts-native-light/gnat/a-strsup.adb:2136:10" }
edge: { sourcename: "ada__strings__superbounded__times__2" targetname: "memmove" label: "/home/henley/adacore/repos/adacore_jetson/rts-native-light/gnat/a-strsup.adb:2141:52" }
node: { title: "ada__strings__superbounded__times__3" label: "Times\n/home/henley/adacore/repos/adacore_jetson/rts-native-light/gnat/a-strsup.adb:2165:4\n80 bytes (static)\n0 dynamic objects" }
edge: { sourcename: "ada__strings__superbounded__times__3" targetname: "system__secondary_stack__ss_allocate" label: "/home/henley/adacore/repos/adacore_jetson/rts-native-light/gnat/a-strsup.adb:2165:4" }
edge: { sourcename: "ada__strings__superbounded__times__3" targetname: "ada__exceptions__call_last_chance_handler_with_message" label: "/home/henley/adacore/repos/adacore_jetson/rts-native-light/gnat/a-strsup.adb:2176:10" }
edge: { sourcename: "ada__strings__superbounded__times__3" targetname: "memmove" label: "/home/henley/adacore/repos/adacore_jetson/rts-native-light/gnat/a-strsup.adb:2181:52" }
node: { title: "ada__strings__superbounded__to_super_string" label: "To_Super_String\n/home/henley/adacore/repos/adacore_jetson/rts-native-light/gnat/a-strsup.adb:2203:4\n64 bytes (static)\n0 dynamic objects" }
edge: { sourcename: "ada__strings__superbounded__to_super_string" targetname: "system__secondary_stack__ss_allocate" label: "/home/henley/adacore/repos/adacore_jetson/rts-native-light/gnat/a-strsup.adb:2203:4" }
edge: { sourcename: "ada__strings__superbounded__to_super_string" targetname: "memcpy" }
edge: { sourcename: "ada__strings__superbounded__to_super_string" targetname: "memmove" label: "/home/henley/adacore/repos/adacore_jetson/rts-native-light/gnat/a-strsup.adb:2219:46" }
edge: { sourcename: "ada__strings__superbounded__to_super_string" targetname: "memmove" label: "/home/henley/adacore/repos/adacore_jetson/rts-native-light/gnat/a-strsup.adb:2224:46" }
edge: { sourcename: "ada__strings__superbounded__to_super_string" targetname: "ada__exceptions__call_last_chance_handler_with_message" label: "/home/henley/adacore/repos/adacore_jetson/rts-native-light/gnat/a-strsup.adb:2229:16" }
}
