graph: { title: "/home/henley/adacore/repos/adacore_jetson/rts-native-light/gnat/a-strfix.adb"
node: { title: "ada__strings__fixed__index__3" label: "Index\n/home/henley/adacore/repos/adacore_jetson/rts-native-light/gnat/a-strfix.adb:57:13\n0 bytes (static)\n0 dynamic objects" }
node: { title: "ada__strings__search__index" label: "Index\n/home/henley/adacore/repos/adacore_jetson/rts-native-light/gnat/a-strsea.ads:102:13" shape : ellipse }
edge: { sourcename: "ada__strings__fixed__index__3" targetname: "ada__strings__search__index" label: "/home/henley/adacore/repos/adacore_jetson/rts-native-light/gnat/a-strfix.adb:57:13" }
node: { title: "ada__strings__fixed__index__4" label: "Index\n/home/henley/adacore/repos/adacore_jetson/rts-native-light/gnat/a-strfix.adb:64:13\n0 bytes (static)\n0 dynamic objects" }
node: { title: "ada__strings__search__index__2" label: "Index\n/home/henley/adacore/repos/adacore_jetson/rts-native-light/gnat/a-strsea.ads:152:13" shape : ellipse }
edge: { sourcename: "ada__strings__fixed__index__4" targetname: "ada__strings__search__index__2" label: "/home/henley/adacore/repos/adacore_jetson/rts-native-light/gnat/a-strfix.adb:64:13" }
node: { title: "ada__strings__fixed__index__5" label: "Index\n/home/henley/adacore/repos/adacore_jetson/rts-native-light/gnat/a-strfix.adb:71:13\n0 bytes (static)\n0 dynamic objects" }
node: { title: "ada__strings__search__index__3" label: "Index\n/home/henley/adacore/repos/adacore_jetson/rts-native-light/gnat/a-strsea.ads:199:13" shape : ellipse }
edge: { sourcename: "ada__strings__fixed__index__5" targetname: "ada__strings__search__index__3" label: "/home/henley/adacore/repos/adacore_jetson/rts-native-light/gnat/a-strfix.adb:71:13" }
node: { title: "ada__strings__fixed__index__2" label: "Index\n/home/henley/adacore/repos/adacore_jetson/rts-native-light/gnat/a-strfix.adb:78:13\n0 bytes (static)\n0 dynamic objects" }
node: { title: "ada__strings__search__index__4" label: "Index\n/home/henley/adacore/repos/adacore_jetson/rts-native-light/gnat/a-strsea.ads:242:13" shape : ellipse }
edge: { sourcename: "ada__strings__fixed__index__2" targetname: "ada__strings__search__index__4" label: "/home/henley/adacore/repos/adacore_jetson/rts-native-light/gnat/a-strfix.adb:78:13" }
node: { title: "ada__strings__fixed__index" label: "Index\n/home/henley/adacore/repos/adacore_jetson/rts-native-light/gnat/a-strfix.adb:86:13\n0 bytes (static)\n0 dynamic objects" }
node: { title: "ada__strings__search__index__5" label: "Index\n/home/henley/adacore/repos/adacore_jetson/rts-native-light/gnat/a-strsea.ads:299:13" shape : ellipse }
edge: { sourcename: "ada__strings__fixed__index" targetname: "ada__strings__search__index__5" label: "/home/henley/adacore/repos/adacore_jetson/rts-native-light/gnat/a-strfix.adb:86:13" }
node: { title: "ada__strings__fixed__index__6" label: "Index\n/home/henley/adacore/repos/adacore_jetson/rts-native-light/gnat/a-strfix.adb:94:13\n0 bytes (static)\n0 dynamic objects" }
node: { title: "ada__strings__search__index__6" label: "Index\n/home/henley/adacore/repos/adacore_jetson/rts-native-light/gnat/a-strsea.ads:357:13" shape : ellipse }
edge: { sourcename: "ada__strings__fixed__index__6" targetname: "ada__strings__search__index__6" label: "/home/henley/adacore/repos/adacore_jetson/rts-native-light/gnat/a-strfix.adb:94:13" }
node: { title: "ada__strings__fixed__index_non_blank__2" label: "Index_Non_Blank\n/home/henley/adacore/repos/adacore_jetson/rts-native-light/gnat/a-strfix.adb:102:13\n0 bytes (static)\n0 dynamic objects" }
node: { title: "ada__strings__search__index_non_blank" label: "Index_Non_Blank\n/home/henley/adacore/repos/adacore_jetson/rts-native-light/gnat/a-strsea.ads:412:13" shape : ellipse }
edge: { sourcename: "ada__strings__fixed__index_non_blank__2" targetname: "ada__strings__search__index_non_blank" label: "/home/henley/adacore/repos/adacore_jetson/rts-native-light/gnat/a-strfix.adb:102:13" }
node: { title: "ada__strings__fixed__index_non_blank" label: "Index_Non_Blank\n/home/henley/adacore/repos/adacore_jetson/rts-native-light/gnat/a-strfix.adb:107:13\n0 bytes (static)\n0 dynamic objects" }
node: { title: "ada__strings__search__index_non_blank__2" label: "Index_Non_Blank\n/home/henley/adacore/repos/adacore_jetson/rts-native-light/gnat/a-strsea.ads:448:13" shape : ellipse }
edge: { sourcename: "ada__strings__fixed__index_non_blank" targetname: "ada__strings__search__index_non_blank__2" label: "/home/henley/adacore/repos/adacore_jetson/rts-native-light/gnat/a-strfix.adb:107:13" }
node: { title: "ada__strings__fixed__count" label: "Count\n/home/henley/adacore/repos/adacore_jetson/rts-native-light/gnat/a-strfix.adb:113:13\n0 bytes (static)\n0 dynamic objects" }
node: { title: "ada__strings__search__count" label: "Count\n/home/henley/adacore/repos/adacore_jetson/rts-native-light/gnat/a-strsea.ads:497:13" shape : ellipse }
edge: { sourcename: "ada__strings__fixed__count" targetname: "ada__strings__search__count" label: "/home/henley/adacore/repos/adacore_jetson/rts-native-light/gnat/a-strfix.adb:113:13" }
node: { title: "ada__strings__fixed__count__2" label: "Count\n/home/henley/adacore/repos/adacore_jetson/rts-native-light/gnat/a-strfix.adb:119:13\n0 bytes (static)\n0 dynamic objects" }
node: { title: "ada__strings__search__count__2" label: "Count\n/home/henley/adacore/repos/adacore_jetson/rts-native-light/gnat/a-strsea.ads:505:13" shape : ellipse }
edge: { sourcename: "ada__strings__fixed__count__2" targetname: "ada__strings__search__count__2" label: "/home/henley/adacore/repos/adacore_jetson/rts-native-light/gnat/a-strfix.adb:119:13" }
node: { title: "ada__strings__fixed__count__3" label: "Count\n/home/henley/adacore/repos/adacore_jetson/rts-native-light/gnat/a-strfix.adb:125:13\n0 bytes (static)\n0 dynamic objects" }
node: { title: "ada__strings__search__count__3" label: "Count\n/home/henley/adacore/repos/adacore_jetson/rts-native-light/gnat/a-strsea.ads:513:13" shape : ellipse }
edge: { sourcename: "ada__strings__fixed__count__3" targetname: "ada__strings__search__count__3" label: "/home/henley/adacore/repos/adacore_jetson/rts-native-light/gnat/a-strfix.adb:125:13" }
node: { title: "ada__strings__fixed__find_token" label: "Find_Token\n/home/henley/adacore/repos/adacore_jetson/rts-native-light/gnat/a-strfix.adb:130:14\n16 bytes (static)\n0 dynamic objects" }
node: { title: "ada__strings__search__find_token" label: "Find_Token\n/home/henley/adacore/repos/adacore_jetson/rts-native-light/gnat/a-strsea.ads:519:14" shape : ellipse }
edge: { sourcename: "ada__strings__fixed__find_token" targetname: "ada__strings__search__find_token" label: "/home/henley/adacore/repos/adacore_jetson/rts-native-light/gnat/a-strfix.adb:130:14" }
node: { title: "ada__strings__fixed__find_token__2" label: "Find_Token\n/home/henley/adacore/repos/adacore_jetson/rts-native-light/gnat/a-strfix.adb:139:14\n16 bytes (static)\n0 dynamic objects" }
node: { title: "ada__strings__search__find_token__2" label: "Find_Token\n/home/henley/adacore/repos/adacore_jetson/rts-native-light/gnat/a-strsea.ads:573:14" shape : ellipse }
edge: { sourcename: "ada__strings__fixed__find_token__2" targetname: "ada__strings__search__find_token__2" label: "/home/henley/adacore/repos/adacore_jetson/rts-native-light/gnat/a-strfix.adb:139:14" }
node: { title: "ada__strings__fixed__Omultiply" label: "*\n/home/henley/adacore/repos/adacore_jetson/rts-native-light/gnat/a-strfix.adb:151:4\n64 bytes (static)\n0 dynamic objects" }
node: { title: "system__secondary_stack__ss_allocate" label: "Ss_Allocate\n/home/henley/adacore/repos/adacore_jetson/rts-native-light/gnat/s-secsta.ads:58:14" shape : ellipse }
edge: { sourcename: "ada__strings__fixed__Omultiply" targetname: "system__secondary_stack__ss_allocate" label: "/home/henley/adacore/repos/adacore_jetson/rts-native-light/gnat/a-strfix.adb:156:7" }
node: { title: "memset" label: "builtin_memset\n<built-in>" shape : ellipse }
edge: { sourcename: "ada__strings__fixed__Omultiply" targetname: "memset" label: "/home/henley/adacore/repos/adacore_jetson/rts-native-light/gnat/a-strfix.adb:158:24" }
node: { title: "ada__strings__fixed__Omultiply__2" label: "*\n/home/henley/adacore/repos/adacore_jetson/rts-native-light/gnat/a-strfix.adb:166:4\n80 bytes (static)\n0 dynamic objects" }
edge: { sourcename: "ada__strings__fixed__Omultiply__2" targetname: "system__secondary_stack__ss_allocate" label: "/home/henley/adacore/repos/adacore_jetson/rts-native-light/gnat/a-strfix.adb:232:10" }
edge: { sourcename: "ada__strings__fixed__Omultiply__2" targetname: "system__secondary_stack__ss_allocate" label: "/home/henley/adacore/repos/adacore_jetson/rts-native-light/gnat/a-strfix.adb:235:7" }
node: { title: "memmove" label: "builtin_memmove\n<built-in>" shape : ellipse }
edge: { sourcename: "ada__strings__fixed__Omultiply__2" targetname: "memmove" label: "/home/henley/adacore/repos/adacore_jetson/rts-native-light/gnat/a-strfix.adb:239:52" }
node: { title: "ada__strings__fixed__delete" label: "Delete\n/home/henley/adacore/repos/adacore_jetson/rts-native-light/gnat/a-strfix.adb:255:4\n96 bytes (static)\n0 dynamic objects" }
edge: { sourcename: "ada__strings__fixed__delete" targetname: "system__secondary_stack__ss_allocate" label: "/home/henley/adacore/repos/adacore_jetson/rts-native-light/gnat/a-strfix.adb:266:13" }
node: { title: "memcpy" label: "builtin_memcpy\n<built-in>" shape : ellipse }
edge: { sourcename: "ada__strings__fixed__delete" targetname: "memcpy" }
edge: { sourcename: "ada__strings__fixed__delete" targetname: "system__secondary_stack__ss_allocate" label: "/home/henley/adacore/repos/adacore_jetson/rts-native-light/gnat/a-strfix.adb:281:13" }
edge: { sourcename: "ada__strings__fixed__delete" targetname: "memcpy" }
node: { title: "ada__exceptions__call_last_chance_handler_with_message" label: "Call_Last_Chance_Handler_With_Message\n/home/henley/adacore/repos/adacore_jetson/rts-native-light/gnat/a-except.adb:40:14" shape : ellipse }
edge: { sourcename: "ada__strings__fixed__delete" targetname: "ada__exceptions__call_last_chance_handler_with_message" label: "/home/henley/adacore/repos/adacore_jetson/rts-native-light/gnat/a-strfix.adb:283:13" }
edge: { sourcename: "ada__strings__fixed__delete" targetname: "system__secondary_stack__ss_allocate" label: "/home/henley/adacore/repos/adacore_jetson/rts-native-light/gnat/a-strfix.adb:291:13" }
edge: { sourcename: "ada__strings__fixed__delete" targetname: "memcpy" }
edge: { sourcename: "ada__strings__fixed__delete" targetname: "memcpy" }
node: { title: "ada__strings__fixed__head" label: "Head\n/home/henley/adacore/repos/adacore_jetson/rts-native-light/gnat/a-strfix.adb:324:4\n80 bytes (static)\n0 dynamic objects" }
edge: { sourcename: "ada__strings__fixed__head" targetname: "system__secondary_stack__ss_allocate" label: "/home/henley/adacore/repos/adacore_jetson/rts-native-light/gnat/a-strfix.adb:333:10" }
edge: { sourcename: "ada__strings__fixed__head" targetname: "memcpy" }
edge: { sourcename: "ada__strings__fixed__head" targetname: "system__secondary_stack__ss_allocate" label: "/home/henley/adacore/repos/adacore_jetson/rts-native-light/gnat/a-strfix.adb:337:10" }
edge: { sourcename: "ada__strings__fixed__head" targetname: "memcpy" }
edge: { sourcename: "ada__strings__fixed__head" targetname: "memset" label: "/home/henley/adacore/repos/adacore_jetson/rts-native-light/gnat/a-strfix.adb:341:27" }
node: { title: "ada__strings__fixed__insert" label: "Insert\n/home/henley/adacore/repos/adacore_jetson/rts-native-light/gnat/a-strfix.adb:368:4\n112 bytes (static)\n0 dynamic objects" }
edge: { sourcename: "ada__strings__fixed__insert" targetname: "ada__exceptions__call_last_chance_handler_with_message" label: "/home/henley/adacore/repos/adacore_jetson/rts-native-light/gnat/a-strfix.adb:377:10" }
edge: { sourcename: "ada__strings__fixed__insert" targetname: "system__secondary_stack__ss_allocate" label: "/home/henley/adacore/repos/adacore_jetson/rts-native-light/gnat/a-strfix.adb:380:7" }
edge: { sourcename: "ada__strings__fixed__insert" targetname: "memcpy" }
edge: { sourcename: "ada__strings__fixed__insert" targetname: "memcpy" }
edge: { sourcename: "ada__strings__fixed__insert" targetname: "memcpy" }
node: { title: "ada__strings__fixed__move" label: "Move\n/home/henley/adacore/repos/adacore_jetson/rts-native-light/gnat/a-strfix.adb:420:4\n96 bytes (static)\n0 dynamic objects" }
edge: { sourcename: "ada__strings__fixed__move" targetname: "memmove" label: "/home/henley/adacore/repos/adacore_jetson/rts-native-light/gnat/a-strfix.adb:454:17" }
edge: { sourcename: "ada__strings__fixed__move" targetname: "memmove" label: "/home/henley/adacore/repos/adacore_jetson/rts-native-light/gnat/a-strfix.adb:459:23" }
edge: { sourcename: "ada__strings__fixed__move" targetname: "memmove" label: "/home/henley/adacore/repos/adacore_jetson/rts-native-light/gnat/a-strfix.adb:462:23" }
edge: { sourcename: "ada__strings__fixed__move" targetname: "memmove" label: "/home/henley/adacore/repos/adacore_jetson/rts-native-light/gnat/a-strfix.adb:468:32" }
edge: { sourcename: "ada__strings__fixed__move" targetname: "memmove" label: "/home/henley/adacore/repos/adacore_jetson/rts-native-light/gnat/a-strfix.adb:476:32" }
edge: { sourcename: "ada__strings__fixed__move" targetname: "ada__exceptions__call_last_chance_handler_with_message" label: "/home/henley/adacore/repos/adacore_jetson/rts-native-light/gnat/a-strfix.adb:482:22" }
edge: { sourcename: "ada__strings__fixed__move" targetname: "memmove" label: "/home/henley/adacore/repos/adacore_jetson/rts-native-light/gnat/a-strfix.adb:491:56" }
edge: { sourcename: "ada__strings__fixed__move" targetname: "memset" label: "/home/henley/adacore/repos/adacore_jetson/rts-native-light/gnat/a-strfix.adb:494:30" }
edge: { sourcename: "ada__strings__fixed__move" targetname: "memset" label: "/home/henley/adacore/repos/adacore_jetson/rts-native-light/gnat/a-strfix.adb:499:30" }
edge: { sourcename: "ada__strings__fixed__move" targetname: "memmove" label: "/home/henley/adacore/repos/adacore_jetson/rts-native-light/gnat/a-strfix.adb:502:54" }
edge: { sourcename: "ada__strings__fixed__move" targetname: "memset" label: "/home/henley/adacore/repos/adacore_jetson/rts-native-light/gnat/a-strfix.adb:511:33" }
edge: { sourcename: "ada__strings__fixed__move" targetname: "memmove" label: "/home/henley/adacore/repos/adacore_jetson/rts-native-light/gnat/a-strfix.adb:514:69" }
edge: { sourcename: "ada__strings__fixed__move" targetname: "memset" label: "/home/henley/adacore/repos/adacore_jetson/rts-native-light/gnat/a-strfix.adb:517:33" }
edge: { sourcename: "ada__strings__fixed__move" targetname: "ada__exceptions__call_last_chance_handler_with_message" label: "/home/henley/adacore/repos/adacore_jetson/rts-native-light/gnat/a-strfix.adb:471:25" }
edge: { sourcename: "ada__strings__fixed__move" targetname: "ada__exceptions__call_last_chance_handler_with_message" label: "/home/henley/adacore/repos/adacore_jetson/rts-native-light/gnat/a-strfix.adb:478:25" }
node: { title: "ada__strings__fixed__delete__2" label: "Delete\n/home/henley/adacore/repos/adacore_jetson/rts-native-light/gnat/a-strfix.adb:306:4\n64 bytes (static)\n0 dynamic objects" }
node: { title: "system__secondary_stack__ss_mark" label: "Ss_Mark\n/home/henley/adacore/repos/adacore_jetson/rts-native-light/gnat/s-secsta.ads:67:13" shape : ellipse }
edge: { sourcename: "ada__strings__fixed__delete__2" targetname: "system__secondary_stack__ss_mark" label: "/home/henley/adacore/repos/adacore_jetson/rts-native-light/gnat/a-strfix.adb:314:7" }
edge: { sourcename: "ada__strings__fixed__delete__2" targetname: "ada__strings__fixed__delete" label: "/home/henley/adacore/repos/adacore_jetson/rts-native-light/gnat/a-strfix.adb:314:24" }
edge: { sourcename: "ada__strings__fixed__delete__2" targetname: "ada__strings__fixed__move" label: "/home/henley/adacore/repos/adacore_jetson/rts-native-light/gnat/a-strfix.adb:314:7" }
node: { title: "system__secondary_stack__ss_release" label: "Ss_Release\n/home/henley/adacore/repos/adacore_jetson/rts-native-light/gnat/s-secsta.ads:70:14" shape : ellipse }
edge: { sourcename: "ada__strings__fixed__delete__2" targetname: "system__secondary_stack__ss_release" label: "/home/henley/adacore/repos/adacore_jetson/rts-native-light/gnat/a-strfix.adb:314:0" }
node: { title: "ada__strings__fixed__head__2" label: "Head\n/home/henley/adacore/repos/adacore_jetson/rts-native-light/gnat/a-strfix.adb:350:4\n64 bytes (static)\n0 dynamic objects" }
edge: { sourcename: "ada__strings__fixed__head__2" targetname: "system__secondary_stack__ss_mark" label: "/home/henley/adacore/repos/adacore_jetson/rts-native-light/gnat/a-strfix.adb:357:7" }
edge: { sourcename: "ada__strings__fixed__head__2" targetname: "ada__strings__fixed__head" label: "/home/henley/adacore/repos/adacore_jetson/rts-native-light/gnat/a-strfix.adb:357:24" }
edge: { sourcename: "ada__strings__fixed__head__2" targetname: "ada__strings__fixed__move" label: "/home/henley/adacore/repos/adacore_jetson/rts-native-light/gnat/a-strfix.adb:357:7" }
edge: { sourcename: "ada__strings__fixed__head__2" targetname: "system__secondary_stack__ss_release" label: "/home/henley/adacore/repos/adacore_jetson/rts-native-light/gnat/a-strfix.adb:357:0" }
node: { title: "ada__strings__fixed__insert__2" label: "Insert\n/home/henley/adacore/repos/adacore_jetson/rts-native-light/gnat/a-strfix.adb:404:4\n64 bytes (static)\n0 dynamic objects" }
edge: { sourcename: "ada__strings__fixed__insert__2" targetname: "system__secondary_stack__ss_mark" label: "/home/henley/adacore/repos/adacore_jetson/rts-native-light/gnat/a-strfix.adb:411:7" }
edge: { sourcename: "ada__strings__fixed__insert__2" targetname: "ada__strings__fixed__insert" label: "/home/henley/adacore/repos/adacore_jetson/rts-native-light/gnat/a-strfix.adb:411:23" }
edge: { sourcename: "ada__strings__fixed__insert__2" targetname: "ada__strings__fixed__move" label: "/home/henley/adacore/repos/adacore_jetson/rts-native-light/gnat/a-strfix.adb:411:7" }
edge: { sourcename: "ada__strings__fixed__insert__2" targetname: "system__secondary_stack__ss_release" label: "/home/henley/adacore/repos/adacore_jetson/rts-native-light/gnat/a-strfix.adb:411:0" }
node: { title: "ada__strings__fixed__overwrite" label: "Overwrite\n/home/henley/adacore/repos/adacore_jetson/rts-native-light/gnat/a-strfix.adb:528:4\n112 bytes (static)\n0 dynamic objects" }
edge: { sourcename: "ada__strings__fixed__overwrite" targetname: "ada__exceptions__call_last_chance_handler_with_message" label: "/home/henley/adacore/repos/adacore_jetson/rts-native-light/gnat/a-strfix.adb:534:10" }
edge: { sourcename: "ada__strings__fixed__overwrite" targetname: "system__secondary_stack__ss_allocate" label: "/home/henley/adacore/repos/adacore_jetson/rts-native-light/gnat/a-strfix.adb:544:10" }
edge: { sourcename: "ada__strings__fixed__overwrite" targetname: "memcpy" }
edge: { sourcename: "ada__strings__fixed__overwrite" targetname: "memcpy" }
edge: { sourcename: "ada__strings__fixed__overwrite" targetname: "memcpy" }
node: { title: "ada__strings__fixed__overwrite__2" label: "Overwrite\n/home/henley/adacore/repos/adacore_jetson/rts-native-light/gnat/a-strfix.adb:574:4\n64 bytes (static)\n0 dynamic objects" }
edge: { sourcename: "ada__strings__fixed__overwrite__2" targetname: "system__secondary_stack__ss_mark" label: "/home/henley/adacore/repos/adacore_jetson/rts-native-light/gnat/a-strfix.adb:581:7" }
edge: { sourcename: "ada__strings__fixed__overwrite__2" targetname: "ada__strings__fixed__overwrite" label: "/home/henley/adacore/repos/adacore_jetson/rts-native-light/gnat/a-strfix.adb:581:23" }
edge: { sourcename: "ada__strings__fixed__overwrite__2" targetname: "ada__strings__fixed__move" label: "/home/henley/adacore/repos/adacore_jetson/rts-native-light/gnat/a-strfix.adb:581:7" }
edge: { sourcename: "ada__strings__fixed__overwrite__2" targetname: "system__secondary_stack__ss_release" label: "/home/henley/adacore/repos/adacore_jetson/rts-native-light/gnat/a-strfix.adb:581:0" }
node: { title: "ada__strings__fixed__replace_slice" label: "Replace_Slice\n/home/henley/adacore/repos/adacore_jetson/rts-native-light/gnat/a-strfix.adb:590:4\n112 bytes (static)\n0 dynamic objects" }
edge: { sourcename: "ada__strings__fixed__replace_slice" targetname: "ada__exceptions__call_last_chance_handler_with_message" label: "/home/henley/adacore/repos/adacore_jetson/rts-native-light/gnat/a-strfix.adb:597:10" }
edge: { sourcename: "ada__strings__fixed__replace_slice" targetname: "system__secondary_stack__ss_allocate" label: "/home/henley/adacore/repos/adacore_jetson/rts-native-light/gnat/a-strfix.adb:614:13" }
edge: { sourcename: "ada__strings__fixed__replace_slice" targetname: "memcpy" }
edge: { sourcename: "ada__strings__fixed__replace_slice" targetname: "memcpy" }
edge: { sourcename: "ada__strings__fixed__replace_slice" targetname: "memcpy" }
edge: { sourcename: "ada__strings__fixed__replace_slice" targetname: "ada__strings__fixed__insert" label: "/home/henley/adacore/repos/adacore_jetson/rts-native-light/gnat/a-strfix.adb:645:17" }
node: { title: "ada__strings__fixed__replace_slice__2" label: "Replace_Slice\n/home/henley/adacore/repos/adacore_jetson/rts-native-light/gnat/a-strfix.adb:649:4\n96 bytes (static)\n0 dynamic objects" }
edge: { sourcename: "ada__strings__fixed__replace_slice__2" targetname: "system__secondary_stack__ss_mark" label: "/home/henley/adacore/repos/adacore_jetson/rts-native-light/gnat/a-strfix.adb:659:7" }
edge: { sourcename: "ada__strings__fixed__replace_slice__2" targetname: "ada__strings__fixed__replace_slice" label: "/home/henley/adacore/repos/adacore_jetson/rts-native-light/gnat/a-strfix.adb:659:13" }
edge: { sourcename: "ada__strings__fixed__replace_slice__2" targetname: "ada__strings__fixed__move" label: "/home/henley/adacore/repos/adacore_jetson/rts-native-light/gnat/a-strfix.adb:659:7" }
edge: { sourcename: "ada__strings__fixed__replace_slice__2" targetname: "system__secondary_stack__ss_release" label: "/home/henley/adacore/repos/adacore_jetson/rts-native-light/gnat/a-strfix.adb:659:0" }
node: { title: "ada__strings__fixed__tail" label: "Tail\n/home/henley/adacore/repos/adacore_jetson/rts-native-light/gnat/a-strfix.adb:666:4\n80 bytes (static)\n0 dynamic objects" }
edge: { sourcename: "ada__strings__fixed__tail" targetname: "system__secondary_stack__ss_allocate" label: "/home/henley/adacore/repos/adacore_jetson/rts-native-light/gnat/a-strfix.adb:675:10" }
edge: { sourcename: "ada__strings__fixed__tail" targetname: "system__secondary_stack__ss_allocate" label: "/home/henley/adacore/repos/adacore_jetson/rts-native-light/gnat/a-strfix.adb:678:10" }
edge: { sourcename: "ada__strings__fixed__tail" targetname: "memcpy" }
edge: { sourcename: "ada__strings__fixed__tail" targetname: "system__secondary_stack__ss_allocate" label: "/home/henley/adacore/repos/adacore_jetson/rts-native-light/gnat/a-strfix.adb:683:10" }
edge: { sourcename: "ada__strings__fixed__tail" targetname: "memcpy" }
edge: { sourcename: "ada__strings__fixed__tail" targetname: "memset" label: "/home/henley/adacore/repos/adacore_jetson/rts-native-light/gnat/a-strfix.adb:685:27" }
edge: { sourcename: "ada__strings__fixed__tail" targetname: "memset" label: "/home/henley/adacore/repos/adacore_jetson/rts-native-light/gnat/a-strfix.adb:685:27" }
node: { title: "ada__strings__fixed__tail__2" label: "Tail\n/home/henley/adacore/repos/adacore_jetson/rts-native-light/gnat/a-strfix.adb:698:4\n64 bytes (static)\n0 dynamic objects" }
edge: { sourcename: "ada__strings__fixed__tail__2" targetname: "system__secondary_stack__ss_mark" label: "/home/henley/adacore/repos/adacore_jetson/rts-native-light/gnat/a-strfix.adb:705:7" }
edge: { sourcename: "ada__strings__fixed__tail__2" targetname: "ada__strings__fixed__tail" label: "/home/henley/adacore/repos/adacore_jetson/rts-native-light/gnat/a-strfix.adb:705:24" }
edge: { sourcename: "ada__strings__fixed__tail__2" targetname: "ada__strings__fixed__move" label: "/home/henley/adacore/repos/adacore_jetson/rts-native-light/gnat/a-strfix.adb:705:7" }
edge: { sourcename: "ada__strings__fixed__tail__2" targetname: "system__secondary_stack__ss_release" label: "/home/henley/adacore/repos/adacore_jetson/rts-native-light/gnat/a-strfix.adb:705:0" }
node: { title: "ada__strings__fixed__translate__2" label: "Translate\n/home/henley/adacore/repos/adacore_jetson/rts-native-light/gnat/a-strfix.adb:716:4\n64 bytes (static)\n0 dynamic objects" }
edge: { sourcename: "ada__strings__fixed__translate__2" targetname: "system__secondary_stack__ss_allocate" label: "/home/henley/adacore/repos/adacore_jetson/rts-native-light/gnat/a-strfix.adb:721:7" }
node: { title: "ada__strings__fixed__translate__4" label: "Translate\n/home/henley/adacore/repos/adacore_jetson/rts-native-light/gnat/a-strfix.adb:737:4\n0 bytes (static)\n0 dynamic objects" }
node: { title: "ada__strings__fixed__translate" label: "Translate\n/home/henley/adacore/repos/adacore_jetson/rts-native-light/gnat/a-strfix.adb:750:4\n96 bytes (static)\n0 dynamic objects" }
edge: { sourcename: "ada__strings__fixed__translate" targetname: "system__secondary_stack__ss_allocate" label: "/home/henley/adacore/repos/adacore_jetson/rts-native-light/gnat/a-strfix.adb:756:7" }
node: { title: "__gnat_last_chance_handler" label: "gnat_last_chance_handler\n<built-in>" shape : ellipse }
edge: { sourcename: "ada__strings__fixed__translate" targetname: "__gnat_last_chance_handler" label: "/home/henley/adacore/repos/adacore_jetson/rts-native-light/gnat/a-strfix.adb:760:56" }
node: { title: "__indirect_call" label: "Indirect Call Placeholder" shape : ellipse }
edge: { sourcename: "ada__strings__fixed__translate" targetname: "__indirect_call" label: "/home/henley/adacore/repos/adacore_jetson/rts-native-light/gnat/a-strfix.adb:760:56" }
node: { title: "ada__strings__fixed__translate__3" label: "Translate\n/home/henley/adacore/repos/adacore_jetson/rts-native-light/gnat/a-strfix.adb:771:4\n48 bytes (static)\n0 dynamic objects" }
edge: { sourcename: "ada__strings__fixed__translate__3" targetname: "__gnat_last_chance_handler" label: "/home/henley/adacore/repos/adacore_jetson/rts-native-light/gnat/a-strfix.adb:778:32" }
edge: { sourcename: "ada__strings__fixed__translate__3" targetname: "__indirect_call" label: "/home/henley/adacore/repos/adacore_jetson/rts-native-light/gnat/a-strfix.adb:778:32" }
node: { title: "ada__strings__fixed__trim" label: "Trim\n/home/henley/adacore/repos/adacore_jetson/rts-native-light/gnat/a-strfix.adb:789:4\n80 bytes (static)\n0 dynamic objects" }
edge: { sourcename: "ada__strings__fixed__trim" targetname: "ada__strings__search__index_non_blank" label: "/home/henley/adacore/repos/adacore_jetson/rts-native-light/gnat/a-strfix.adb:102:13" }
edge: { sourcename: "ada__strings__fixed__trim" targetname: "system__secondary_stack__ss_allocate" label: "/home/henley/adacore/repos/adacore_jetson/rts-native-light/gnat/a-strfix.adb:805:19" }
edge: { sourcename: "ada__strings__fixed__trim" targetname: "system__secondary_stack__ss_allocate" label: "/home/henley/adacore/repos/adacore_jetson/rts-native-light/gnat/a-strfix.adb:811:19" }
edge: { sourcename: "ada__strings__fixed__trim" targetname: "memcpy" }
edge: { sourcename: "ada__strings__fixed__trim" targetname: "ada__strings__search__index_non_blank" label: "/home/henley/adacore/repos/adacore_jetson/rts-native-light/gnat/a-strfix.adb:102:13" }
edge: { sourcename: "ada__strings__fixed__trim" targetname: "system__secondary_stack__ss_allocate" label: "/home/henley/adacore/repos/adacore_jetson/rts-native-light/gnat/a-strfix.adb:822:19" }
edge: { sourcename: "ada__strings__fixed__trim" targetname: "system__secondary_stack__ss_allocate" label: "/home/henley/adacore/repos/adacore_jetson/rts-native-light/gnat/a-strfix.adb:828:19" }
edge: { sourcename: "ada__strings__fixed__trim" targetname: "memcpy" }
edge: { sourcename: "ada__strings__fixed__trim" targetname: "ada__strings__search__index_non_blank" label: "/home/henley/adacore/repos/adacore_jetson/rts-native-light/gnat/a-strfix.adb:102:13" }
edge: { sourcename: "ada__strings__fixed__trim" targetname: "system__secondary_stack__ss_allocate" label: "/home/henley/adacore/repos/adacore_jetson/rts-native-light/gnat/a-strfix.adb:839:19" }
edge: { sourcename: "ada__strings__fixed__trim" targetname: "ada__strings__search__index_non_blank" label: "/home/henley/adacore/repos/adacore_jetson/rts-native-light/gnat/a-strfix.adb:102:13" }
edge: { sourcename: "ada__strings__fixed__trim" targetname: "system__secondary_stack__ss_allocate" label: "/home/henley/adacore/repos/adacore_jetson/rts-native-light/gnat/a-strfix.adb:847:19" }
edge: { sourcename: "ada__strings__fixed__trim" targetname: "memcpy" }
node: { title: "ada__strings__fixed__trim__2" label: "Trim\n/home/henley/adacore/repos/adacore_jetson/rts-native-light/gnat/a-strfix.adb:853:4\n64 bytes (static)\n0 dynamic objects" }
edge: { sourcename: "ada__strings__fixed__trim__2" targetname: "system__secondary_stack__ss_mark" label: "/home/henley/adacore/repos/adacore_jetson/rts-native-light/gnat/a-strfix.adb:860:7" }
edge: { sourcename: "ada__strings__fixed__trim__2" targetname: "ada__strings__fixed__trim" label: "/home/henley/adacore/repos/adacore_jetson/rts-native-light/gnat/a-strfix.adb:860:13" }
edge: { sourcename: "ada__strings__fixed__trim__2" targetname: "ada__strings__fixed__move" label: "/home/henley/adacore/repos/adacore_jetson/rts-native-light/gnat/a-strfix.adb:860:7" }
edge: { sourcename: "ada__strings__fixed__trim__2" targetname: "system__secondary_stack__ss_release" label: "/home/henley/adacore/repos/adacore_jetson/rts-native-light/gnat/a-strfix.adb:860:0" }
node: { title: "ada__strings__fixed__trim__3" label: "Trim\n/home/henley/adacore/repos/adacore_jetson/rts-native-light/gnat/a-strfix.adb:866:4\n64 bytes (static)\n0 dynamic objects" }
edge: { sourcename: "ada__strings__fixed__trim__3" targetname: "ada__strings__search__index__3" label: "/home/henley/adacore/repos/adacore_jetson/rts-native-light/gnat/a-strfix.adb:71:13" }
edge: { sourcename: "ada__strings__fixed__trim__3" targetname: "system__secondary_stack__ss_allocate" label: "/home/henley/adacore/repos/adacore_jetson/rts-native-light/gnat/a-strfix.adb:879:10" }
edge: { sourcename: "ada__strings__fixed__trim__3" targetname: "ada__strings__search__index__3" label: "/home/henley/adacore/repos/adacore_jetson/rts-native-light/gnat/a-strfix.adb:71:13" }
edge: { sourcename: "ada__strings__fixed__trim__3" targetname: "system__secondary_stack__ss_allocate" label: "/home/henley/adacore/repos/adacore_jetson/rts-native-light/gnat/a-strfix.adb:887:10" }
edge: { sourcename: "ada__strings__fixed__trim__3" targetname: "system__secondary_stack__ss_allocate" label: "/home/henley/adacore/repos/adacore_jetson/rts-native-light/gnat/a-strfix.adb:895:10" }
edge: { sourcename: "ada__strings__fixed__trim__3" targetname: "memcpy" }
node: { title: "ada__strings__fixed__trim__4" label: "Trim\n/home/henley/adacore/repos/adacore_jetson/rts-native-light/gnat/a-strfix.adb:899:4\n64 bytes (static)\n0 dynamic objects" }
edge: { sourcename: "ada__strings__fixed__trim__4" targetname: "system__secondary_stack__ss_mark" label: "/home/henley/adacore/repos/adacore_jetson/rts-native-light/gnat/a-strfix.adb:907:7" }
edge: { sourcename: "ada__strings__fixed__trim__4" targetname: "ada__strings__fixed__trim__3" label: "/home/henley/adacore/repos/adacore_jetson/rts-native-light/gnat/a-strfix.adb:907:24" }
edge: { sourcename: "ada__strings__fixed__trim__4" targetname: "ada__strings__fixed__move" label: "/home/henley/adacore/repos/adacore_jetson/rts-native-light/gnat/a-strfix.adb:907:7" }
edge: { sourcename: "ada__strings__fixed__trim__4" targetname: "system__secondary_stack__ss_release" label: "/home/henley/adacore/repos/adacore_jetson/rts-native-light/gnat/a-strfix.adb:907:0" }
}
