graph: { title: "/home/henley/adacore/repos/adacore_jetson/rts-native-light/gnat/s-arit128.adb"
node: { title: "/home/henley/adacore/repos/adacore_jetson/rts-native-light/gnat/s-arit128.adb:system__arith_128__impl__raise_errorXn" label: "Raise_Error\n/home/henley/adacore/repos/adacore_jetson/rts-native-light/gnat/s-aridou.adb:346:4\n16 bytes (static)\n0 dynamic objects" }
node: { title: "ada__exceptions__call_last_chance_handler_with_message" label: "Call_Last_Chance_Handler_With_Message\n/home/henley/adacore/repos/adacore_jetson/rts-native-light/gnat/a-except.adb:40:14" shape : ellipse }
edge: { sourcename: "/home/henley/adacore/repos/adacore_jetson/rts-native-light/gnat/s-arit128.adb:system__arith_128__impl__raise_errorXn" targetname: "ada__exceptions__call_last_chance_handler_with_message" label: "/home/henley/adacore/repos/adacore_jetson/rts-native-light/gnat/a-except.adb:95:10" }
node: { title: "system__arith_128__add_with_ovflo_check128" label: "Add_With_Ovflo_Check128\n/home/henley/adacore/repos/adacore_jetson/rts-native-light/gnat/s-arit128.adb:43:13\n16 bytes (static)\n0 dynamic objects" }
edge: { sourcename: "system__arith_128__add_with_ovflo_check128" targetname: "/home/henley/adacore/repos/adacore_jetson/rts-native-light/gnat/s-arit128.adb:system__arith_128__impl__raise_errorXn" label: "/home/henley/adacore/repos/adacore_jetson/rts-native-light/gnat/s-aridou.adb:126:7" }
node: { title: "system__arith_128__subtract_with_ovflo_check128" label: "Subtract_With_Ovflo_Check128\n/home/henley/adacore/repos/adacore_jetson/rts-native-light/gnat/s-arit128.adb:46:13\n16 bytes (static)\n0 dynamic objects" }
edge: { sourcename: "system__arith_128__subtract_with_ovflo_check128" targetname: "/home/henley/adacore/repos/adacore_jetson/rts-native-light/gnat/s-arit128.adb:system__arith_128__impl__raise_errorXn" label: "/home/henley/adacore/repos/adacore_jetson/rts-native-light/gnat/s-aridou.adb:644:7" }
node: { title: "__gnat_mulv128" label: "Multiply_With_Ovflo_Check128\n/home/henley/adacore/repos/adacore_jetson/rts-native-light/gnat/s-arit128.adb:49:13\n16 bytes (static)\n0 dynamic objects" }
edge: { sourcename: "__gnat_mulv128" targetname: "/home/henley/adacore/repos/adacore_jetson/rts-native-light/gnat/s-arit128.adb:system__arith_128__impl__raise_errorXn" label: "/home/henley/adacore/repos/adacore_jetson/rts-native-light/gnat/s-aridou.adb:298:13" }
node: { title: "system__arith_128__scaled_divide128" label: "Scaled_Divide128\n/home/henley/adacore/repos/adacore_jetson/rts-native-light/gnat/s-arit128.adb:52:14\n224 bytes (static)\n0 dynamic objects" }
edge: { sourcename: "system__arith_128__scaled_divide128" targetname: "/home/henley/adacore/repos/adacore_jetson/rts-native-light/gnat/s-arit128.adb:system__arith_128__impl__raise_errorXn" label: "/home/henley/adacore/repos/adacore_jetson/rts-native-light/gnat/s-aridou.adb:449:13" }
node: { title: "__umodti3" label: "umodti3\n<built-in>" shape : ellipse }
edge: { sourcename: "system__arith_128__scaled_divide128" targetname: "__umodti3" }
node: { title: "__udivti3" label: "udivti3\n<built-in>" shape : ellipse }
edge: { sourcename: "system__arith_128__scaled_divide128" targetname: "__udivti3" }
edge: { sourcename: "system__arith_128__scaled_divide128" targetname: "__udivti3" }
edge: { sourcename: "system__arith_128__scaled_divide128" targetname: "__umodti3" }
edge: { sourcename: "system__arith_128__scaled_divide128" targetname: "__udivti3" }
node: { title: "system__arith_128__double_divide128" label: "Double_Divide128\n/home/henley/adacore/repos/adacore_jetson/rts-native-light/gnat/s-arit128.adb:58:14\n112 bytes (static)\n0 dynamic objects" }
edge: { sourcename: "system__arith_128__double_divide128" targetname: "/home/henley/adacore/repos/adacore_jetson/rts-native-light/gnat/s-arit128.adb:system__arith_128__impl__raise_errorXn" label: "/home/henley/adacore/repos/adacore_jetson/rts-native-light/gnat/s-aridou.adb:154:10" }
edge: { sourcename: "system__arith_128__double_divide128" targetname: "__udivti3" }
edge: { sourcename: "system__arith_128__double_divide128" targetname: "__umodti3" }
}
