graph: { title: "/home/henley/adacore/repos/adacore_jetson/rts-native-light/gnat/s-boarop.ads"
node: { title: "system__boolean_array_operations__vector_nxor" label: "Vector_Nxor\n/home/henley/adacore/repos/adacore_jetson/rts-native-light/gnat/s-geveop.adb:48:4\n0 bytes (static)\n0 dynamic objects" }
node: { title: "system__boolean_array_operations__vector_nor" label: "Vector_Nor\n/home/henley/adacore/repos/adacore_jetson/rts-native-light/gnat/s-geveop.adb:48:4\n0 bytes (static)\n0 dynamic objects" }
node: { title: "system__boolean_array_operations__vector_nand" label: "Vector_Nand\n/home/henley/adacore/repos/adacore_jetson/rts-native-light/gnat/s-geveop.adb:48:4\n0 bytes (static)\n0 dynamic objects" }
node: { title: "system__boolean_array_operations__vector_xor" label: "Vector_Xor\n/home/henley/adacore/repos/adacore_jetson/rts-native-light/gnat/s-geveop.adb:48:4\n0 bytes (static)\n0 dynamic objects" }
node: { title: "system__boolean_array_operations__vector_or" label: "Vector_Or\n/home/henley/adacore/repos/adacore_jetson/rts-native-light/gnat/s-geveop.adb:48:4\n0 bytes (static)\n0 dynamic objects" }
node: { title: "system__boolean_array_operations__vector_and" label: "Vector_And\n/home/henley/adacore/repos/adacore_jetson/rts-native-light/gnat/s-geveop.adb:48:4\n0 bytes (static)\n0 dynamic objects" }
node: { title: "system__boolean_array_operations__vector_not" label: "Vector_Not\n/home/henley/adacore/repos/adacore_jetson/rts-native-light/gnat/s-geveop.adb:101:4\n0 bytes (static)\n0 dynamic objects" }
node: { title: "system__boolean_array_operations__boolean_arrayIP" label: "boolean_arrayIP\n<built-in>\n0 bytes (static)\n0 dynamic objects" }
}
