graph: { title: "/home/henley/adacore/repos/adacore_jetson/rts-native-light/gnat/s-carun8.adb"
node: { title: "system__compare_array_unsigned_8__Tbig_wordsBIP" label: "Tbig_wordsBIP\n<built-in>\n0 bytes (static)\n0 dynamic objects" }
node: { title: "system__compare_array_unsigned_8__Tbig_bytesBIP" label: "Tbig_bytesBIP\n<built-in>\n0 bytes (static)\n0 dynamic objects" }
node: { title: "system__compare_array_unsigned_8__compare_array_u8" label: "Compare_Array_U8\n/home/henley/adacore/repos/adacore_jetson/rts-native-light/gnat/s-carun8.adb:66:4\n0 bytes (static)\n0 dynamic objects" }
node: { title: "system__compare_array_unsigned_8__compare_array_u8_unaligned" label: "Compare_Array_U8_Unaligned\n/home/henley/adacore/repos/adacore_jetson/rts-native-light/gnat/s-carun8.adb:120:4\n0 bytes (static)\n0 dynamic objects" }
}
