graph: { title: "/home/henley/adacore/repos/adacore_jetson/rts-native-light/gnat/s-casuti.adb"
node: { title: "system__case_util__to_lower" label: "To_Lower\n/home/henley/adacore/repos/adacore_jetson/rts-native-light/gnat/s-casuti.adb:40:4\n0 bytes (static)\n0 dynamic objects" }
node: { title: "system__case_util__to_lower__2" label: "To_Lower\n/home/henley/adacore/repos/adacore_jetson/rts-native-light/gnat/s-casuti.adb:54:4\n0 bytes (static)\n0 dynamic objects" }
node: { title: "system__case_util__to_lower__3" label: "To_Lower\n/home/henley/adacore/repos/adacore_jetson/rts-native-light/gnat/s-casuti.adb:61:4\n64 bytes (static)\n0 dynamic objects" }
node: { title: "system__secondary_stack__ss_allocate" label: "Ss_Allocate\n/home/henley/adacore/repos/adacore_jetson/rts-native-light/gnat/s-secsta.ads:58:14" shape : ellipse }
edge: { sourcename: "system__case_util__to_lower__3" targetname: "system__secondary_stack__ss_allocate" label: "/home/henley/adacore/repos/adacore_jetson/rts-native-light/gnat/s-casuti.adb:61:4" }
node: { title: "memcpy" label: "builtin_memcpy\n<built-in>" shape : ellipse }
edge: { sourcename: "system__case_util__to_lower__3" targetname: "memcpy" }
edge: { sourcename: "system__case_util__to_lower__3" targetname: "system__case_util__to_lower__2" label: "/home/henley/adacore/repos/adacore_jetson/rts-native-light/gnat/s-casuti.adb:64:7" }
node: { title: "system__case_util__to_mixed" label: "To_Mixed\n/home/henley/adacore/repos/adacore_jetson/rts-native-light/gnat/s-casuti.adb:72:4\n0 bytes (static)\n0 dynamic objects" }
node: { title: "system__case_util__to_mixed__2" label: "To_Mixed\n/home/henley/adacore/repos/adacore_jetson/rts-native-light/gnat/s-casuti.adb:87:4\n64 bytes (static)\n0 dynamic objects" }
edge: { sourcename: "system__case_util__to_mixed__2" targetname: "system__secondary_stack__ss_allocate" label: "/home/henley/adacore/repos/adacore_jetson/rts-native-light/gnat/s-casuti.adb:87:4" }
edge: { sourcename: "system__case_util__to_mixed__2" targetname: "memcpy" }
edge: { sourcename: "system__case_util__to_mixed__2" targetname: "system__case_util__to_mixed" label: "/home/henley/adacore/repos/adacore_jetson/rts-native-light/gnat/s-casuti.adb:90:7" }
node: { title: "system__case_util__to_upper" label: "To_Upper\n/home/henley/adacore/repos/adacore_jetson/rts-native-light/gnat/s-casuti.adb:98:4\n0 bytes (static)\n0 dynamic objects" }
node: { title: "system__case_util__to_upper__2" label: "To_Upper\n/home/henley/adacore/repos/adacore_jetson/rts-native-light/gnat/s-casuti.adb:112:4\n0 bytes (static)\n0 dynamic objects" }
node: { title: "system__case_util__to_upper__3" label: "To_Upper\n/home/henley/adacore/repos/adacore_jetson/rts-native-light/gnat/s-casuti.adb:119:4\n64 bytes (static)\n0 dynamic objects" }
edge: { sourcename: "system__case_util__to_upper__3" targetname: "system__secondary_stack__ss_allocate" label: "/home/henley/adacore/repos/adacore_jetson/rts-native-light/gnat/s-casuti.adb:119:4" }
edge: { sourcename: "system__case_util__to_upper__3" targetname: "memcpy" }
edge: { sourcename: "system__case_util__to_upper__3" targetname: "system__case_util__to_upper__2" label: "/home/henley/adacore/repos/adacore_jetson/rts-native-light/gnat/s-casuti.adb:122:7" }
}
