graph: { title: "/home/henley/adacore/repos/adacore_jetson/rts-native-light/gnat/s-carsi8.adb"
node: { title: "system__compare_array_signed_8__Tbig_wordsBIP" label: "Tbig_wordsBIP\n<built-in>\n0 bytes (static)\n0 dynamic objects" }
node: { title: "system__compare_array_signed_8__Tbig_bytesBIP" label: "Tbig_bytesBIP\n<built-in>\n0 bytes (static)\n0 dynamic objects" }
node: { title: "system__compare_array_signed_8__compare_array_s8" label: "Compare_Array_S8\n/home/henley/adacore/repos/adacore_jetson/rts-native-light/gnat/s-carsi8.adb:65:4\n0 bytes (static)\n0 dynamic objects" }
node: { title: "system__compare_array_signed_8__compare_array_s8_unaligned" label: "Compare_Array_S8_Unaligned\n/home/henley/adacore/repos/adacore_jetson/rts-native-light/gnat/s-carsi8.adb:119:4\n0 bytes (static)\n0 dynamic objects" }
}
