graph: { title: "/home/henley/adacore/repos/adacore_jetson/rts-native-light/gnat/s-imgflt.ads"
node: { title: "/home/henley/adacore/repos/adacore_jetson/rts-native-light/gnat/s-imgflt.ads:system__img_flt__impl__double_real__Osubtract__2Xnn" label: "2xnn\n/home/henley/adacore/repos/adacore_jetson/rts-native-light/gnat/s-dourea.adb:137:4\n0 bytes (static)\n0 dynamic objects" }
node: { title: "/home/henley/adacore/repos/adacore_jetson/rts-native-light/gnat/s-imgflt.ads:system__img_flt__impl__to_unsigned" label: "To_Unsigned\n/home/henley/adacore/repos/adacore_jetson/rts-native-light/gnat/s-dourea.adb:239:4\n32 bytes (static)\n0 dynamic objects" }
node: { title: "system__fat_flt__attr_float__truncation" label: "Truncation\n/home/henley/adacore/repos/adacore_jetson/rts-native-light/gnat/s-fatgen.ads:85:13" shape : ellipse }
edge: { sourcename: "/home/henley/adacore/repos/adacore_jetson/rts-native-light/gnat/s-imgflt.ads:system__img_flt__impl__to_unsigned" targetname: "system__fat_flt__attr_float__truncation" label: "/home/henley/adacore/repos/adacore_jetson/rts-native-light/gnat/s-dourea.adb:240:31" }
node: { title: "system__fat_flt__attr_float__ceiling" label: "Ceiling\n/home/henley/adacore/repos/adacore_jetson/rts-native-light/gnat/s-fatgen.ads:55:13" shape : ellipse }
edge: { sourcename: "/home/henley/adacore/repos/adacore_jetson/rts-native-light/gnat/s-imgflt.ads:system__img_flt__impl__to_unsigned" targetname: "system__fat_flt__attr_float__ceiling" label: "/home/henley/adacore/repos/adacore_jetson/rts-native-light/gnat/s-dourea.adb:248:39" }
node: { title: "system__fat_flt__attr_float__floor" label: "Floor\n/home/henley/adacore/repos/adacore_jetson/rts-native-light/gnat/s-fatgen.ads:63:13" shape : ellipse }
edge: { sourcename: "/home/henley/adacore/repos/adacore_jetson/rts-native-light/gnat/s-imgflt.ads:system__img_flt__impl__to_unsigned" targetname: "system__fat_flt__attr_float__floor" label: "/home/henley/adacore/repos/adacore_jetson/rts-native-light/gnat/s-dourea.adb:250:39" }
node: { title: "/home/henley/adacore/repos/adacore_jetson/rts-native-light/gnat/s-imgflt.ads:system__img_flt__impl__double_real__OmultiplyXnn" label: "*Xnn\n/home/henley/adacore/repos/adacore_jetson/rts-native-light/gnat/s-dourea.adb:150:4\n0 bytes (static)\n0 dynamic objects" }
node: { title: "/home/henley/adacore/repos/adacore_jetson/rts-native-light/gnat/s-imgflt.ads:system__img_flt__impl__double_real__Odivide__2Xnn" label: "2xnn\n/home/henley/adacore/repos/adacore_jetson/rts-native-light/gnat/s-dourea.adb:194:4\n16 bytes (static)\n0 dynamic objects" }
edge: { sourcename: "/home/henley/adacore/repos/adacore_jetson/rts-native-light/gnat/s-imgflt.ads:system__img_flt__impl__double_real__Odivide__2Xnn" targetname: "/home/henley/adacore/repos/adacore_jetson/rts-native-light/gnat/s-imgflt.ads:system__img_flt__impl__double_real__OmultiplyXnn" label: "/home/henley/adacore/repos/adacore_jetson/rts-native-light/gnat/s-dourea.adb:200:18" }
edge: { sourcename: "/home/henley/adacore/repos/adacore_jetson/rts-native-light/gnat/s-imgflt.ads:system__img_flt__impl__double_real__Odivide__2Xnn" targetname: "/home/henley/adacore/repos/adacore_jetson/rts-native-light/gnat/s-imgflt.ads:system__img_flt__impl__double_real__Osubtract__2Xnn" label: "/home/henley/adacore/repos/adacore_jetson/rts-native-light/gnat/s-dourea.adb:200:14" }
edge: { sourcename: "/home/henley/adacore/repos/adacore_jetson/rts-native-light/gnat/s-imgflt.ads:system__img_flt__impl__double_real__Odivide__2Xnn" targetname: "/home/henley/adacore/repos/adacore_jetson/rts-native-light/gnat/s-imgflt.ads:system__img_flt__impl__double_real__OmultiplyXnn" label: "/home/henley/adacore/repos/adacore_jetson/rts-native-light/gnat/s-dourea.adb:203:18" }
edge: { sourcename: "/home/henley/adacore/repos/adacore_jetson/rts-native-light/gnat/s-imgflt.ads:system__img_flt__impl__double_real__Odivide__2Xnn" targetname: "/home/henley/adacore/repos/adacore_jetson/rts-native-light/gnat/s-imgflt.ads:system__img_flt__impl__double_real__Osubtract__2Xnn" label: "/home/henley/adacore/repos/adacore_jetson/rts-native-light/gnat/s-dourea.adb:203:14" }
node: { title: "/home/henley/adacore/repos/adacore_jetson/rts-native-light/gnat/s-imgflt.ads:system__img_flt__impl__double_real__Omultiply__2Xnn" label: "2xnn\n/home/henley/adacore/repos/adacore_jetson/rts-native-light/gnat/s-dourea.adb:161:4\n0 bytes (static)\n0 dynamic objects" }
node: { title: "system__img_flt__impl__double_real__product__splitXnnb" label: "Splitxnnb\n/home/henley/adacore/repos/adacore_jetson/rts-native-light/gnat/s-dorepr.adb:57:4\n32 bytes (static)\n0 dynamic objects" }
node: { title: "system__img_flt__impl__double_real__product__two_prodXnnb" label: "Two_Prodxnnb\n/home/henley/adacore/repos/adacore_jetson/rts-native-light/gnat/s-dorepr.adb:131:4\n0 bytes (static)\n0 dynamic objects" }
node: { title: "/home/henley/adacore/repos/adacore_jetson/rts-native-light/gnat/s-imgflt.ads:system__img_flt__impl__double_real__OdivideXnn.constprop.0" label: "/Xnn.Constprop\n/home/henley/adacore/repos/adacore_jetson/rts-native-light/gnat/s-dourea.adb:176:4\n16 bytes (static)\n0 dynamic objects" }
edge: { sourcename: "/home/henley/adacore/repos/adacore_jetson/rts-native-light/gnat/s-imgflt.ads:system__img_flt__impl__double_real__OdivideXnn.constprop.0" targetname: "system__img_flt__impl__double_real__product__two_prodXnnb" label: "/home/henley/adacore/repos/adacore_jetson/rts-native-light/gnat/s-dourea.adb:98:13" }
node: { title: "/home/henley/adacore/repos/adacore_jetson/rts-native-light/gnat/s-imgflt.ads:system__img_flt__impl__set_image_real__adjust_scale.0" label: "Adjust_Scale\n/home/henley/adacore/repos/adacore_jetson/rts-native-light/gnat/s-imager.adb:197:7\n16 bytes (static)\n0 dynamic objects" }
edge: { sourcename: "/home/henley/adacore/repos/adacore_jetson/rts-native-light/gnat/s-imgflt.ads:system__img_flt__impl__set_image_real__adjust_scale.0" targetname: "/home/henley/adacore/repos/adacore_jetson/rts-native-light/gnat/s-imgflt.ads:system__img_flt__impl__double_real__Omultiply__2Xnn" label: "/home/henley/adacore/repos/adacore_jetson/rts-native-light/gnat/s-imager.adb:210:24" }
node: { title: "__gnat_last_chance_handler" label: "gnat_last_chance_handler\n<built-in>" shape : ellipse }
edge: { sourcename: "/home/henley/adacore/repos/adacore_jetson/rts-native-light/gnat/s-imgflt.ads:system__img_flt__impl__set_image_real__adjust_scale.0" targetname: "__gnat_last_chance_handler" label: "/home/henley/adacore/repos/adacore_jetson/rts-native-light/gnat/s-imager.adb:223:16" }
edge: { sourcename: "/home/henley/adacore/repos/adacore_jetson/rts-native-light/gnat/s-imgflt.ads:system__img_flt__impl__set_image_real__adjust_scale.0" targetname: "/home/henley/adacore/repos/adacore_jetson/rts-native-light/gnat/s-imgflt.ads:system__img_flt__impl__double_real__Omultiply__2Xnn" label: "/home/henley/adacore/repos/adacore_jetson/rts-native-light/gnat/s-imager.adb:240:24" }
edge: { sourcename: "/home/henley/adacore/repos/adacore_jetson/rts-native-light/gnat/s-imgflt.ads:system__img_flt__impl__set_image_real__adjust_scale.0" targetname: "/home/henley/adacore/repos/adacore_jetson/rts-native-light/gnat/s-imgflt.ads:system__img_flt__impl__double_real__OmultiplyXnn" label: "/home/henley/adacore/repos/adacore_jetson/rts-native-light/gnat/s-imager.adb:246:31" }
edge: { sourcename: "/home/henley/adacore/repos/adacore_jetson/rts-native-light/gnat/s-imgflt.ads:system__img_flt__impl__set_image_real__adjust_scale.0" targetname: "/home/henley/adacore/repos/adacore_jetson/rts-native-light/gnat/s-imgflt.ads:system__img_flt__impl__double_real__OdivideXnn.constprop.0" label: "/home/henley/adacore/repos/adacore_jetson/rts-native-light/gnat/s-imager.adb:257:31" }
edge: { sourcename: "/home/henley/adacore/repos/adacore_jetson/rts-native-light/gnat/s-imgflt.ads:system__img_flt__impl__set_image_real__adjust_scale.0" targetname: "/home/henley/adacore/repos/adacore_jetson/rts-native-light/gnat/s-imgflt.ads:system__img_flt__impl__double_real__Odivide__2Xnn" label: "/home/henley/adacore/repos/adacore_jetson/rts-native-light/gnat/s-imager.adb:280:24" }
edge: { sourcename: "/home/henley/adacore/repos/adacore_jetson/rts-native-light/gnat/s-imgflt.ads:system__img_flt__impl__set_image_real__adjust_scale.0" targetname: "__gnat_last_chance_handler" label: "/home/henley/adacore/repos/adacore_jetson/rts-native-light/gnat/s-imager.adb:293:16" }
edge: { sourcename: "/home/henley/adacore/repos/adacore_jetson/rts-native-light/gnat/s-imgflt.ads:system__img_flt__impl__set_image_real__adjust_scale.0" targetname: "/home/henley/adacore/repos/adacore_jetson/rts-native-light/gnat/s-imgflt.ads:system__img_flt__impl__double_real__Odivide__2Xnn" label: "/home/henley/adacore/repos/adacore_jetson/rts-native-light/gnat/s-imager.adb:304:24" }
edge: { sourcename: "/home/henley/adacore/repos/adacore_jetson/rts-native-light/gnat/s-imgflt.ads:system__img_flt__impl__set_image_real__adjust_scale.0" targetname: "/home/henley/adacore/repos/adacore_jetson/rts-native-light/gnat/s-imgflt.ads:system__img_flt__impl__double_real__OmultiplyXnn" label: "/home/henley/adacore/repos/adacore_jetson/rts-native-light/gnat/s-imager.adb:309:31" }
edge: { sourcename: "/home/henley/adacore/repos/adacore_jetson/rts-native-light/gnat/s-imgflt.ads:system__img_flt__impl__set_image_real__adjust_scale.0" targetname: "/home/henley/adacore/repos/adacore_jetson/rts-native-light/gnat/s-imgflt.ads:system__img_flt__impl__double_real__OdivideXnn.constprop.0" label: "/home/henley/adacore/repos/adacore_jetson/rts-native-light/gnat/s-imager.adb:320:31" }
node: { title: "system__img_flt__impl__double_real__product__two_sqrXnnb" label: "Two_Sqrxnnb\n/home/henley/adacore/repos/adacore_jetson/rts-native-light/gnat/s-dorepr.adb:154:4\n0 bytes (static)\n0 dynamic objects" }
node: { title: "system__img_flt__impl__double_real__is_nanXnn" label: "Is_Nanxnn\n/home/henley/adacore/repos/adacore_jetson/rts-native-light/gnat/s-dourea.adb:34:4\n0 bytes (static)\n0 dynamic objects" }
node: { title: "system__img_flt__impl__double_real__is_infinityXnn" label: "Is_Infinityxnn\n/home/henley/adacore/repos/adacore_jetson/rts-native-light/gnat/s-dourea.adb:37:4\n0 bytes (static)\n0 dynamic objects" }
node: { title: "system__img_flt__impl__double_real__is_zeroXnn" label: "Is_Zeroxnn\n/home/henley/adacore/repos/adacore_jetson/rts-native-light/gnat/s-dourea.adb:41:4\n0 bytes (static)\n0 dynamic objects" }
node: { title: "system__img_flt__impl__double_real__double_tIPXnn" label: "double_tIPXnn\n<built-in>\n0 bytes (static)\n0 dynamic objects" }
node: { title: "system__img_flt__impl__set_image_real" label: "Set_Image_Real\n/home/henley/adacore/repos/adacore_jetson/rts-native-light/gnat/s-imager.adb:159:4\n208 bytes (static)\n0 dynamic objects" }
node: { title: "system__img_util__set_floating_invalid_value" label: "Set_Floating_Invalid_Value\n/home/henley/adacore/repos/adacore_jetson/rts-native-light/gnat/s-imguti.ads:68:14" shape : ellipse }
edge: { sourcename: "system__img_flt__impl__set_image_real" targetname: "system__img_util__set_floating_invalid_value" label: "/home/henley/adacore/repos/adacore_jetson/rts-native-light/gnat/s-imager.adb:376:13" }
edge: { sourcename: "system__img_flt__impl__set_image_real" targetname: "system__img_util__set_floating_invalid_value" label: "/home/henley/adacore/repos/adacore_jetson/rts-native-light/gnat/s-imager.adb:379:13" }
edge: { sourcename: "system__img_flt__impl__set_image_real" targetname: "system__img_util__set_floating_invalid_value" label: "/home/henley/adacore/repos/adacore_jetson/rts-native-light/gnat/s-imager.adb:384:13" }
edge: { sourcename: "system__img_flt__impl__set_image_real" targetname: "/home/henley/adacore/repos/adacore_jetson/rts-native-light/gnat/s-imgflt.ads:system__img_flt__impl__set_image_real__adjust_scale.0" label: "/home/henley/adacore/repos/adacore_jetson/rts-native-light/gnat/s-imager.adb:410:13" }
edge: { sourcename: "system__img_flt__impl__set_image_real" targetname: "/home/henley/adacore/repos/adacore_jetson/rts-native-light/gnat/s-imgflt.ads:system__img_flt__impl__set_image_real__adjust_scale.0" label: "/home/henley/adacore/repos/adacore_jetson/rts-native-light/gnat/s-imager.adb:419:13" }
edge: { sourcename: "system__img_flt__impl__set_image_real" targetname: "/home/henley/adacore/repos/adacore_jetson/rts-native-light/gnat/s-imgflt.ads:system__img_flt__impl__double_real__Odivide__2Xnn" label: "/home/henley/adacore/repos/adacore_jetson/rts-native-light/gnat/s-imager.adb:435:51" }
edge: { sourcename: "system__img_flt__impl__set_image_real" targetname: "/home/henley/adacore/repos/adacore_jetson/rts-native-light/gnat/s-imgflt.ads:system__img_flt__impl__to_unsigned" label: "/home/henley/adacore/repos/adacore_jetson/rts-native-light/gnat/s-imager.adb:435:36" }
node: { title: "system__img_uns__impl__set_image_unsigned" label: "Set_Image_Unsigned\n/home/henley/adacore/repos/adacore_jetson/rts-native-light/gnat/s-imageu.ads:52:14" shape : ellipse }
edge: { sourcename: "system__img_flt__impl__set_image_real" targetname: "system__img_uns__impl__set_image_unsigned" label: "/home/henley/adacore/repos/adacore_jetson/rts-native-light/gnat/s-imager.adb:441:16" }
edge: { sourcename: "system__img_flt__impl__set_image_real" targetname: "/home/henley/adacore/repos/adacore_jetson/rts-native-light/gnat/s-imgflt.ads:system__img_flt__impl__double_real__Omultiply__2Xnn" label: "/home/henley/adacore/repos/adacore_jetson/rts-native-light/gnat/s-imager.adb:443:43" }
edge: { sourcename: "system__img_flt__impl__set_image_real" targetname: "/home/henley/adacore/repos/adacore_jetson/rts-native-light/gnat/s-imgflt.ads:system__img_flt__impl__double_real__Osubtract__2Xnn" label: "/home/henley/adacore/repos/adacore_jetson/rts-native-light/gnat/s-imager.adb:443:23" }
edge: { sourcename: "system__img_flt__impl__set_image_real" targetname: "/home/henley/adacore/repos/adacore_jetson/rts-native-light/gnat/s-imgflt.ads:system__img_flt__impl__to_unsigned" label: "/home/henley/adacore/repos/adacore_jetson/rts-native-light/gnat/s-imager.adb:446:36" }
edge: { sourcename: "system__img_flt__impl__set_image_real" targetname: "system__img_uns__impl__set_image_unsigned" label: "/home/henley/adacore/repos/adacore_jetson/rts-native-light/gnat/s-imager.adb:446:16" }
edge: { sourcename: "system__img_flt__impl__set_image_real" targetname: "/home/henley/adacore/repos/adacore_jetson/rts-native-light/gnat/s-imgflt.ads:system__img_flt__impl__to_unsigned" label: "/home/henley/adacore/repos/adacore_jetson/rts-native-light/gnat/s-imager.adb:429:33" }
edge: { sourcename: "system__img_flt__impl__set_image_real" targetname: "system__img_uns__impl__set_image_unsigned" label: "/home/henley/adacore/repos/adacore_jetson/rts-native-light/gnat/s-imager.adb:429:13" }
node: { title: "memset" label: "builtin_memset\n<built-in>" shape : ellipse }
edge: { sourcename: "system__img_flt__impl__set_image_real" targetname: "memset" label: "/home/henley/adacore/repos/adacore_jetson/rts-native-light/gnat/s-imager.adb:449:36" }
node: { title: "memcpy" label: "builtin_memcpy\n<built-in>" shape : ellipse }
edge: { sourcename: "system__img_flt__impl__set_image_real" targetname: "memcpy" }
node: { title: "system__img_util__set_decimal_digits" label: "Set_Decimal_Digits\n/home/henley/adacore/repos/adacore_jetson/rts-native-light/gnat/s-imguti.ads:42:14" shape : ellipse }
edge: { sourcename: "system__img_flt__impl__set_image_real" targetname: "system__img_util__set_decimal_digits" label: "/home/henley/adacore/repos/adacore_jetson/rts-native-light/gnat/s-imager.adb:461:7" }
node: { title: "system__img_flt__impl__image_fixed_point" label: "Image_Fixed_Point\n/home/henley/adacore/repos/adacore_jetson/rts-native-light/gnat/s-imager.adb:79:4\n0 bytes (static)\n0 dynamic objects" }
edge: { sourcename: "system__img_flt__impl__image_fixed_point" targetname: "system__img_flt__impl__set_image_real" label: "/home/henley/adacore/repos/adacore_jetson/rts-native-light/gnat/s-imager.adb:97:7" }
node: { title: "system__img_flt__impl__image_floating_point" label: "Image_Floating_Point\n/home/henley/adacore/repos/adacore_jetson/rts-native-light/gnat/s-imager.adb:104:4\n16 bytes (static)\n0 dynamic objects" }
edge: { sourcename: "system__img_flt__impl__image_floating_point" targetname: "system__img_flt__impl__set_image_real" label: "/home/henley/adacore/repos/adacore_jetson/rts-native-light/gnat/s-imager.adb:132:7" }
}
