graph: { title: "/home/henley/adacore/repos/adacore_jetson/rts-native-light/gnat/s-imfi32.ads"
node: { title: "system__img_fixed_32__impl__set_image_fixed" label: "Set_Image_Fixed\n/home/henley/adacore/repos/adacore_jetson/rts-native-light/gnat/s-imagef.adb:231:4\n192 bytes (dynamic)\n1 dynamic objects\n Digs /home/henley/adacore/repos/adacore_jetson/rts-native-light/gnat/s-imagef.adb:276:7" }
node: { title: "system__exn_int__exn_integer" label: "Exn_Integer\n/home/henley/adacore/repos/adacore_jetson/rts-native-light/gnat/s-exnint.ads:38:13" shape : ellipse }
edge: { sourcename: "system__img_fixed_32__impl__set_image_fixed" targetname: "system__exn_int__exn_integer" label: "/home/henley/adacore/repos/adacore_jetson/rts-native-light/gnat/s-imagef.adb:256:39" }
edge: { sourcename: "system__img_fixed_32__impl__set_image_fixed" targetname: "system__exn_int__exn_integer" label: "/home/henley/adacore/repos/adacore_jetson/rts-native-light/gnat/s-imagef.adb:257:39" }
node: { title: "system__arith_32__scaled_divide32" label: "Scaled_Divide32\n/home/henley/adacore/repos/adacore_jetson/rts-native-light/gnat/s-arit32.ads:43:14" shape : ellipse }
edge: { sourcename: "system__img_fixed_32__impl__set_image_fixed" targetname: "system__arith_32__scaled_divide32" label: "/home/henley/adacore/repos/adacore_jetson/rts-native-light/gnat/s-imagef.adb:300:10" }
node: { title: "memcpy" label: "builtin_memcpy\n<built-in>" shape : ellipse }
edge: { sourcename: "system__img_fixed_32__impl__set_image_fixed" targetname: "memcpy" }
edge: { sourcename: "system__img_fixed_32__impl__set_image_fixed" targetname: "memcpy" }
node: { title: "system__img_util__set_decimal_digits" label: "Set_Decimal_Digits\n/home/henley/adacore/repos/adacore_jetson/rts-native-light/gnat/s-imguti.ads:42:14" shape : ellipse }
edge: { sourcename: "system__img_fixed_32__impl__set_image_fixed" targetname: "system__img_util__set_decimal_digits" label: "/home/henley/adacore/repos/adacore_jetson/rts-native-light/gnat/s-imagef.adb:359:7" }
node: { title: "system__img_fixed_32__impl__image_fixed" label: "Image_Fixed\n/home/henley/adacore/repos/adacore_jetson/rts-native-light/gnat/s-imagef.adb:203:4\n48 bytes (static)\n0 dynamic objects" }
edge: { sourcename: "system__img_fixed_32__impl__image_fixed" targetname: "system__img_fixed_32__impl__set_image_fixed" label: "/home/henley/adacore/repos/adacore_jetson/rts-native-light/gnat/s-imagef.adb:224:7" }
}
