graph: { title: "/home/henley/adacore/repos/adacore_jetson/rts-native-light/gnat/s-imde128.ads"
node: { title: "system__img_decimal_128__impl__set_image_decimal" label: "Set_Image_Decimal\n/home/henley/adacore/repos/adacore_jetson/rts-native-light/gnat/s-imaged.adb:65:4\n160 bytes (dynamic)\n1 dynamic objects\n Digs /home/henley/adacore/repos/adacore_jetson/rts-native-light/gnat/s-imaged.adb:74:7" }
node: { title: "system__img_llli__impl__image_integer" label: "Image_Integer\n/home/henley/adacore/repos/adacore_jetson/rts-native-light/gnat/s-imagei.ads:43:14" shape : ellipse }
edge: { sourcename: "system__img_decimal_128__impl__set_image_decimal" targetname: "system__img_llli__impl__image_integer" label: "/home/henley/adacore/repos/adacore_jetson/rts-native-light/gnat/s-imaged.adb:74:27" }
node: { title: "memcpy" label: "builtin_memcpy\n<built-in>" shape : ellipse }
edge: { sourcename: "system__img_decimal_128__impl__set_image_decimal" targetname: "memcpy" }
node: { title: "system__img_util__set_decimal_digits" label: "Set_Decimal_Digits\n/home/henley/adacore/repos/adacore_jetson/rts-native-light/gnat/s-imguti.ads:42:14" shape : ellipse }
edge: { sourcename: "system__img_decimal_128__impl__set_image_decimal" targetname: "system__img_util__set_decimal_digits" label: "/home/henley/adacore/repos/adacore_jetson/rts-native-light/gnat/s-imaged.adb:78:7" }
node: { title: "system__img_decimal_128__impl__image_decimal" label: "Image_Decimal\n/home/henley/adacore/repos/adacore_jetson/rts-native-light/gnat/s-imaged.adb:40:4\n32 bytes (static)\n0 dynamic objects" }
edge: { sourcename: "system__img_decimal_128__impl__image_decimal" targetname: "system__img_decimal_128__impl__set_image_decimal" label: "/home/henley/adacore/repos/adacore_jetson/rts-native-light/gnat/s-imaged.adb:58:7" }
}
