graph: { title: "/home/henley/adacore/repos/adacore_jetson/rts-native-light/gnat/s-imgllli.ads"
node: { title: "system__img_llli__impl__set_image_integer" label: "Set_Image_Integer\n/home/henley/adacore/repos/adacore_jetson/rts-native-light/gnat/s-imagei.adb:109:4\n80 bytes (static)\n0 dynamic objects" }
node: { title: "__divti3" label: "divti3\n<built-in>" shape : ellipse }
edge: { sourcename: "system__img_llli__impl__set_image_integer" targetname: "__divti3" }
node: { title: "__modti3" label: "modti3\n<built-in>" shape : ellipse }
edge: { sourcename: "system__img_llli__impl__set_image_integer" targetname: "__modti3" }
edge: { sourcename: "system__img_llli__impl__set_image_integer" targetname: "__divti3" }
edge: { sourcename: "system__img_llli__impl__set_image_integer" targetname: "__divti3" }
edge: { sourcename: "system__img_llli__impl__set_image_integer" targetname: "__modti3" }
edge: { sourcename: "system__img_llli__impl__set_image_integer" targetname: "__divti3" }
node: { title: "system__img_llli__impl__image_integer" label: "Image_Integer\n/home/henley/adacore/repos/adacore_jetson/rts-native-light/gnat/s-imagei.adb:48:4\n0 bytes (static)\n0 dynamic objects" }
edge: { sourcename: "system__img_llli__impl__image_integer" targetname: "system__img_llli__impl__set_image_integer" label: "/home/henley/adacore/repos/adacore_jetson/rts-native-light/gnat/s-imagei.adb:66:7" }
}
