graph: { title: "/home/henley/adacore/repos/adacore_jetson/rts-native-light/gnat/s-imfi128.ads"
node: { title: "system__img_fixed_128__impl__set_image_fixed" label: "Set_Image_Fixed\n/home/henley/adacore/repos/adacore_jetson/rts-native-light/gnat/s-imagef.adb:231:4\n304 bytes (dynamic)\n1 dynamic objects\n Digs /home/henley/adacore/repos/adacore_jetson/rts-native-light/gnat/s-imagef.adb:276:7" }
node: { title: "system__exn_llli__exn_long_long_long_integer" label: "Exn_Long_Long_Long_Integer\n/home/henley/adacore/repos/adacore_jetson/rts-native-light/gnat/s-exnllli.ads:38:13" shape : ellipse }
edge: { sourcename: "system__img_fixed_128__impl__set_image_fixed" targetname: "system__exn_llli__exn_long_long_long_integer" label: "/home/henley/adacore/repos/adacore_jetson/rts-native-light/gnat/s-imagef.adb:256:39" }
edge: { sourcename: "system__img_fixed_128__impl__set_image_fixed" targetname: "system__exn_llli__exn_long_long_long_integer" label: "/home/henley/adacore/repos/adacore_jetson/rts-native-light/gnat/s-imagef.adb:257:39" }
node: { title: "system__arith_128__scaled_divide128" label: "Scaled_Divide128\n/home/henley/adacore/repos/adacore_jetson/rts-native-light/gnat/s-arit128.ads:60:14" shape : ellipse }
edge: { sourcename: "system__img_fixed_128__impl__set_image_fixed" targetname: "system__arith_128__scaled_divide128" label: "/home/henley/adacore/repos/adacore_jetson/rts-native-light/gnat/s-imagef.adb:300:10" }
node: { title: "__divti3" label: "divti3\n<built-in>" shape : ellipse }
edge: { sourcename: "system__img_fixed_128__impl__set_image_fixed" targetname: "__divti3" }
node: { title: "__modti3" label: "modti3\n<built-in>" shape : ellipse }
edge: { sourcename: "system__img_fixed_128__impl__set_image_fixed" targetname: "__modti3" }
edge: { sourcename: "system__img_fixed_128__impl__set_image_fixed" targetname: "__divti3" }
edge: { sourcename: "system__img_fixed_128__impl__set_image_fixed" targetname: "__divti3" }
edge: { sourcename: "system__img_fixed_128__impl__set_image_fixed" targetname: "__modti3" }
edge: { sourcename: "system__img_fixed_128__impl__set_image_fixed" targetname: "__divti3" }
edge: { sourcename: "system__img_fixed_128__impl__set_image_fixed" targetname: "__divti3" }
edge: { sourcename: "system__img_fixed_128__impl__set_image_fixed" targetname: "__modti3" }
edge: { sourcename: "system__img_fixed_128__impl__set_image_fixed" targetname: "__divti3" }
node: { title: "memcpy" label: "builtin_memcpy\n<built-in>" shape : ellipse }
edge: { sourcename: "system__img_fixed_128__impl__set_image_fixed" targetname: "memcpy" }
edge: { sourcename: "system__img_fixed_128__impl__set_image_fixed" targetname: "memcpy" }
node: { title: "memset" label: "builtin_memset\n<built-in>" shape : ellipse }
edge: { sourcename: "system__img_fixed_128__impl__set_image_fixed" targetname: "memset" label: "/home/henley/adacore/repos/adacore_jetson/rts-native-light/gnat/s-imagef.adb:338:36" }
node: { title: "system__img_util__set_decimal_digits" label: "Set_Decimal_Digits\n/home/henley/adacore/repos/adacore_jetson/rts-native-light/gnat/s-imguti.ads:42:14" shape : ellipse }
edge: { sourcename: "system__img_fixed_128__impl__set_image_fixed" targetname: "system__img_util__set_decimal_digits" label: "/home/henley/adacore/repos/adacore_jetson/rts-native-light/gnat/s-imagef.adb:359:7" }
node: { title: "system__img_fixed_128__impl__image_fixed" label: "Image_Fixed\n/home/henley/adacore/repos/adacore_jetson/rts-native-light/gnat/s-imagef.adb:203:4\n80 bytes (static)\n0 dynamic objects" }
edge: { sourcename: "system__img_fixed_128__impl__image_fixed" targetname: "system__img_fixed_128__impl__set_image_fixed" label: "/home/henley/adacore/repos/adacore_jetson/rts-native-light/gnat/s-imagef.adb:224:7" }
}
