graph: { title: "/home/henley/adacore/repos/adacore_jetson/rts-native-light/gnat/s-imgllw.ads"
node: { title: "/home/henley/adacore/repos/adacore_jetson/rts-native-light/gnat/s-imgllw.ads:system__img_llw__impl__set_image_width_unsigned__set_digits.0" label: "Set_Digits\n/home/henley/adacore/repos/adacore_jetson/rts-native-light/gnat/s-imagew.adb:99:7\n48 bytes (static)\n0 dynamic objects" }
edge: { sourcename: "/home/henley/adacore/repos/adacore_jetson/rts-native-light/gnat/s-imgllw.ads:system__img_llw__impl__set_image_width_unsigned__set_digits.0" targetname: "/home/henley/adacore/repos/adacore_jetson/rts-native-light/gnat/s-imgllw.ads:system__img_llw__impl__set_image_width_unsigned__set_digits.0" label: "/home/henley/adacore/repos/adacore_jetson/rts-native-light/gnat/s-imagew.adb:102:13" }
node: { title: "system__img_llw__impl__set_image_width_unsigned" label: "Set_Image_Width_Unsigned\n/home/henley/adacore/repos/adacore_jetson/rts-native-light/gnat/s-imagew.adb:83:4\n80 bytes (static)\n0 dynamic objects" }
edge: { sourcename: "system__img_llw__impl__set_image_width_unsigned" targetname: "/home/henley/adacore/repos/adacore_jetson/rts-native-light/gnat/s-imgllw.ads:system__img_llw__impl__set_image_width_unsigned__set_digits.0" label: "/home/henley/adacore/repos/adacore_jetson/rts-native-light/gnat/s-imagew.adb:123:7" }
node: { title: "memset" label: "builtin_memset\n<built-in>" shape : ellipse }
edge: { sourcename: "system__img_llw__impl__set_image_width_unsigned" targetname: "memset" label: "/home/henley/adacore/repos/adacore_jetson/rts-native-light/gnat/s-imagew.adb:146:19" }
node: { title: "system__img_llw__impl__set_image_width_integer" label: "Set_Image_Width_Integer\n/home/henley/adacore/repos/adacore_jetson/rts-native-light/gnat/s-imagew.adb:38:4\n64 bytes (static)\n0 dynamic objects" }
edge: { sourcename: "system__img_llw__impl__set_image_width_integer" targetname: "system__img_llw__impl__set_image_width_unsigned" label: "/home/henley/adacore/repos/adacore_jetson/rts-native-light/gnat/s-imagew.adb:50:10" }
edge: { sourcename: "system__img_llw__impl__set_image_width_integer" targetname: "system__img_llw__impl__set_image_width_unsigned" label: "/home/henley/adacore/repos/adacore_jetson/rts-native-light/gnat/s-imagew.adb:64:13" }
}
