graph: { title: "/home/henley/adacore/repos/adacore_jetson/rts-native-light/gnat/s-imglllu.ads"
node: { title: "system__img_lllu__impl__image_unsigned" label: "Image_Unsigned\n/home/henley/adacore/repos/adacore_jetson/rts-native-light/gnat/s-imageu.adb:38:4\n80 bytes (static)\n0 dynamic objects" }
node: { title: "__udivti3" label: "udivti3\n<built-in>" shape : ellipse }
edge: { sourcename: "system__img_lllu__impl__image_unsigned" targetname: "__udivti3" }
node: { title: "__umodti3" label: "umodti3\n<built-in>" shape : ellipse }
edge: { sourcename: "system__img_lllu__impl__image_unsigned" targetname: "__umodti3" }
edge: { sourcename: "system__img_lllu__impl__image_unsigned" targetname: "__udivti3" }
node: { title: "system__img_lllu__impl__set_image_unsigned" label: "Set_Image_Unsigned\n/home/henley/adacore/repos/adacore_jetson/rts-native-light/gnat/s-imageu.adb:54:4\n80 bytes (static)\n0 dynamic objects" }
edge: { sourcename: "system__img_lllu__impl__set_image_unsigned" targetname: "__udivti3" }
edge: { sourcename: "system__img_lllu__impl__set_image_unsigned" targetname: "__umodti3" }
edge: { sourcename: "system__img_lllu__impl__set_image_unsigned" targetname: "__udivti3" }
}
