graph: { title: "/home/henley/adacore/repos/adacore_jetson/rts-native-light/gnat/s-imguti.adb"
node: { title: "/home/henley/adacore/repos/adacore_jetson/rts-native-light/gnat/s-imguti.adb:system__img_util__set_decimal_digits__round.0" label: "Round\n/home/henley/adacore/repos/adacore_jetson/rts-native-light/gnat/s-imguti.adb:114:7\n0 bytes (static)\n0 dynamic objects" }
node: { title: "/home/henley/adacore/repos/adacore_jetson/rts-native-light/gnat/s-imguti.adb:system__img_util__set_decimal_digits__set_blanks_and_sign.1" label: "Set_Blanks_And_Sign\n/home/henley/adacore/repos/adacore_jetson/rts-native-light/gnat/s-imguti.adb:205:7\n64 bytes (static)\n0 dynamic objects" }
node: { title: "memset" label: "builtin_memset\n<built-in>" shape : ellipse }
edge: { sourcename: "/home/henley/adacore/repos/adacore_jetson/rts-native-light/gnat/s-imguti.adb:system__img_util__set_decimal_digits__set_blanks_and_sign.1" targetname: "memset" label: "/home/henley/adacore/repos/adacore_jetson/rts-native-light/gnat/s-imguti.adb:198:16" }
edge: { sourcename: "/home/henley/adacore/repos/adacore_jetson/rts-native-light/gnat/s-imguti.adb:system__img_util__set_decimal_digits__set_blanks_and_sign.1" targetname: "memset" label: "/home/henley/adacore/repos/adacore_jetson/rts-native-light/gnat/s-imguti.adb:198:16" }
node: { title: "/home/henley/adacore/repos/adacore_jetson/rts-native-light/gnat/s-imguti.adb:system__img_util__set_floating_invalid_value__set_special_fill.6" label: "Set_Special_Fill\n/home/henley/adacore/repos/adacore_jetson/rts-native-light/gnat/s-imguti.adb:444:7\n48 bytes (static)\n0 dynamic objects" }
edge: { sourcename: "/home/henley/adacore/repos/adacore_jetson/rts-native-light/gnat/s-imguti.adb:system__img_util__set_floating_invalid_value__set_special_fill.6" targetname: "memset" label: "/home/henley/adacore/repos/adacore_jetson/rts-native-light/gnat/s-imguti.adb:437:16" }
edge: { sourcename: "/home/henley/adacore/repos/adacore_jetson/rts-native-light/gnat/s-imguti.adb:system__img_util__set_floating_invalid_value__set_special_fill.6" targetname: "memset" label: "/home/henley/adacore/repos/adacore_jetson/rts-native-light/gnat/s-imguti.adb:437:16" }
node: { title: "system__img_util__set_decimal_digits" label: "Set_Decimal_Digits\n/home/henley/adacore/repos/adacore_jetson/rts-native-light/gnat/s-imguti.adb:40:4\n160 bytes (static)\n0 dynamic objects" }
edge: { sourcename: "system__img_util__set_decimal_digits" targetname: "/home/henley/adacore/repos/adacore_jetson/rts-native-light/gnat/s-imguti.adb:system__img_util__set_decimal_digits__set_blanks_and_sign.1" label: "/home/henley/adacore/repos/adacore_jetson/rts-native-light/gnat/s-imguti.adb:252:10" }
edge: { sourcename: "system__img_util__set_decimal_digits" targetname: "/home/henley/adacore/repos/adacore_jetson/rts-native-light/gnat/s-imguti.adb:system__img_util__set_decimal_digits__round.0" label: "/home/henley/adacore/repos/adacore_jetson/rts-native-light/gnat/s-imguti.adb:253:10" }
edge: { sourcename: "system__img_util__set_decimal_digits" targetname: "memset" label: "/home/henley/adacore/repos/adacore_jetson/rts-native-light/gnat/s-imguti.adb:198:16" }
node: { title: "system__img_uns__impl__set_image_unsigned" label: "Set_Image_Unsigned\n/home/henley/adacore/repos/adacore_jetson/rts-native-light/gnat/s-imageu.ads:52:14" shape : ellipse }
edge: { sourcename: "system__img_util__set_decimal_digits" targetname: "system__img_uns__impl__set_image_unsigned" label: "/home/henley/adacore/repos/adacore_jetson/rts-native-light/gnat/s-imguti.adb:282:13" }
edge: { sourcename: "system__img_util__set_decimal_digits" targetname: "system__img_uns__impl__set_image_unsigned" label: "/home/henley/adacore/repos/adacore_jetson/rts-native-light/gnat/s-imguti.adb:285:13" }
edge: { sourcename: "system__img_util__set_decimal_digits" targetname: "memset" label: "/home/henley/adacore/repos/adacore_jetson/rts-native-light/gnat/s-imguti.adb:198:16" }
edge: { sourcename: "system__img_util__set_decimal_digits" targetname: "/home/henley/adacore/repos/adacore_jetson/rts-native-light/gnat/s-imguti.adb:system__img_util__set_decimal_digits__round.0" label: "/home/henley/adacore/repos/adacore_jetson/rts-native-light/gnat/s-imguti.adb:307:10" }
edge: { sourcename: "system__img_util__set_decimal_digits" targetname: "/home/henley/adacore/repos/adacore_jetson/rts-native-light/gnat/s-imguti.adb:system__img_util__set_decimal_digits__set_blanks_and_sign.1" label: "/home/henley/adacore/repos/adacore_jetson/rts-native-light/gnat/s-imguti.adb:314:13" }
edge: { sourcename: "system__img_util__set_decimal_digits" targetname: "memset" label: "/home/henley/adacore/repos/adacore_jetson/rts-native-light/gnat/s-imguti.adb:198:16" }
edge: { sourcename: "system__img_util__set_decimal_digits" targetname: "memset" label: "/home/henley/adacore/repos/adacore_jetson/rts-native-light/gnat/s-imguti.adb:198:16" }
edge: { sourcename: "system__img_util__set_decimal_digits" targetname: "/home/henley/adacore/repos/adacore_jetson/rts-native-light/gnat/s-imguti.adb:system__img_util__set_decimal_digits__set_blanks_and_sign.1" label: "/home/henley/adacore/repos/adacore_jetson/rts-native-light/gnat/s-imguti.adb:371:19" }
edge: { sourcename: "system__img_util__set_decimal_digits" targetname: "/home/henley/adacore/repos/adacore_jetson/rts-native-light/gnat/s-imguti.adb:system__img_util__set_decimal_digits__set_blanks_and_sign.1" label: "/home/henley/adacore/repos/adacore_jetson/rts-native-light/gnat/s-imguti.adb:377:19" }
edge: { sourcename: "system__img_util__set_decimal_digits" targetname: "memset" label: "/home/henley/adacore/repos/adacore_jetson/rts-native-light/gnat/s-imguti.adb:198:16" }
edge: { sourcename: "system__img_util__set_decimal_digits" targetname: "memset" label: "/home/henley/adacore/repos/adacore_jetson/rts-native-light/gnat/s-imguti.adb:198:16" }
edge: { sourcename: "system__img_util__set_decimal_digits" targetname: "/home/henley/adacore/repos/adacore_jetson/rts-native-light/gnat/s-imguti.adb:system__img_util__set_decimal_digits__set_blanks_and_sign.1" label: "/home/henley/adacore/repos/adacore_jetson/rts-native-light/gnat/s-imguti.adb:390:16" }
edge: { sourcename: "system__img_util__set_decimal_digits" targetname: "memset" label: "/home/henley/adacore/repos/adacore_jetson/rts-native-light/gnat/s-imguti.adb:198:16" }
node: { title: "system__img_util__set_floating_invalid_value" label: "Set_Floating_Invalid_Value\n/home/henley/adacore/repos/adacore_jetson/rts-native-light/gnat/s-imguti.adb:407:4\n80 bytes (static)\n0 dynamic objects" }
edge: { sourcename: "system__img_util__set_floating_invalid_value" targetname: "/home/henley/adacore/repos/adacore_jetson/rts-native-light/gnat/s-imguti.adb:system__img_util__set_floating_invalid_value__set_special_fill.6" label: "/home/henley/adacore/repos/adacore_jetson/rts-native-light/gnat/s-imguti.adb:467:13" }
edge: { sourcename: "system__img_util__set_floating_invalid_value" targetname: "/home/henley/adacore/repos/adacore_jetson/rts-native-light/gnat/s-imguti.adb:system__img_util__set_floating_invalid_value__set_special_fill.6" label: "/home/henley/adacore/repos/adacore_jetson/rts-native-light/gnat/s-imguti.adb:474:13" }
edge: { sourcename: "system__img_util__set_floating_invalid_value" targetname: "/home/henley/adacore/repos/adacore_jetson/rts-native-light/gnat/s-imguti.adb:system__img_util__set_floating_invalid_value__set_special_fill.6" label: "/home/henley/adacore/repos/adacore_jetson/rts-native-light/gnat/s-imguti.adb:480:13" }
}
