graph: { title: "/home/henley/adacore/repos/adacore_jetson/rts-native-light/gnat/s-libdou.adb"
node: { title: "system__libm_double__identity" label: "Identity\n/home/henley/adacore/repos/adacore_jetson/rts-native-light/gnat/s-libdou.ads:519:4\n0 bytes (static)\n0 dynamic objects" }
node: { title: "system__libm_double__nan" label: "Nan\n/home/henley/adacore/repos/adacore_jetson/rts-native-light/gnat/s-libdou.ads:524:4\n0 bytes (static)\n0 dynamic objects" }
node: { title: "system__libm_double__exact" label: "Exact\n/home/henley/adacore/repos/adacore_jetson/rts-native-light/gnat/s-libdou.ads:526:4\n0 bytes (static)\n0 dynamic objects" }
node: { title: "system__libm_double__epsilon" label: "Epsilon\n/home/henley/adacore/repos/adacore_jetson/rts-native-light/gnat/s-libdou.ads:528:4\n0 bytes (static)\n0 dynamic objects" }
node: { title: "system__libm_double__maximum_relative_error" label: "Maximum_Relative_Error\n/home/henley/adacore/repos/adacore_jetson/rts-native-light/gnat/s-libdou.ads:530:4\n0 bytes (static)\n0 dynamic objects" }
node: { title: "system__libm_double__long_float_approximations__float_polynomials__polynomialIPXnb" label: "polynomialIPXnb\n<built-in>\n0 bytes (static)\n0 dynamic objects" }
node: { title: "system__libm_double__long_float_approximations__approx_asinXn" label: "Approx_Asin\n/home/henley/adacore/repos/adacore_jetson/rts-native-light/gnat/s-libm.adb:107:7\n0 bytes (static)\n0 dynamic objects" }
node: { title: "system__libm_double__long_float_approximations__approx_atanXn" label: "Approx_Atan\n/home/henley/adacore/repos/adacore_jetson/rts-native-light/gnat/s-libm.adb:157:7\n0 bytes (static)\n0 dynamic objects" }
node: { title: "system__libm_double__long_float_approximations__approx_cosXn" label: "Approx_Cos\n/home/henley/adacore/repos/adacore_jetson/rts-native-light/gnat/s-libm.adb:199:7\n64 bytes (static)\n1 dynamic objects\n Cos_P /home/henley/adacore/repos/adacore_jetson/rts-native-light/gnat/s-libm.adb:204:10" }
node: { title: "system__libm_double__long_float_approximations__approx_expXn" label: "Approx_Exp\n/home/henley/adacore/repos/adacore_jetson/rts-native-light/gnat/s-libm.adb:250:7\n0 bytes (static)\n2 dynamic objects\n Exp_P /home/henley/adacore/repos/adacore_jetson/rts-native-light/gnat/s-libm.adb:252:10\n Exp_Q /home/henley/adacore/repos/adacore_jetson/rts-native-light/gnat/s-libm.adb:267:10" }
node: { title: "system__libm_double__long_float_approximations__approx_logXn" label: "Approx_Log\n/home/henley/adacore/repos/adacore_jetson/rts-native-light/gnat/s-libm.adb:299:7\n0 bytes (static)\n2 dynamic objects\n Log_P /home/henley/adacore/repos/adacore_jetson/rts-native-light/gnat/s-libm.adb:301:10\n Log_Q /home/henley/adacore/repos/adacore_jetson/rts-native-light/gnat/s-libm.adb:311:10" }
node: { title: "system__libm_double__long_float_approximations__approx_power_logXn" label: "Approx_Power_Log\n/home/henley/adacore/repos/adacore_jetson/rts-native-light/gnat/s-libm.adb:342:7\n0 bytes (static)\n1 dynamic objects\n Power_Log_P /home/henley/adacore/repos/adacore_jetson/rts-native-light/gnat/s-libm.adb:343:10" }
node: { title: "system__libm_double__long_float_approximations__approx_exp2Xn" label: "Approx_Exp2\n/home/henley/adacore/repos/adacore_jetson/rts-native-light/gnat/s-libm.adb:369:7\n64 bytes (static)\n1 dynamic objects\n Exp2_P /home/henley/adacore/repos/adacore_jetson/rts-native-light/gnat/s-libm.adb:370:10" }
node: { title: "system__libm_double__long_float_approximations__approx_sinXn" label: "Approx_Sin\n/home/henley/adacore/repos/adacore_jetson/rts-native-light/gnat/s-libm.adb:392:7\n64 bytes (static)\n1 dynamic objects\n Sin_P /home/henley/adacore/repos/adacore_jetson/rts-native-light/gnat/s-libm.adb:397:10" }
node: { title: "system__libm_double__long_float_approximations__approx_sinhXn" label: "Approx_Sinh\n/home/henley/adacore/repos/adacore_jetson/rts-native-light/gnat/s-libm.adb:434:7\n0 bytes (static)\n2 dynamic objects\n Sinh_P /home/henley/adacore/repos/adacore_jetson/rts-native-light/gnat/s-libm.adb:435:10\n Sinh_Q /home/henley/adacore/repos/adacore_jetson/rts-native-light/gnat/s-libm.adb:446:10" }
node: { title: "system__libm_double__long_float_approximations__approx_tanXn" label: "Approx_Tan\n/home/henley/adacore/repos/adacore_jetson/rts-native-light/gnat/s-libm.adb:472:7\n0 bytes (static)\n2 dynamic objects\n Tan_P /home/henley/adacore/repos/adacore_jetson/rts-native-light/gnat/s-libm.adb:473:10\n Tan_Q /home/henley/adacore/repos/adacore_jetson/rts-native-light/gnat/s-libm.adb:482:10" }
node: { title: "system__libm_double__long_float_approximations__approx_cotXn" label: "Approx_Cot\n/home/henley/adacore/repos/adacore_jetson/rts-native-light/gnat/s-libm.adb:507:7\n0 bytes (static)\n2 dynamic objects\n Tan_P /home/henley/adacore/repos/adacore_jetson/rts-native-light/gnat/s-libm.adb:508:10\n Tan_Q /home/henley/adacore/repos/adacore_jetson/rts-native-light/gnat/s-libm.adb:517:10" }
node: { title: "system__libm_double__long_float_approximations__approx_tanhXn" label: "Approx_Tanh\n/home/henley/adacore/repos/adacore_jetson/rts-native-light/gnat/s-libm.adb:541:7\n0 bytes (static)\n2 dynamic objects\n Tanh_P /home/henley/adacore/repos/adacore_jetson/rts-native-light/gnat/s-libm.adb:542:10\n Tanh_Q /home/henley/adacore/repos/adacore_jetson/rts-native-light/gnat/s-libm.adb:552:10" }
node: { title: "system__libm_double__long_float_approximations__asinXn" label: "Asin\n/home/henley/adacore/repos/adacore_jetson/rts-native-light/gnat/s-libm.adb:577:7\n32 bytes (static)\n0 dynamic objects" }
edge: { sourcename: "system__libm_double__long_float_approximations__asinXn" targetname: "system__libm_double__long_float_approximations__approx_asinXn" label: "/home/henley/adacore/repos/adacore_jetson/rts-native-light/gnat/s-libm.adb:587:31" }
node: { title: "sqrt" label: "Sqrt\n/home/henley/adacore/repos/adacore_jetson/rts-native-light/gnat/s-lidosq.ads:40:13" shape : ellipse }
edge: { sourcename: "system__libm_double__long_float_approximations__asinXn" targetname: "sqrt" label: "/home/henley/adacore/repos/adacore_jetson/rts-native-light/gnat/s-libdou.adb:835:13" }
edge: { sourcename: "system__libm_double__long_float_approximations__asinXn" targetname: "system__libm_double__long_float_approximations__approx_asinXn" label: "/home/henley/adacore/repos/adacore_jetson/rts-native-light/gnat/s-libm.adb:594:57" }
node: { title: "system__libm_double__long_float_approximations__multiply_addXn" label: "Multiply_Add\n/home/henley/adacore/repos/adacore_jetson/rts-native-light/gnat/s-libm.adb:98:7\n0 bytes (static)\n0 dynamic objects" }
node: { title: "system__libm_double__instantiations__acosXn" label: "Acos\n/home/henley/adacore/repos/adacore_jetson/rts-native-light/gnat/s-libm.adb:610:4\n48 bytes (static)\n0 dynamic objects" }
edge: { sourcename: "system__libm_double__instantiations__acosXn" targetname: "system__libm_double__long_float_approximations__approx_asinXn" label: "/home/henley/adacore/repos/adacore_jetson/rts-native-light/gnat/s-libm.adb:624:41" }
edge: { sourcename: "system__libm_double__instantiations__acosXn" targetname: "sqrt" label: "/home/henley/adacore/repos/adacore_jetson/rts-native-light/gnat/s-libdou.adb:835:13" }
edge: { sourcename: "system__libm_double__instantiations__acosXn" targetname: "system__libm_double__long_float_approximations__approx_asinXn" label: "/home/henley/adacore/repos/adacore_jetson/rts-native-light/gnat/s-libm.adb:634:25" }
node: { title: "system__libm_double__instantiations__atan2Xn" label: "Atan2\n/home/henley/adacore/repos/adacore_jetson/rts-native-light/gnat/s-libm.adb:646:4\n32 bytes (static)\n0 dynamic objects" }
edge: { sourcename: "system__libm_double__instantiations__atan2Xn" targetname: "system__libm_double__long_float_approximations__approx_atanXn" label: "/home/henley/adacore/repos/adacore_jetson/rts-native-light/gnat/s-libm.adb:736:20" }
edge: { sourcename: "system__libm_double__instantiations__atan2Xn" targetname: "system__libm_double__long_float_approximations__approx_atanXn" label: "/home/henley/adacore/repos/adacore_jetson/rts-native-light/gnat/s-libm.adb:736:20" }
edge: { sourcename: "system__libm_double__instantiations__atan2Xn" targetname: "system__libm_double__long_float_approximations__approx_atanXn" label: "/home/henley/adacore/repos/adacore_jetson/rts-native-light/gnat/s-libm.adb:736:20" }
edge: { sourcename: "system__libm_double__instantiations__atan2Xn" targetname: "system__libm_double__long_float_approximations__approx_atanXn" label: "/home/henley/adacore/repos/adacore_jetson/rts-native-light/gnat/s-libm.adb:736:20" }
node: { title: "system__libm_double__long_float_tableIP" label: "long_float_tableIP\n<built-in>\n0 bytes (static)\n0 dynamic objects" }
node: { title: "system__libm_double__reduce_1_16" label: "Reduce_1_16\n/home/henley/adacore/repos/adacore_jetson/rts-native-light/gnat/s-libdou.adb:109:4\n16 bytes (static)\n0 dynamic objects" }
node: { title: "system__fat_lflt__attr_long_float__machine_rounding" label: "Machine_Rounding\n/home/henley/adacore/repos/adacore_jetson/rts-native-light/gnat/s-fatgen.ads:71:13" shape : ellipse }
edge: { sourcename: "system__libm_double__reduce_1_16" targetname: "system__fat_lflt__attr_long_float__machine_rounding" label: "/home/henley/adacore/repos/adacore_jetson/rts-native-light/gnat/s-libdou.adb:110:9" }
node: { title: "system__libm_double__reconstruct_pow" label: "Reconstruct_Pow\n/home/henley/adacore/repos/adacore_jetson/rts-native-light/gnat/s-libdou.adb:177:4\n0 bytes (static)\n0 dynamic objects" }
node: { title: "system__fat_lflt__attr_long_float__scaling" label: "Scaling\n/home/henley/adacore/repos/adacore_jetson/rts-native-light/gnat/s-fatgen.ads:81:13" shape : ellipse }
edge: { sourcename: "system__libm_double__reconstruct_pow" targetname: "system__fat_lflt__attr_long_float__scaling" label: "/home/henley/adacore/repos/adacore_jetson/rts-native-light/gnat/s-libdou.adb:191:24" }
node: { title: "system__libm_double__reduce_044" label: "Reduce_044\n/home/henley/adacore/repos/adacore_jetson/rts-native-light/gnat/s-libdou.adb:198:4\n16 bytes (static)\n0 dynamic objects" }
node: { title: "system__libm_double__split_veltkamp" label: "Split_Veltkamp\n/home/henley/adacore/repos/adacore_jetson/rts-native-light/gnat/s-libdou.adb:245:4\n32 bytes (static)\n0 dynamic objects" }
node: { title: "system__libm_double__reduce_ln_2" label: "Reduce_Ln_2\n/home/henley/adacore/repos/adacore_jetson/rts-native-light/gnat/s-libdou.adb:256:4\n48 bytes (static)\n0 dynamic objects" }
node: { title: "system__fat_lflt__attr_long_float__rounding" label: "Rounding\n/home/henley/adacore/repos/adacore_jetson/rts-native-light/gnat/s-fatgen.ads:79:13" shape : ellipse }
edge: { sourcename: "system__libm_double__reduce_ln_2" targetname: "system__fat_lflt__attr_long_float__rounding" label: "/home/henley/adacore/repos/adacore_jetson/rts-native-light/gnat/s-libdou.adb:260:45" }
node: { title: "system__libm_double__reduce_half_pi_large" label: "Reduce_Half_Pi_Large\n/home/henley/adacore/repos/adacore_jetson/rts-native-light/gnat/s-libdou.adb:317:4\n112 bytes (static)\n0 dynamic objects" }
edge: { sourcename: "system__libm_double__reduce_half_pi_large" targetname: "system__fat_lflt__attr_long_float__machine_rounding" label: "/home/henley/adacore/repos/adacore_jetson/rts-native-light/gnat/s-libdou.adb:348:17" }
node: { title: "system__libm_double__reduce_half_pi" label: "Reduce_Half_Pi\n/home/henley/adacore/repos/adacore_jetson/rts-native-light/gnat/s-libdou.adb:285:4\n64 bytes (static)\n0 dynamic objects" }
edge: { sourcename: "system__libm_double__reduce_half_pi" targetname: "system__fat_lflt__attr_long_float__machine_rounding" label: "/home/henley/adacore/repos/adacore_jetson/rts-native-light/gnat/s-libdou.adb:296:28" }
edge: { sourcename: "system__libm_double__reduce_half_pi" targetname: "system__libm_double__reduce_half_pi_large" label: "/home/henley/adacore/repos/adacore_jetson/rts-native-light/gnat/s-libdou.adb:304:10" }
node: { title: "acos" label: "Acos\n/home/henley/adacore/repos/adacore_jetson/rts-native-light/gnat/s-libdou.adb:356:4\n0 bytes (static)\n0 dynamic objects" }
edge: { sourcename: "acos" targetname: "system__libm_double__instantiations__acosXn" label: "/home/henley/adacore/repos/adacore_jetson/rts-native-light/gnat/s-libdou.adb:356:55" }
node: { title: "asin" label: "Asin\n/home/henley/adacore/repos/adacore_jetson/rts-native-light/gnat/s-libdou.adb:382:4\n32 bytes (static)\n0 dynamic objects" }
edge: { sourcename: "asin" targetname: "system__libm_double__long_float_approximations__approx_asinXn" label: "/home/henley/adacore/repos/adacore_jetson/rts-native-light/gnat/s-libm.adb:587:31" }
edge: { sourcename: "asin" targetname: "sqrt" label: "/home/henley/adacore/repos/adacore_jetson/rts-native-light/gnat/s-libdou.adb:835:13" }
edge: { sourcename: "asin" targetname: "system__libm_double__long_float_approximations__approx_asinXn" label: "/home/henley/adacore/repos/adacore_jetson/rts-native-light/gnat/s-libm.adb:594:57" }
node: { title: "atan" label: "Atan\n/home/henley/adacore/repos/adacore_jetson/rts-native-light/gnat/s-libdou.adb:414:4\n0 bytes (static)\n0 dynamic objects" }
edge: { sourcename: "atan" targetname: "system__libm_double__instantiations__atan2Xn" label: "/home/henley/adacore/repos/adacore_jetson/rts-native-light/gnat/s-libdou.adb:414:55" }
node: { title: "atan2" label: "Atan2\n/home/henley/adacore/repos/adacore_jetson/rts-native-light/gnat/s-libdou.adb:420:4\n0 bytes (static)\n0 dynamic objects" }
edge: { sourcename: "atan2" targetname: "system__libm_double__instantiations__atan2Xn" label: "/home/henley/adacore/repos/adacore_jetson/rts-native-light/gnat/s-libdou.adb:420:59" }
node: { title: "atanh" label: "Atanh\n/home/henley/adacore/repos/adacore_jetson/rts-native-light/gnat/s-libdou.adb:426:4\n48 bytes (static)\n0 dynamic objects" }
edge: { sourcename: "atanh" targetname: "log" label: "/home/henley/adacore/repos/adacore_jetson/rts-native-light/gnat/s-libdou.adb:641:17" }
edge: { sourcename: "atanh" targetname: "log" label: "/home/henley/adacore/repos/adacore_jetson/rts-native-light/gnat/s-libdou.adb:641:17" }
node: { title: "cos" label: "Cos\n/home/henley/adacore/repos/adacore_jetson/rts-native-light/gnat/s-libdou.adb:438:4\n32 bytes (static)\n0 dynamic objects" }
edge: { sourcename: "cos" targetname: "system__libm_double__reduce_half_pi" label: "/home/henley/adacore/repos/adacore_jetson/rts-native-light/gnat/s-libdou.adb:447:7" }
edge: { sourcename: "cos" targetname: "system__libm_double__long_float_approximations__approx_cosXn" label: "/home/henley/adacore/repos/adacore_jetson/rts-native-light/gnat/s-libdou.adb:450:20" }
edge: { sourcename: "cos" targetname: "system__libm_double__long_float_approximations__approx_sinXn" label: "/home/henley/adacore/repos/adacore_jetson/rts-native-light/gnat/s-libdou.adb:452:20" }
node: { title: "exp" label: "Exp\n/home/henley/adacore/repos/adacore_jetson/rts-native-light/gnat/s-libdou.adb:520:4\n32 bytes (static)\n0 dynamic objects" }
edge: { sourcename: "exp" targetname: "system__libm_double__reduce_ln_2" label: "/home/henley/adacore/repos/adacore_jetson/rts-native-light/gnat/s-libdou.adb:541:7" }
edge: { sourcename: "exp" targetname: "system__libm_double__long_float_approximations__approx_expXn" label: "/home/henley/adacore/repos/adacore_jetson/rts-native-light/gnat/s-libdou.adb:542:12" }
edge: { sourcename: "exp" targetname: "system__fat_lflt__attr_long_float__scaling" label: "/home/henley/adacore/repos/adacore_jetson/rts-native-light/gnat/s-libdou.adb:543:24" }
node: { title: "cosh" label: "Cosh\n/home/henley/adacore/repos/adacore_jetson/rts-native-light/gnat/s-libdou.adb:462:4\n16 bytes (static)\n0 dynamic objects" }
edge: { sourcename: "cosh" targetname: "exp" label: "/home/henley/adacore/repos/adacore_jetson/rts-native-light/gnat/s-libdou.adb:505:15" }
edge: { sourcename: "cosh" targetname: "exp" label: "/home/henley/adacore/repos/adacore_jetson/rts-native-light/gnat/s-libdou.adb:511:15" }
node: { title: "exp2" label: "Exp2\n/home/henley/adacore/repos/adacore_jetson/rts-native-light/gnat/s-libdou.adb:550:4\n32 bytes (static)\n0 dynamic objects" }
edge: { sourcename: "exp2" targetname: "system__libm_double__long_float_approximations__approx_exp2Xn" label: "/home/henley/adacore/repos/adacore_jetson/rts-native-light/gnat/s-libdou.adb:574:12" }
edge: { sourcename: "exp2" targetname: "system__fat_lflt__attr_long_float__scaling" label: "/home/henley/adacore/repos/adacore_jetson/rts-native-light/gnat/s-libdou.adb:576:27" }
node: { title: "log" label: "Log\n/home/henley/adacore/repos/adacore_jetson/rts-native-light/gnat/s-libdou.adb:589:4\n48 bytes (static)\n0 dynamic objects" }
node: { title: "system__fat_lflt__attr_long_float__decompose" label: "Decompose\n/home/henley/adacore/repos/adacore_jetson/rts-native-light/gnat/s-fatgen.adb:150:14" shape : ellipse }
edge: { sourcename: "log" targetname: "system__fat_lflt__attr_long_float__decompose" label: "/home/henley/adacore/repos/adacore_jetson/rts-native-light/gnat/s-libdou.adb:593:43" }
edge: { sourcename: "log" targetname: "system__fat_lflt__attr_long_float__scaling" label: "/home/henley/adacore/repos/adacore_jetson/rts-native-light/gnat/s-libdou.adb:595:43" }
edge: { sourcename: "log" targetname: "system__libm_double__long_float_approximations__approx_logXn" label: "/home/henley/adacore/repos/adacore_jetson/rts-native-light/gnat/s-libdou.adb:619:17" }
node: { title: "acosh" label: "Acosh\n/home/henley/adacore/repos/adacore_jetson/rts-native-light/gnat/s-libdou.adb:362:4\n48 bytes (static)\n0 dynamic objects" }
edge: { sourcename: "acosh" targetname: "log" label: "/home/henley/adacore/repos/adacore_jetson/rts-native-light/gnat/s-libdou.adb:370:17" }
edge: { sourcename: "acosh" targetname: "sqrt" label: "/home/henley/adacore/repos/adacore_jetson/rts-native-light/gnat/s-libdou.adb:835:13" }
edge: { sourcename: "acosh" targetname: "log" label: "/home/henley/adacore/repos/adacore_jetson/rts-native-light/gnat/s-libdou.adb:641:17" }
edge: { sourcename: "acosh" targetname: "sqrt" label: "/home/henley/adacore/repos/adacore_jetson/rts-native-light/gnat/s-libdou.adb:835:13" }
edge: { sourcename: "acosh" targetname: "log" label: "/home/henley/adacore/repos/adacore_jetson/rts-native-light/gnat/s-libdou.adb:374:17" }
node: { title: "asinh" label: "Asinh\n/home/henley/adacore/repos/adacore_jetson/rts-native-light/gnat/s-libdou.adb:388:4\n64 bytes (static)\n0 dynamic objects" }
edge: { sourcename: "asinh" targetname: "log" label: "/home/henley/adacore/repos/adacore_jetson/rts-native-light/gnat/s-libdou.adb:400:17" }
edge: { sourcename: "asinh" targetname: "sqrt" label: "/home/henley/adacore/repos/adacore_jetson/rts-native-light/gnat/s-libdou.adb:835:13" }
edge: { sourcename: "asinh" targetname: "log" label: "/home/henley/adacore/repos/adacore_jetson/rts-native-light/gnat/s-libdou.adb:641:17" }
edge: { sourcename: "asinh" targetname: "log" label: "/home/henley/adacore/repos/adacore_jetson/rts-native-light/gnat/s-libdou.adb:404:17" }
node: { title: "log1p" label: "Log1p\n/home/henley/adacore/repos/adacore_jetson/rts-native-light/gnat/s-libdou.adb:629:4\n48 bytes (static)\n0 dynamic objects" }
edge: { sourcename: "log1p" targetname: "log" label: "/home/henley/adacore/repos/adacore_jetson/rts-native-light/gnat/s-libdou.adb:641:17" }
node: { title: "log2" label: "Log2\n/home/henley/adacore/repos/adacore_jetson/rts-native-light/gnat/s-libdou.adb:649:4\n16 bytes (static)\n0 dynamic objects" }
edge: { sourcename: "log2" targetname: "log" label: "/home/henley/adacore/repos/adacore_jetson/rts-native-light/gnat/s-libdou.adb:655:7" }
node: { title: "pow" label: "Pow\n/home/henley/adacore/repos/adacore_jetson/rts-native-light/gnat/s-libdou.adb:661:4\n112 bytes (static)\n0 dynamic objects" }
edge: { sourcename: "pow" targetname: "system__fat_lflt__attr_long_float__decompose" label: "/home/henley/adacore/repos/adacore_jetson/rts-native-light/gnat/s-libdou.adb:670:33" }
edge: { sourcename: "pow" targetname: "system__fat_lflt__attr_long_float__decompose" label: "/home/henley/adacore/repos/adacore_jetson/rts-native-light/gnat/s-libdou.adb:671:33" }
edge: { sourcename: "pow" targetname: "system__fat_lflt__attr_long_float__rounding" label: "/home/henley/adacore/repos/adacore_jetson/rts-native-light/gnat/s-libm.adb:789:25" }
edge: { sourcename: "pow" targetname: "system__fat_lflt__attr_long_float__rounding" label: "/home/henley/adacore/repos/adacore_jetson/rts-native-light/gnat/s-libm.adb:811:28" }
edge: { sourcename: "pow" targetname: "system__fat_lflt__attr_long_float__rounding" label: "/home/henley/adacore/repos/adacore_jetson/rts-native-light/gnat/s-libm.adb:789:25" }
edge: { sourcename: "pow" targetname: "system__fat_lflt__attr_long_float__rounding" label: "/home/henley/adacore/repos/adacore_jetson/rts-native-light/gnat/s-libm.adb:861:30" }
edge: { sourcename: "pow" targetname: "system__libm_double__reduce_044" label: "/home/henley/adacore/repos/adacore_jetson/rts-native-light/gnat/s-libdou.adb:696:10" }
edge: { sourcename: "pow" targetname: "system__libm_double__long_float_approximations__approx_power_logXn" label: "/home/henley/adacore/repos/adacore_jetson/rts-native-light/gnat/s-libdou.adb:700:16" }
edge: { sourcename: "pow" targetname: "system__fat_lflt__attr_long_float__machine_rounding" label: "/home/henley/adacore/repos/adacore_jetson/rts-native-light/gnat/s-libdou.adb:110:9" }
edge: { sourcename: "pow" targetname: "system__fat_lflt__attr_long_float__machine_rounding" label: "/home/henley/adacore/repos/adacore_jetson/rts-native-light/gnat/s-libdou.adb:110:9" }
edge: { sourcename: "pow" targetname: "system__fat_lflt__attr_long_float__machine_rounding" label: "/home/henley/adacore/repos/adacore_jetson/rts-native-light/gnat/s-libdou.adb:110:9" }
edge: { sourcename: "pow" targetname: "system__fat_lflt__attr_long_float__machine_rounding" label: "/home/henley/adacore/repos/adacore_jetson/rts-native-light/gnat/s-libdou.adb:110:9" }
edge: { sourcename: "pow" targetname: "system__libm_double__long_float_approximations__approx_exp2Xn" label: "/home/henley/adacore/repos/adacore_jetson/rts-native-light/gnat/s-libdou.adb:734:15" }
edge: { sourcename: "pow" targetname: "system__fat_lflt__attr_long_float__scaling" label: "/home/henley/adacore/repos/adacore_jetson/rts-native-light/gnat/s-libdou.adb:191:24" }
node: { title: "sin" label: "Sin\n/home/henley/adacore/repos/adacore_jetson/rts-native-light/gnat/s-libdou.adb:749:4\n48 bytes (static)\n0 dynamic objects" }
edge: { sourcename: "sin" targetname: "system__libm_double__reduce_half_pi" label: "/home/henley/adacore/repos/adacore_jetson/rts-native-light/gnat/s-libdou.adb:758:7" }
edge: { sourcename: "sin" targetname: "system__libm_double__long_float_approximations__approx_sinXn" label: "/home/henley/adacore/repos/adacore_jetson/rts-native-light/gnat/s-libdou.adb:761:20" }
edge: { sourcename: "sin" targetname: "system__libm_double__long_float_approximations__approx_cosXn" label: "/home/henley/adacore/repos/adacore_jetson/rts-native-light/gnat/s-libdou.adb:763:20" }
node: { title: "sinh" label: "Sinh\n/home/henley/adacore/repos/adacore_jetson/rts-native-light/gnat/s-libdou.adb:773:4\n48 bytes (static)\n0 dynamic objects" }
edge: { sourcename: "sinh" targetname: "system__libm_double__long_float_approximations__approx_sinhXn" label: "/home/henley/adacore/repos/adacore_jetson/rts-native-light/gnat/s-libdou.adb:815:17" }
edge: { sourcename: "sinh" targetname: "exp" label: "/home/henley/adacore/repos/adacore_jetson/rts-native-light/gnat/s-libdou.adb:820:15" }
edge: { sourcename: "sinh" targetname: "exp" label: "/home/henley/adacore/repos/adacore_jetson/rts-native-light/gnat/s-libdou.adb:826:15" }
node: { title: "system__libm_double__sqrt" label: "Sqrt\n/home/henley/adacore/repos/adacore_jetson/rts-native-light/gnat/s-libdou.adb:835:13\n0 bytes (static)\n0 dynamic objects" }
edge: { sourcename: "system__libm_double__sqrt" targetname: "sqrt" label: "/home/henley/adacore/repos/adacore_jetson/rts-native-light/gnat/s-libdou.adb:835:13" }
node: { title: "tan" label: "Tan\n/home/henley/adacore/repos/adacore_jetson/rts-native-light/gnat/s-libdou.adb:842:4\n48 bytes (static)\n0 dynamic objects" }
edge: { sourcename: "tan" targetname: "system__libm_double__reduce_half_pi" label: "/home/henley/adacore/repos/adacore_jetson/rts-native-light/gnat/s-libdou.adb:851:10" }
edge: { sourcename: "tan" targetname: "system__libm_double__long_float_approximations__approx_tanXn" label: "/home/henley/adacore/repos/adacore_jetson/rts-native-light/gnat/s-libdou.adb:860:17" }
edge: { sourcename: "tan" targetname: "system__libm_double__long_float_approximations__approx_cotXn" label: "/home/henley/adacore/repos/adacore_jetson/rts-native-light/gnat/s-libdou.adb:863:17" }
node: { title: "tanh" label: "Tanh\n/home/henley/adacore/repos/adacore_jetson/rts-native-light/gnat/s-libdou.adb:871:4\n48 bytes (static)\n0 dynamic objects" }
edge: { sourcename: "tanh" targetname: "exp" label: "/home/henley/adacore/repos/adacore_jetson/rts-native-light/gnat/s-libdou.adb:885:36" }
edge: { sourcename: "tanh" targetname: "system__libm_double__long_float_approximations__approx_tanhXn" label: "/home/henley/adacore/repos/adacore_jetson/rts-native-light/gnat/s-libdou.adb:887:23" }
node: { title: "system__libm_double__multiply_add" label: "Multiply_Add\n/home/henley/adacore/repos/adacore_jetson/rts-native-light/gnat/s-libdou.adb:124:4\n0 bytes (static)\n0 dynamic objects" }
}
