graph: { title: "/home/henley/adacore/repos/adacore_jetson/rts-native-light/gnat/s-macres.adb"
node: { title: "system__machine_reset__stop" label: "Stop\n/home/henley/adacore/repos/adacore_jetson/rts-native-light/gnat/s-macres.adb:41:4\n16 bytes (static)\n0 dynamic objects" }
node: { title: "do_exit" label: "Os_Exit\n/home/henley/adacore/repos/adacore_jetson/rts-native-light/gnat/s-macres.adb:33:14" shape : ellipse }
edge: { sourcename: "system__machine_reset__stop" targetname: "do_exit" label: "/home/henley/adacore/repos/adacore_jetson/rts-native-light/gnat/s-macres.adb:43:7" }
}
