graph: { title: "/home/henley/adacore/repos/adacore_jetson/rts-native-light/gnat/s-textio.adb"
node: { title: "system__text_io__get" label: "Get\n/home/henley/adacore/repos/adacore_jetson/rts-native-light/gnat/s-textio.adb:41:4\n16 bytes (static)\n0 dynamic objects" }
node: { title: "__gnat_last_chance_handler" label: "gnat_last_chance_handler\n<built-in>" shape : ellipse }
edge: { sourcename: "system__text_io__get" targetname: "__gnat_last_chance_handler" label: "/home/henley/adacore/repos/adacore_jetson/rts-native-light/gnat/s-textio.adb:44:7" }
node: { title: "system__text_io__initialize" label: "Initialize\n/home/henley/adacore/repos/adacore_jetson/rts-native-light/gnat/s-textio.adb:52:4\n0 bytes (static)\n0 dynamic objects" }
node: { title: "system__text_io__is_rx_ready" label: "Is_Rx_Ready\n/home/henley/adacore/repos/adacore_jetson/rts-native-light/gnat/s-textio.adb:61:4\n0 bytes (static)\n0 dynamic objects" }
node: { title: "system__text_io__is_tx_ready" label: "Is_Tx_Ready\n/home/henley/adacore/repos/adacore_jetson/rts-native-light/gnat/s-textio.adb:70:4\n0 bytes (static)\n0 dynamic objects" }
node: { title: "system__text_io__put" label: "Put\n/home/henley/adacore/repos/adacore_jetson/rts-native-light/gnat/s-textio.adb:79:4\n0 bytes (static)\n0 dynamic objects" }
node: { title: "system__text_io__use_cr_lf_for_new_line" label: "Use_Cr_Lf_For_New_Line\n/home/henley/adacore/repos/adacore_jetson/rts-native-light/gnat/s-textio.adb:91:4\n0 bytes (static)\n0 dynamic objects" }
}
