graph: { title: "/home/henley/adacore/repos/adacore_jetson/rts-native-light/gnat/s-valllu.ads"
node: { title: "system__val_llu__impl__scan_raw_unsigned" label: "Scan_Raw_Unsigned\n/home/henley/adacore/repos/adacore_jetson/rts-native-light/gnat/s-valueu.adb:40:4\n128 bytes (static)\n0 dynamic objects" }
node: { title: "ada__exceptions__call_last_chance_handler_with_message" label: "Call_Last_Chance_Handler_With_Message\n/home/henley/adacore/repos/adacore_jetson/rts-native-light/gnat/a-except.adb:40:14" shape : ellipse }
edge: { sourcename: "system__val_llu__impl__scan_raw_unsigned" targetname: "ada__exceptions__call_last_chance_handler_with_message" label: "/home/henley/adacore/repos/adacore_jetson/rts-native-light/gnat/a-except.adb:95:10" }
node: { title: "system__val_util__scan_underscore" label: "Scan_Underscore\n/home/henley/adacore/repos/adacore_jetson/rts-native-light/gnat/s-valuti.ads:107:14" shape : ellipse }
edge: { sourcename: "system__val_llu__impl__scan_raw_unsigned" targetname: "system__val_util__scan_underscore" label: "/home/henley/adacore/repos/adacore_jetson/rts-native-light/gnat/s-valueu.adb:99:19" }
node: { title: "system__val_util__bad_value" label: "Bad_Value\n/home/henley/adacore/repos/adacore_jetson/rts-native-light/gnat/s-valuti.ads:37:14" shape : ellipse }
edge: { sourcename: "system__val_llu__impl__scan_raw_unsigned" targetname: "system__val_util__bad_value" label: "/home/henley/adacore/repos/adacore_jetson/rts-native-light/gnat/s-valueu.adb:215:19" }
edge: { sourcename: "system__val_llu__impl__scan_raw_unsigned" targetname: "system__val_util__scan_underscore" label: "/home/henley/adacore/repos/adacore_jetson/rts-native-light/gnat/s-valueu.adb:227:19" }
node: { title: "system__val_util__scan_exponent" label: "Scan_Exponent\n/home/henley/adacore/repos/adacore_jetson/rts-native-light/gnat/s-valuti.ads:84:13" shape : ellipse }
edge: { sourcename: "system__val_llu__impl__scan_raw_unsigned" targetname: "system__val_util__scan_exponent" label: "/home/henley/adacore/repos/adacore_jetson/rts-native-light/gnat/s-valueu.adb:237:16" }
edge: { sourcename: "system__val_llu__impl__scan_raw_unsigned" targetname: "system__val_util__bad_value" label: "/home/henley/adacore/repos/adacore_jetson/rts-native-light/gnat/s-valueu.adb:264:10" }
node: { title: "system__val_llu__impl__scan_unsigned" label: "Scan_Unsigned\n/home/henley/adacore/repos/adacore_jetson/rts-native-light/gnat/s-valueu.adb:274:4\n64 bytes (static)\n0 dynamic objects" }
node: { title: "system__val_util__scan_plus_sign" label: "Scan_Plus_Sign\n/home/henley/adacore/repos/adacore_jetson/rts-native-light/gnat/s-valuti.ads:76:14" shape : ellipse }
edge: { sourcename: "system__val_llu__impl__scan_unsigned" targetname: "system__val_util__scan_plus_sign" label: "/home/henley/adacore/repos/adacore_jetson/rts-native-light/gnat/s-valueu.adb:283:7" }
edge: { sourcename: "system__val_llu__impl__scan_unsigned" targetname: "system__val_util__bad_value" label: "/home/henley/adacore/repos/adacore_jetson/rts-native-light/gnat/s-valueu.adb:287:10" }
edge: { sourcename: "system__val_llu__impl__scan_unsigned" targetname: "system__val_llu__impl__scan_raw_unsigned" label: "/home/henley/adacore/repos/adacore_jetson/rts-native-light/gnat/s-valueu.adb:290:14" }
node: { title: "system__val_llu__impl__value_unsigned" label: "Value_Unsigned\n/home/henley/adacore/repos/adacore_jetson/rts-native-light/gnat/s-valueu.adb:297:4\n64 bytes (static)\n0 dynamic objects" }
edge: { sourcename: "system__val_llu__impl__value_unsigned" targetname: "system__val_llu__impl__value_unsigned" label: "/home/henley/adacore/repos/adacore_jetson/rts-native-light/gnat/s-valueu.adb:307:20" }
edge: { sourcename: "system__val_llu__impl__value_unsigned" targetname: "system__val_llu__impl__scan_unsigned" label: "/home/henley/adacore/repos/adacore_jetson/rts-native-light/gnat/s-valueu.adb:317:18" }
node: { title: "system__val_util__scan_trailing_blanks" label: "Scan_Trailing_Blanks\n/home/henley/adacore/repos/adacore_jetson/rts-native-light/gnat/s-valuti.ads:103:14" shape : ellipse }
edge: { sourcename: "system__val_llu__impl__value_unsigned" targetname: "system__val_util__scan_trailing_blanks" label: "/home/henley/adacore/repos/adacore_jetson/rts-native-light/gnat/s-valueu.adb:318:13" }
}
