graph: { title: "/home/henley/adacore/repos/adacore_jetson/rts-native-light/gnat/s-valllli.ads"
node: { title: "system__val_llli__impl__scan_integer" label: "Scan_Integer\n/home/henley/adacore/repos/adacore_jetson/rts-native-light/gnat/s-valuei.adb:40:4\n64 bytes (static)\n0 dynamic objects" }
node: { title: "system__val_util__scan_sign" label: "Scan_Sign\n/home/henley/adacore/repos/adacore_jetson/rts-native-light/gnat/s-valuti.ads:50:14" shape : ellipse }
edge: { sourcename: "system__val_llli__impl__scan_integer" targetname: "system__val_util__scan_sign" label: "/home/henley/adacore/repos/adacore_jetson/rts-native-light/gnat/s-valuei.adb:55:7" }
node: { title: "system__val_util__bad_value" label: "Bad_Value\n/home/henley/adacore/repos/adacore_jetson/rts-native-light/gnat/s-valuti.ads:37:14" shape : ellipse }
edge: { sourcename: "system__val_llli__impl__scan_integer" targetname: "system__val_util__bad_value" label: "/home/henley/adacore/repos/adacore_jetson/rts-native-light/gnat/s-valuei.adb:59:10" }
node: { title: "system__val_lllu__impl__scan_raw_unsigned" label: "Scan_Raw_Unsigned\n/home/henley/adacore/repos/adacore_jetson/rts-native-light/gnat/s-valueu.ads:42:13" shape : ellipse }
edge: { sourcename: "system__val_llli__impl__scan_integer" targetname: "system__val_lllu__impl__scan_raw_unsigned" label: "/home/henley/adacore/repos/adacore_jetson/rts-native-light/gnat/s-valuei.adb:62:15" }
edge: { sourcename: "system__val_llli__impl__scan_integer" targetname: "system__val_util__bad_value" label: "/home/henley/adacore/repos/adacore_jetson/rts-native-light/gnat/s-valuei.adb:70:13" }
node: { title: "system__val_llli__impl__value_integer" label: "Value_Integer\n/home/henley/adacore/repos/adacore_jetson/rts-native-light/gnat/s-valuei.adb:89:4\n64 bytes (static)\n0 dynamic objects" }
edge: { sourcename: "system__val_llli__impl__value_integer" targetname: "system__val_llli__impl__value_integer" label: "/home/henley/adacore/repos/adacore_jetson/rts-native-light/gnat/s-valuei.adb:99:20" }
edge: { sourcename: "system__val_llli__impl__value_integer" targetname: "system__val_llli__impl__scan_integer" label: "/home/henley/adacore/repos/adacore_jetson/rts-native-light/gnat/s-valuei.adb:109:18" }
node: { title: "system__val_util__scan_trailing_blanks" label: "Scan_Trailing_Blanks\n/home/henley/adacore/repos/adacore_jetson/rts-native-light/gnat/s-valuti.ads:103:14" shape : ellipse }
edge: { sourcename: "system__val_llli__impl__value_integer" targetname: "system__val_util__scan_trailing_blanks" label: "/home/henley/adacore/repos/adacore_jetson/rts-native-light/gnat/s-valuei.adb:110:13" }
}
