graph: { title: "/home/henley/adacore/repos/adacore_jetson/rts-native-light/gnat/s-vallfl.ads"
node: { title: "/home/henley/adacore/repos/adacore_jetson/rts-native-light/gnat/s-vallfl.ads:system__val_lflt__impl__double_real__Osubtract__2Xnn" label: "2xnn\n/home/henley/adacore/repos/adacore_jetson/rts-native-light/gnat/s-dourea.adb:137:4\n0 bytes (static)\n0 dynamic objects" }
node: { title: "/home/henley/adacore/repos/adacore_jetson/rts-native-light/gnat/s-vallfl.ads:system__val_lflt__impl__double_real__OmultiplyXnn" label: "*Xnn\n/home/henley/adacore/repos/adacore_jetson/rts-native-light/gnat/s-dourea.adb:150:4\n0 bytes (static)\n0 dynamic objects" }
node: { title: "/home/henley/adacore/repos/adacore_jetson/rts-native-light/gnat/s-vallfl.ads:system__val_lflt__impl__double_real__Odivide__2Xnn" label: "2xnn\n/home/henley/adacore/repos/adacore_jetson/rts-native-light/gnat/s-dourea.adb:194:4\n16 bytes (static)\n0 dynamic objects" }
edge: { sourcename: "/home/henley/adacore/repos/adacore_jetson/rts-native-light/gnat/s-vallfl.ads:system__val_lflt__impl__double_real__Odivide__2Xnn" targetname: "/home/henley/adacore/repos/adacore_jetson/rts-native-light/gnat/s-vallfl.ads:system__val_lflt__impl__double_real__OmultiplyXnn" label: "/home/henley/adacore/repos/adacore_jetson/rts-native-light/gnat/s-dourea.adb:200:18" }
edge: { sourcename: "/home/henley/adacore/repos/adacore_jetson/rts-native-light/gnat/s-vallfl.ads:system__val_lflt__impl__double_real__Odivide__2Xnn" targetname: "/home/henley/adacore/repos/adacore_jetson/rts-native-light/gnat/s-vallfl.ads:system__val_lflt__impl__double_real__Osubtract__2Xnn" label: "/home/henley/adacore/repos/adacore_jetson/rts-native-light/gnat/s-dourea.adb:200:14" }
edge: { sourcename: "/home/henley/adacore/repos/adacore_jetson/rts-native-light/gnat/s-vallfl.ads:system__val_lflt__impl__double_real__Odivide__2Xnn" targetname: "/home/henley/adacore/repos/adacore_jetson/rts-native-light/gnat/s-vallfl.ads:system__val_lflt__impl__double_real__OmultiplyXnn" label: "/home/henley/adacore/repos/adacore_jetson/rts-native-light/gnat/s-dourea.adb:203:18" }
edge: { sourcename: "/home/henley/adacore/repos/adacore_jetson/rts-native-light/gnat/s-vallfl.ads:system__val_lflt__impl__double_real__Odivide__2Xnn" targetname: "/home/henley/adacore/repos/adacore_jetson/rts-native-light/gnat/s-vallfl.ads:system__val_lflt__impl__double_real__Osubtract__2Xnn" label: "/home/henley/adacore/repos/adacore_jetson/rts-native-light/gnat/s-dourea.adb:203:14" }
node: { title: "/home/henley/adacore/repos/adacore_jetson/rts-native-light/gnat/s-vallfl.ads:system__val_lflt__impl__double_real__Omultiply__2Xnn" label: "2xnn\n/home/henley/adacore/repos/adacore_jetson/rts-native-light/gnat/s-dourea.adb:161:4\n0 bytes (static)\n0 dynamic objects" }
node: { title: "/home/henley/adacore/repos/adacore_jetson/rts-native-light/gnat/s-vallfl.ads:system__val_lflt__impl__large_powten" label: "Large_Powten\n/home/henley/adacore/repos/adacore_jetson/rts-native-light/gnat/s-valrea.adb:327:4\n16 bytes (static)\n0 dynamic objects" }
edge: { sourcename: "/home/henley/adacore/repos/adacore_jetson/rts-native-light/gnat/s-vallfl.ads:system__val_lflt__impl__large_powten" targetname: "/home/henley/adacore/repos/adacore_jetson/rts-native-light/gnat/s-vallfl.ads:system__val_lflt__impl__double_real__Omultiply__2Xnn" label: "/home/henley/adacore/repos/adacore_jetson/rts-native-light/gnat/s-valrea.adb:346:14" }
node: { title: "/home/henley/adacore/repos/adacore_jetson/rts-native-light/gnat/s-vallfl.ads:system__val_lflt__impl__integer_to_real.constprop.0" label: "Integer_To_Real.Constprop\n/home/henley/adacore/repos/adacore_jetson/rts-native-light/gnat/s-valrea.adb:102:4\n64 bytes (static)\n0 dynamic objects" }
node: { title: "system__fat_lflt__attr_long_float__scaling" label: "Scaling\n/home/henley/adacore/repos/adacore_jetson/rts-native-light/gnat/s-fatgen.ads:81:13" shape : ellipse }
edge: { sourcename: "/home/henley/adacore/repos/adacore_jetson/rts-native-light/gnat/s-vallfl.ads:system__val_lflt__impl__integer_to_real.constprop.0" targetname: "system__fat_lflt__attr_long_float__scaling" label: "/home/henley/adacore/repos/adacore_jetson/rts-native-light/gnat/s-valrea.adb:222:28" }
edge: { sourcename: "/home/henley/adacore/repos/adacore_jetson/rts-native-light/gnat/s-vallfl.ads:system__val_lflt__impl__integer_to_real.constprop.0" targetname: "system__fat_lflt__attr_long_float__scaling" label: "/home/henley/adacore/repos/adacore_jetson/rts-native-light/gnat/s-valrea.adb:229:28" }
edge: { sourcename: "/home/henley/adacore/repos/adacore_jetson/rts-native-light/gnat/s-vallfl.ads:system__val_lflt__impl__integer_to_real.constprop.0" targetname: "system__fat_lflt__attr_long_float__scaling" label: "/home/henley/adacore/repos/adacore_jetson/rts-native-light/gnat/s-valrea.adb:236:28" }
edge: { sourcename: "/home/henley/adacore/repos/adacore_jetson/rts-native-light/gnat/s-vallfl.ads:system__val_lflt__impl__integer_to_real.constprop.0" targetname: "system__fat_lflt__attr_long_float__scaling" label: "/home/henley/adacore/repos/adacore_jetson/rts-native-light/gnat/s-valrea.adb:243:28" }
edge: { sourcename: "/home/henley/adacore/repos/adacore_jetson/rts-native-light/gnat/s-vallfl.ads:system__val_lflt__impl__integer_to_real.constprop.0" targetname: "/home/henley/adacore/repos/adacore_jetson/rts-native-light/gnat/s-vallfl.ads:system__val_lflt__impl__double_real__Omultiply__2Xnn" label: "/home/henley/adacore/repos/adacore_jetson/rts-native-light/gnat/s-valrea.adb:263:40" }
edge: { sourcename: "/home/henley/adacore/repos/adacore_jetson/rts-native-light/gnat/s-vallfl.ads:system__val_lflt__impl__integer_to_real.constprop.0" targetname: "/home/henley/adacore/repos/adacore_jetson/rts-native-light/gnat/s-vallfl.ads:system__val_lflt__impl__large_powten" label: "/home/henley/adacore/repos/adacore_jetson/rts-native-light/gnat/s-valrea.adb:265:42" }
edge: { sourcename: "/home/henley/adacore/repos/adacore_jetson/rts-native-light/gnat/s-vallfl.ads:system__val_lflt__impl__integer_to_real.constprop.0" targetname: "/home/henley/adacore/repos/adacore_jetson/rts-native-light/gnat/s-vallfl.ads:system__val_lflt__impl__double_real__Omultiply__2Xnn" label: "/home/henley/adacore/repos/adacore_jetson/rts-native-light/gnat/s-valrea.adb:265:40" }
edge: { sourcename: "/home/henley/adacore/repos/adacore_jetson/rts-native-light/gnat/s-vallfl.ads:system__val_lflt__impl__integer_to_real.constprop.0" targetname: "/home/henley/adacore/repos/adacore_jetson/rts-native-light/gnat/s-vallfl.ads:system__val_lflt__impl__large_powten" label: "/home/henley/adacore/repos/adacore_jetson/rts-native-light/gnat/s-valrea.adb:270:42" }
edge: { sourcename: "/home/henley/adacore/repos/adacore_jetson/rts-native-light/gnat/s-vallfl.ads:system__val_lflt__impl__integer_to_real.constprop.0" targetname: "/home/henley/adacore/repos/adacore_jetson/rts-native-light/gnat/s-vallfl.ads:system__val_lflt__impl__double_real__Odivide__2Xnn" label: "/home/henley/adacore/repos/adacore_jetson/rts-native-light/gnat/s-valrea.adb:270:40" }
edge: { sourcename: "/home/henley/adacore/repos/adacore_jetson/rts-native-light/gnat/s-vallfl.ads:system__val_lflt__impl__integer_to_real.constprop.0" targetname: "/home/henley/adacore/repos/adacore_jetson/rts-native-light/gnat/s-vallfl.ads:system__val_lflt__impl__double_real__Odivide__2Xnn" label: "/home/henley/adacore/repos/adacore_jetson/rts-native-light/gnat/s-valrea.adb:275:40" }
edge: { sourcename: "/home/henley/adacore/repos/adacore_jetson/rts-native-light/gnat/s-vallfl.ads:system__val_lflt__impl__integer_to_real.constprop.0" targetname: "/home/henley/adacore/repos/adacore_jetson/rts-native-light/gnat/s-vallfl.ads:system__val_lflt__impl__large_powten" label: "/home/henley/adacore/repos/adacore_jetson/rts-native-light/gnat/s-valrea.adb:277:42" }
edge: { sourcename: "/home/henley/adacore/repos/adacore_jetson/rts-native-light/gnat/s-vallfl.ads:system__val_lflt__impl__integer_to_real.constprop.0" targetname: "/home/henley/adacore/repos/adacore_jetson/rts-native-light/gnat/s-vallfl.ads:system__val_lflt__impl__double_real__Odivide__2Xnn" label: "/home/henley/adacore/repos/adacore_jetson/rts-native-light/gnat/s-valrea.adb:277:40" }
node: { title: "system__exn_lflt__exn_long_float" label: "Exn_Long_Float\n/home/henley/adacore/repos/adacore_jetson/rts-native-light/gnat/s-exnlfl.ads:38:13" shape : ellipse }
edge: { sourcename: "/home/henley/adacore/repos/adacore_jetson/rts-native-light/gnat/s-vallfl.ads:system__val_lflt__impl__integer_to_real.constprop.0" targetname: "system__exn_lflt__exn_long_float" label: "/home/henley/adacore/repos/adacore_jetson/rts-native-light/gnat/s-valrea.adb:300:41" }
edge: { sourcename: "/home/henley/adacore/repos/adacore_jetson/rts-native-light/gnat/s-vallfl.ads:system__val_lflt__impl__integer_to_real.constprop.0" targetname: "system__exn_lflt__exn_long_float" label: "/home/henley/adacore/repos/adacore_jetson/rts-native-light/gnat/s-valrea.adb:304:44" }
edge: { sourcename: "/home/henley/adacore/repos/adacore_jetson/rts-native-light/gnat/s-vallfl.ads:system__val_lflt__impl__integer_to_real.constprop.0" targetname: "system__exn_lflt__exn_long_float" label: "/home/henley/adacore/repos/adacore_jetson/rts-native-light/gnat/s-valrea.adb:308:41" }
node: { title: "/home/henley/adacore/repos/adacore_jetson/rts-native-light/gnat/s-vallfl.ads:system__val_lflt__impl__impl__scan_integral_digitsXnn" label: "Scan_Integral_Digitsxnn\n/home/henley/adacore/repos/adacore_jetson/rts-native-light/gnat/s-valuer.adb:346:4\n0 bytes (static)\n0 dynamic objects" }
node: { title: "system__val_lflt__impl__impl__scan_raw_realXnn" label: "Scan_Raw_Realxnn\n/home/henley/adacore/repos/adacore_jetson/rts-native-light/gnat/s-valuer.adb:483:4\n144 bytes (static)\n0 dynamic objects" }
node: { title: "ada__exceptions__call_last_chance_handler_with_message" label: "Call_Last_Chance_Handler_With_Message\n/home/henley/adacore/repos/adacore_jetson/rts-native-light/gnat/a-except.adb:40:14" shape : ellipse }
edge: { sourcename: "system__val_lflt__impl__impl__scan_raw_realXnn" targetname: "ada__exceptions__call_last_chance_handler_with_message" label: "/home/henley/adacore/repos/adacore_jetson/rts-native-light/gnat/a-except.adb:95:10" }
node: { title: "system__val_util__scan_sign" label: "Scan_Sign\n/home/henley/adacore/repos/adacore_jetson/rts-native-light/gnat/s-valuti.ads:50:14" shape : ellipse }
edge: { sourcename: "system__val_lflt__impl__impl__scan_raw_realXnn" targetname: "system__val_util__scan_sign" label: "/home/henley/adacore/repos/adacore_jetson/rts-native-light/gnat/s-valuer.adb:528:7" }
edge: { sourcename: "system__val_lflt__impl__impl__scan_raw_realXnn" targetname: "/home/henley/adacore/repos/adacore_jetson/rts-native-light/gnat/s-vallfl.ads:system__val_lflt__impl__impl__scan_integral_digitsXnn" label: "/home/henley/adacore/repos/adacore_jetson/rts-native-light/gnat/s-valuer.adb:544:10" }
node: { title: "system__val_util__bad_value" label: "Bad_Value\n/home/henley/adacore/repos/adacore_jetson/rts-native-light/gnat/s-valuti.ads:37:14" shape : ellipse }
edge: { sourcename: "system__val_lflt__impl__impl__scan_raw_realXnn" targetname: "system__val_util__bad_value" label: "/home/henley/adacore/repos/adacore_jetson/rts-native-light/gnat/s-valuer.adb:561:10" }
edge: { sourcename: "system__val_lflt__impl__impl__scan_raw_realXnn" targetname: "system__val_util__bad_value" label: "/home/henley/adacore/repos/adacore_jetson/rts-native-light/gnat/s-valuer.adb:596:13" }
node: { title: "system__val_util__scan_exponent" label: "Scan_Exponent\n/home/henley/adacore/repos/adacore_jetson/rts-native-light/gnat/s-valuti.ads:84:13" shape : ellipse }
edge: { sourcename: "system__val_lflt__impl__impl__scan_raw_realXnn" targetname: "system__val_util__scan_exponent" label: "/home/henley/adacore/repos/adacore_jetson/rts-native-light/gnat/s-valuer.adb:646:24" }
edge: { sourcename: "system__val_lflt__impl__impl__scan_raw_realXnn" targetname: "/home/henley/adacore/repos/adacore_jetson/rts-native-light/gnat/s-vallfl.ads:system__val_lflt__impl__impl__scan_integral_digitsXnn" label: "/home/henley/adacore/repos/adacore_jetson/rts-native-light/gnat/s-valuer.adb:599:10" }
node: { title: "system__val_lflt__impl__impl__value_raw_realXnn" label: "Value_Raw_Realxnn\n/home/henley/adacore/repos/adacore_jetson/rts-native-light/gnat/s-valuer.adb:662:4\n96 bytes (static)\n0 dynamic objects" }
edge: { sourcename: "system__val_lflt__impl__impl__value_raw_realXnn" targetname: "system__val_lflt__impl__impl__value_raw_realXnn" label: "/home/henley/adacore/repos/adacore_jetson/rts-native-light/gnat/s-valuer.adb:678:20" }
edge: { sourcename: "system__val_lflt__impl__impl__value_raw_realXnn" targetname: "system__val_lflt__impl__impl__scan_raw_realXnn" label: "/home/henley/adacore/repos/adacore_jetson/rts-native-light/gnat/s-valuer.adb:688:18" }
node: { title: "system__val_util__scan_trailing_blanks" label: "Scan_Trailing_Blanks\n/home/henley/adacore/repos/adacore_jetson/rts-native-light/gnat/s-valuti.ads:103:14" shape : ellipse }
edge: { sourcename: "system__val_lflt__impl__impl__value_raw_realXnn" targetname: "system__val_util__scan_trailing_blanks" label: "/home/henley/adacore/repos/adacore_jetson/rts-native-light/gnat/s-valuer.adb:690:13" }
node: { title: "system__val_lflt__impl__double_real__product__splitXnnb" label: "Splitxnnb\n/home/henley/adacore/repos/adacore_jetson/rts-native-light/gnat/s-dorepr.adb:57:4\n32 bytes (static)\n0 dynamic objects" }
node: { title: "system__val_lflt__impl__double_real__product__two_prodXnnb" label: "Two_Prodxnnb\n/home/henley/adacore/repos/adacore_jetson/rts-native-light/gnat/s-dorepr.adb:131:4\n0 bytes (static)\n0 dynamic objects" }
node: { title: "system__val_lflt__impl__double_real__product__two_sqrXnnb" label: "Two_Sqrxnnb\n/home/henley/adacore/repos/adacore_jetson/rts-native-light/gnat/s-dorepr.adb:154:4\n0 bytes (static)\n0 dynamic objects" }
node: { title: "system__val_lflt__impl__double_real__is_nanXnn" label: "Is_Nanxnn\n/home/henley/adacore/repos/adacore_jetson/rts-native-light/gnat/s-dourea.adb:34:4\n0 bytes (static)\n0 dynamic objects" }
node: { title: "system__val_lflt__impl__double_real__is_infinityXnn" label: "Is_Infinityxnn\n/home/henley/adacore/repos/adacore_jetson/rts-native-light/gnat/s-dourea.adb:37:4\n0 bytes (static)\n0 dynamic objects" }
node: { title: "system__val_lflt__impl__double_real__is_zeroXnn" label: "Is_Zeroxnn\n/home/henley/adacore/repos/adacore_jetson/rts-native-light/gnat/s-dourea.adb:41:4\n0 bytes (static)\n0 dynamic objects" }
node: { title: "system__val_lflt__impl__double_real__double_tIPXnn" label: "double_tIPXnn\n<built-in>\n0 bytes (static)\n0 dynamic objects" }
node: { title: "system__val_lflt__impl__scan_real" label: "Scan_Real\n/home/henley/adacore/repos/adacore_jetson/rts-native-light/gnat/s-valrea.adb:355:4\n48 bytes (static)\n0 dynamic objects" }
edge: { sourcename: "system__val_lflt__impl__scan_real" targetname: "system__val_lflt__impl__impl__scan_raw_realXnn" label: "/home/henley/adacore/repos/adacore_jetson/rts-native-light/gnat/s-valrea.adb:367:18" }
edge: { sourcename: "system__val_lflt__impl__scan_real" targetname: "/home/henley/adacore/repos/adacore_jetson/rts-native-light/gnat/s-vallfl.ads:system__val_lflt__impl__integer_to_real.constprop.0" label: "/home/henley/adacore/repos/adacore_jetson/rts-native-light/gnat/s-valrea.adb:369:14" }
node: { title: "system__val_lflt__impl__value_real" label: "Value_Real\n/home/henley/adacore/repos/adacore_jetson/rts-native-light/gnat/s-valrea.adb:376:4\n48 bytes (static)\n0 dynamic objects" }
edge: { sourcename: "system__val_lflt__impl__value_real" targetname: "system__val_lflt__impl__impl__value_raw_realXnn" label: "/home/henley/adacore/repos/adacore_jetson/rts-native-light/gnat/s-valrea.adb:384:18" }
edge: { sourcename: "system__val_lflt__impl__value_real" targetname: "/home/henley/adacore/repos/adacore_jetson/rts-native-light/gnat/s-vallfl.ads:system__val_lflt__impl__integer_to_real.constprop.0" label: "/home/henley/adacore/repos/adacore_jetson/rts-native-light/gnat/s-valrea.adb:386:14" }
}
