graph: { title: "/home/henley/adacore/repos/adacore_jetson/rts-native-light/gnat/s-vade128.ads"
node: { title: "/home/henley/adacore/repos/adacore_jetson/rts-native-light/gnat/s-vade128.ads:system__val_decimal_128__impl__integer_to_decimal" label: "Integer_To_Decimal\n/home/henley/adacore/repos/adacore_jetson/rts-native-light/gnat/s-valued.adb:57:4\n144 bytes (static)\n0 dynamic objects" }
node: { title: "__udivti3" label: "udivti3\n<built-in>" shape : ellipse }
edge: { sourcename: "/home/henley/adacore/repos/adacore_jetson/rts-native-light/gnat/s-vade128.ads:system__val_decimal_128__impl__integer_to_decimal" targetname: "__udivti3" }
node: { title: "system__val_util__bad_value" label: "Bad_Value\n/home/henley/adacore/repos/adacore_jetson/rts-native-light/gnat/s-valuti.ads:37:14" shape : ellipse }
edge: { sourcename: "/home/henley/adacore/repos/adacore_jetson/rts-native-light/gnat/s-vade128.ads:system__val_decimal_128__impl__integer_to_decimal" targetname: "system__val_util__bad_value" label: "/home/henley/adacore/repos/adacore_jetson/rts-native-light/gnat/s-valued.adb:150:19" }
node: { title: "system__exn_llli__exn_long_long_long_integer" label: "Exn_Long_Long_Long_Integer\n/home/henley/adacore/repos/adacore_jetson/rts-native-light/gnat/s-exnllli.ads:38:13" shape : ellipse }
edge: { sourcename: "/home/henley/adacore/repos/adacore_jetson/rts-native-light/gnat/s-vade128.ads:system__val_decimal_128__impl__integer_to_decimal" targetname: "system__exn_llli__exn_long_long_long_integer" label: "/home/henley/adacore/repos/adacore_jetson/rts-native-light/gnat/s-valued.adb:177:27" }
edge: { sourcename: "/home/henley/adacore/repos/adacore_jetson/rts-native-light/gnat/s-vade128.ads:system__val_decimal_128__impl__integer_to_decimal" targetname: "system__exn_llli__exn_long_long_long_integer" label: "/home/henley/adacore/repos/adacore_jetson/rts-native-light/gnat/s-valued.adb:178:47" }
edge: { sourcename: "/home/henley/adacore/repos/adacore_jetson/rts-native-light/gnat/s-vade128.ads:system__val_decimal_128__impl__integer_to_decimal" targetname: "__udivti3" }
node: { title: "__divti3" label: "divti3\n<built-in>" shape : ellipse }
edge: { sourcename: "/home/henley/adacore/repos/adacore_jetson/rts-native-light/gnat/s-vade128.ads:system__val_decimal_128__impl__integer_to_decimal" targetname: "__divti3" }
edge: { sourcename: "/home/henley/adacore/repos/adacore_jetson/rts-native-light/gnat/s-vade128.ads:system__val_decimal_128__impl__integer_to_decimal" targetname: "__udivti3" }
edge: { sourcename: "/home/henley/adacore/repos/adacore_jetson/rts-native-light/gnat/s-vade128.ads:system__val_decimal_128__impl__integer_to_decimal" targetname: "system__exn_llli__exn_long_long_long_integer" label: "/home/henley/adacore/repos/adacore_jetson/rts-native-light/gnat/s-valued.adb:192:47" }
edge: { sourcename: "/home/henley/adacore/repos/adacore_jetson/rts-native-light/gnat/s-vade128.ads:system__val_decimal_128__impl__integer_to_decimal" targetname: "__udivti3" }
edge: { sourcename: "/home/henley/adacore/repos/adacore_jetson/rts-native-light/gnat/s-vade128.ads:system__val_decimal_128__impl__integer_to_decimal" targetname: "__divti3" }
edge: { sourcename: "/home/henley/adacore/repos/adacore_jetson/rts-native-light/gnat/s-vade128.ads:system__val_decimal_128__impl__integer_to_decimal" targetname: "system__exn_llli__exn_long_long_long_integer" label: "/home/henley/adacore/repos/adacore_jetson/rts-native-light/gnat/s-valued.adb:193:27" }
node: { title: "system__arith_128__scaled_divide128" label: "Scaled_Divide128\n/home/henley/adacore/repos/adacore_jetson/rts-native-light/gnat/s-arit128.ads:60:14" shape : ellipse }
edge: { sourcename: "/home/henley/adacore/repos/adacore_jetson/rts-native-light/gnat/s-vade128.ads:system__val_decimal_128__impl__integer_to_decimal" targetname: "system__arith_128__scaled_divide128" label: "/home/henley/adacore/repos/adacore_jetson/rts-native-light/gnat/s-valued.adb:212:13" }
edge: { sourcename: "/home/henley/adacore/repos/adacore_jetson/rts-native-light/gnat/s-vade128.ads:system__val_decimal_128__impl__integer_to_decimal" targetname: "system__exn_llli__exn_long_long_long_integer" label: "/home/henley/adacore/repos/adacore_jetson/rts-native-light/gnat/s-valued.adb:193:27" }
node: { title: "/home/henley/adacore/repos/adacore_jetson/rts-native-light/gnat/s-vade128.ads:system__val_decimal_128__impl__impl__scan_integral_digitsXnn" label: "Scan_Integral_Digitsxnn\n/home/henley/adacore/repos/adacore_jetson/rts-native-light/gnat/s-valuer.adb:346:4\n112 bytes (static)\n0 dynamic objects" }
edge: { sourcename: "/home/henley/adacore/repos/adacore_jetson/rts-native-light/gnat/s-vade128.ads:system__val_decimal_128__impl__impl__scan_integral_digitsXnn" targetname: "__udivti3" }
edge: { sourcename: "/home/henley/adacore/repos/adacore_jetson/rts-native-light/gnat/s-vade128.ads:system__val_decimal_128__impl__impl__scan_integral_digitsXnn" targetname: "__divti3" }
edge: { sourcename: "/home/henley/adacore/repos/adacore_jetson/rts-native-light/gnat/s-vade128.ads:system__val_decimal_128__impl__impl__scan_integral_digitsXnn" targetname: "__udivti3" }
node: { title: "/home/henley/adacore/repos/adacore_jetson/rts-native-light/gnat/s-vade128.ads:system__val_decimal_128__impl__impl__scan_raw_realXnn" label: "Scan_Raw_Realxnn\n/home/henley/adacore/repos/adacore_jetson/rts-native-light/gnat/s-valuer.adb:483:4\n224 bytes (static)\n0 dynamic objects" }
node: { title: "ada__exceptions__call_last_chance_handler_with_message" label: "Call_Last_Chance_Handler_With_Message\n/home/henley/adacore/repos/adacore_jetson/rts-native-light/gnat/a-except.adb:40:14" shape : ellipse }
edge: { sourcename: "/home/henley/adacore/repos/adacore_jetson/rts-native-light/gnat/s-vade128.ads:system__val_decimal_128__impl__impl__scan_raw_realXnn" targetname: "ada__exceptions__call_last_chance_handler_with_message" label: "/home/henley/adacore/repos/adacore_jetson/rts-native-light/gnat/a-except.adb:95:10" }
node: { title: "system__val_util__scan_sign" label: "Scan_Sign\n/home/henley/adacore/repos/adacore_jetson/rts-native-light/gnat/s-valuti.ads:50:14" shape : ellipse }
edge: { sourcename: "/home/henley/adacore/repos/adacore_jetson/rts-native-light/gnat/s-vade128.ads:system__val_decimal_128__impl__impl__scan_raw_realXnn" targetname: "system__val_util__scan_sign" label: "/home/henley/adacore/repos/adacore_jetson/rts-native-light/gnat/s-valuer.adb:528:7" }
edge: { sourcename: "/home/henley/adacore/repos/adacore_jetson/rts-native-light/gnat/s-vade128.ads:system__val_decimal_128__impl__impl__scan_raw_realXnn" targetname: "/home/henley/adacore/repos/adacore_jetson/rts-native-light/gnat/s-vade128.ads:system__val_decimal_128__impl__impl__scan_integral_digitsXnn" label: "/home/henley/adacore/repos/adacore_jetson/rts-native-light/gnat/s-valuer.adb:544:10" }
edge: { sourcename: "/home/henley/adacore/repos/adacore_jetson/rts-native-light/gnat/s-vade128.ads:system__val_decimal_128__impl__impl__scan_raw_realXnn" targetname: "system__val_util__bad_value" label: "/home/henley/adacore/repos/adacore_jetson/rts-native-light/gnat/s-valuer.adb:561:10" }
edge: { sourcename: "/home/henley/adacore/repos/adacore_jetson/rts-native-light/gnat/s-vade128.ads:system__val_decimal_128__impl__impl__scan_raw_realXnn" targetname: "system__val_util__bad_value" label: "/home/henley/adacore/repos/adacore_jetson/rts-native-light/gnat/s-valuer.adb:596:13" }
edge: { sourcename: "/home/henley/adacore/repos/adacore_jetson/rts-native-light/gnat/s-vade128.ads:system__val_decimal_128__impl__impl__scan_raw_realXnn" targetname: "__udivti3" }
edge: { sourcename: "/home/henley/adacore/repos/adacore_jetson/rts-native-light/gnat/s-vade128.ads:system__val_decimal_128__impl__impl__scan_raw_realXnn" targetname: "__divti3" }
edge: { sourcename: "/home/henley/adacore/repos/adacore_jetson/rts-native-light/gnat/s-vade128.ads:system__val_decimal_128__impl__impl__scan_raw_realXnn" targetname: "__udivti3" }
node: { title: "system__val_util__scan_exponent" label: "Scan_Exponent\n/home/henley/adacore/repos/adacore_jetson/rts-native-light/gnat/s-valuti.ads:84:13" shape : ellipse }
edge: { sourcename: "/home/henley/adacore/repos/adacore_jetson/rts-native-light/gnat/s-vade128.ads:system__val_decimal_128__impl__impl__scan_raw_realXnn" targetname: "system__val_util__scan_exponent" label: "/home/henley/adacore/repos/adacore_jetson/rts-native-light/gnat/s-valuer.adb:646:24" }
edge: { sourcename: "/home/henley/adacore/repos/adacore_jetson/rts-native-light/gnat/s-vade128.ads:system__val_decimal_128__impl__impl__scan_raw_realXnn" targetname: "/home/henley/adacore/repos/adacore_jetson/rts-native-light/gnat/s-vade128.ads:system__val_decimal_128__impl__impl__scan_integral_digitsXnn" label: "/home/henley/adacore/repos/adacore_jetson/rts-native-light/gnat/s-valuer.adb:599:10" }
node: { title: "/home/henley/adacore/repos/adacore_jetson/rts-native-light/gnat/s-vade128.ads:system__val_decimal_128__impl__impl__value_raw_realXnn" label: "Value_Raw_Realxnn\n/home/henley/adacore/repos/adacore_jetson/rts-native-light/gnat/s-valuer.adb:662:4\n128 bytes (static)\n0 dynamic objects" }
edge: { sourcename: "/home/henley/adacore/repos/adacore_jetson/rts-native-light/gnat/s-vade128.ads:system__val_decimal_128__impl__impl__value_raw_realXnn" targetname: "/home/henley/adacore/repos/adacore_jetson/rts-native-light/gnat/s-vade128.ads:system__val_decimal_128__impl__impl__value_raw_realXnn" label: "/home/henley/adacore/repos/adacore_jetson/rts-native-light/gnat/s-valuer.adb:678:20" }
edge: { sourcename: "/home/henley/adacore/repos/adacore_jetson/rts-native-light/gnat/s-vade128.ads:system__val_decimal_128__impl__impl__value_raw_realXnn" targetname: "/home/henley/adacore/repos/adacore_jetson/rts-native-light/gnat/s-vade128.ads:system__val_decimal_128__impl__impl__scan_raw_realXnn" label: "/home/henley/adacore/repos/adacore_jetson/rts-native-light/gnat/s-valuer.adb:688:18" }
node: { title: "system__val_util__scan_trailing_blanks" label: "Scan_Trailing_Blanks\n/home/henley/adacore/repos/adacore_jetson/rts-native-light/gnat/s-valuti.ads:103:14" shape : ellipse }
edge: { sourcename: "/home/henley/adacore/repos/adacore_jetson/rts-native-light/gnat/s-vade128.ads:system__val_decimal_128__impl__impl__value_raw_realXnn" targetname: "system__val_util__scan_trailing_blanks" label: "/home/henley/adacore/repos/adacore_jetson/rts-native-light/gnat/s-valuer.adb:690:13" }
node: { title: "system__val_decimal_128__impl__scan_decimal" label: "Scan_Decimal\n/home/henley/adacore/repos/adacore_jetson/rts-native-light/gnat/s-valued.adb:226:4\n80 bytes (static)\n0 dynamic objects" }
edge: { sourcename: "system__val_decimal_128__impl__scan_decimal" targetname: "/home/henley/adacore/repos/adacore_jetson/rts-native-light/gnat/s-vade128.ads:system__val_decimal_128__impl__impl__scan_raw_realXnn" label: "/home/henley/adacore/repos/adacore_jetson/rts-native-light/gnat/s-valued.adb:240:18" }
edge: { sourcename: "system__val_decimal_128__impl__scan_decimal" targetname: "/home/henley/adacore/repos/adacore_jetson/rts-native-light/gnat/s-vade128.ads:system__val_decimal_128__impl__integer_to_decimal" label: "/home/henley/adacore/repos/adacore_jetson/rts-native-light/gnat/s-valued.adb:242:14" }
node: { title: "system__val_decimal_128__impl__value_decimal" label: "Value_Decimal\n/home/henley/adacore/repos/adacore_jetson/rts-native-light/gnat/s-valued.adb:249:4\n80 bytes (static)\n0 dynamic objects" }
edge: { sourcename: "system__val_decimal_128__impl__value_decimal" targetname: "/home/henley/adacore/repos/adacore_jetson/rts-native-light/gnat/s-vade128.ads:system__val_decimal_128__impl__impl__value_raw_realXnn" label: "/home/henley/adacore/repos/adacore_jetson/rts-native-light/gnat/s-valued.adb:258:18" }
edge: { sourcename: "system__val_decimal_128__impl__value_decimal" targetname: "/home/henley/adacore/repos/adacore_jetson/rts-native-light/gnat/s-vade128.ads:system__val_decimal_128__impl__integer_to_decimal" label: "/home/henley/adacore/repos/adacore_jetson/rts-native-light/gnat/s-valued.adb:260:14" }
}
