graph: { title: "/home/henley/adacore/repos/adacore_jetson/rts-native-light/gnat/s-vafi64.ads"
node: { title: "/home/henley/adacore/repos/adacore_jetson/rts-native-light/gnat/s-vafi64.ads:system__val_fixed_64__impl__impl__round_extraXnn" label: "Round_Extraxnn\n/home/henley/adacore/repos/adacore_jetson/rts-native-light/gnat/s-valuer.adb:124:4\n16 bytes (static)\n0 dynamic objects" }
edge: { sourcename: "/home/henley/adacore/repos/adacore_jetson/rts-native-light/gnat/s-vafi64.ads:system__val_fixed_64__impl__impl__round_extraXnn" targetname: "/home/henley/adacore/repos/adacore_jetson/rts-native-light/gnat/s-vafi64.ads:system__val_fixed_64__impl__impl__round_extraXnn" label: "/home/henley/adacore/repos/adacore_jetson/rts-native-light/gnat/s-valuer.adb:148:16" }
node: { title: "/home/henley/adacore/repos/adacore_jetson/rts-native-light/gnat/s-vafi64.ads:system__val_fixed_64__impl__integer_to_fixed" label: "Integer_To_Fixed\n/home/henley/adacore/repos/adacore_jetson/rts-native-light/gnat/s-valuef.adb:141:4\n64 bytes (static)\n0 dynamic objects" }
node: { title: "system__val_util__bad_value" label: "Bad_Value\n/home/henley/adacore/repos/adacore_jetson/rts-native-light/gnat/s-valuti.ads:37:14" shape : ellipse }
edge: { sourcename: "/home/henley/adacore/repos/adacore_jetson/rts-native-light/gnat/s-vafi64.ads:system__val_fixed_64__impl__integer_to_fixed" targetname: "system__val_util__bad_value" label: "/home/henley/adacore/repos/adacore_jetson/rts-native-light/gnat/s-valuef.adb:269:19" }
node: { title: "system__arith_64__scaled_divide64" label: "Scaled_Divide64\n/home/henley/adacore/repos/adacore_jetson/rts-native-light/gnat/s-arit64.ads:60:14" shape : ellipse }
edge: { sourcename: "/home/henley/adacore/repos/adacore_jetson/rts-native-light/gnat/s-vafi64.ads:system__val_fixed_64__impl__integer_to_fixed" targetname: "system__arith_64__scaled_divide64" label: "/home/henley/adacore/repos/adacore_jetson/rts-native-light/gnat/s-valuef.adb:288:10" }
edge: { sourcename: "/home/henley/adacore/repos/adacore_jetson/rts-native-light/gnat/s-vafi64.ads:system__val_fixed_64__impl__integer_to_fixed" targetname: "system__arith_64__scaled_divide64" label: "/home/henley/adacore/repos/adacore_jetson/rts-native-light/gnat/s-valuef.adb:310:10" }
edge: { sourcename: "/home/henley/adacore/repos/adacore_jetson/rts-native-light/gnat/s-vafi64.ads:system__val_fixed_64__impl__integer_to_fixed" targetname: "system__arith_64__scaled_divide64" label: "/home/henley/adacore/repos/adacore_jetson/rts-native-light/gnat/s-valuef.adb:315:10" }
edge: { sourcename: "/home/henley/adacore/repos/adacore_jetson/rts-native-light/gnat/s-vafi64.ads:system__val_fixed_64__impl__integer_to_fixed" targetname: "system__arith_64__scaled_divide64" label: "/home/henley/adacore/repos/adacore_jetson/rts-native-light/gnat/s-valuef.adb:287:10" }
edge: { sourcename: "/home/henley/adacore/repos/adacore_jetson/rts-native-light/gnat/s-vafi64.ads:system__val_fixed_64__impl__integer_to_fixed" targetname: "system__arith_64__scaled_divide64" label: "/home/henley/adacore/repos/adacore_jetson/rts-native-light/gnat/s-valuef.adb:287:10" }
node: { title: "/home/henley/adacore/repos/adacore_jetson/rts-native-light/gnat/s-vafi64.ads:system__val_fixed_64__impl__impl__scan_integral_digitsXnn" label: "Scan_Integral_Digitsxnn\n/home/henley/adacore/repos/adacore_jetson/rts-native-light/gnat/s-valuer.adb:346:4\n48 bytes (static)\n0 dynamic objects" }
edge: { sourcename: "/home/henley/adacore/repos/adacore_jetson/rts-native-light/gnat/s-vafi64.ads:system__val_fixed_64__impl__impl__scan_integral_digitsXnn" targetname: "/home/henley/adacore/repos/adacore_jetson/rts-native-light/gnat/s-vafi64.ads:system__val_fixed_64__impl__impl__round_extraXnn" label: "/home/henley/adacore/repos/adacore_jetson/rts-native-light/gnat/s-valuer.adb:421:16" }
node: { title: "/home/henley/adacore/repos/adacore_jetson/rts-native-light/gnat/s-vafi64.ads:system__val_fixed_64__impl__impl__scan_raw_realXnn" label: "Scan_Raw_Realxnn\n/home/henley/adacore/repos/adacore_jetson/rts-native-light/gnat/s-valuer.adb:483:4\n160 bytes (static)\n0 dynamic objects" }
node: { title: "ada__exceptions__call_last_chance_handler_with_message" label: "Call_Last_Chance_Handler_With_Message\n/home/henley/adacore/repos/adacore_jetson/rts-native-light/gnat/a-except.adb:40:14" shape : ellipse }
edge: { sourcename: "/home/henley/adacore/repos/adacore_jetson/rts-native-light/gnat/s-vafi64.ads:system__val_fixed_64__impl__impl__scan_raw_realXnn" targetname: "ada__exceptions__call_last_chance_handler_with_message" label: "/home/henley/adacore/repos/adacore_jetson/rts-native-light/gnat/a-except.adb:95:10" }
node: { title: "system__val_util__scan_sign" label: "Scan_Sign\n/home/henley/adacore/repos/adacore_jetson/rts-native-light/gnat/s-valuti.ads:50:14" shape : ellipse }
edge: { sourcename: "/home/henley/adacore/repos/adacore_jetson/rts-native-light/gnat/s-vafi64.ads:system__val_fixed_64__impl__impl__scan_raw_realXnn" targetname: "system__val_util__scan_sign" label: "/home/henley/adacore/repos/adacore_jetson/rts-native-light/gnat/s-valuer.adb:528:7" }
edge: { sourcename: "/home/henley/adacore/repos/adacore_jetson/rts-native-light/gnat/s-vafi64.ads:system__val_fixed_64__impl__impl__scan_raw_realXnn" targetname: "/home/henley/adacore/repos/adacore_jetson/rts-native-light/gnat/s-vafi64.ads:system__val_fixed_64__impl__impl__scan_integral_digitsXnn" label: "/home/henley/adacore/repos/adacore_jetson/rts-native-light/gnat/s-valuer.adb:544:10" }
edge: { sourcename: "/home/henley/adacore/repos/adacore_jetson/rts-native-light/gnat/s-vafi64.ads:system__val_fixed_64__impl__impl__scan_raw_realXnn" targetname: "system__val_util__bad_value" label: "/home/henley/adacore/repos/adacore_jetson/rts-native-light/gnat/s-valuer.adb:561:10" }
edge: { sourcename: "/home/henley/adacore/repos/adacore_jetson/rts-native-light/gnat/s-vafi64.ads:system__val_fixed_64__impl__impl__scan_raw_realXnn" targetname: "system__val_util__bad_value" label: "/home/henley/adacore/repos/adacore_jetson/rts-native-light/gnat/s-valuer.adb:596:13" }
edge: { sourcename: "/home/henley/adacore/repos/adacore_jetson/rts-native-light/gnat/s-vafi64.ads:system__val_fixed_64__impl__impl__scan_raw_realXnn" targetname: "/home/henley/adacore/repos/adacore_jetson/rts-native-light/gnat/s-vafi64.ads:system__val_fixed_64__impl__impl__round_extraXnn" label: "/home/henley/adacore/repos/adacore_jetson/rts-native-light/gnat/s-valuer.adb:245:16" }
edge: { sourcename: "/home/henley/adacore/repos/adacore_jetson/rts-native-light/gnat/s-vafi64.ads:system__val_fixed_64__impl__impl__scan_raw_realXnn" targetname: "/home/henley/adacore/repos/adacore_jetson/rts-native-light/gnat/s-vafi64.ads:system__val_fixed_64__impl__impl__round_extraXnn" label: "/home/henley/adacore/repos/adacore_jetson/rts-native-light/gnat/s-valuer.adb:267:25" }
node: { title: "system__val_util__scan_exponent" label: "Scan_Exponent\n/home/henley/adacore/repos/adacore_jetson/rts-native-light/gnat/s-valuti.ads:84:13" shape : ellipse }
edge: { sourcename: "/home/henley/adacore/repos/adacore_jetson/rts-native-light/gnat/s-vafi64.ads:system__val_fixed_64__impl__impl__scan_raw_realXnn" targetname: "system__val_util__scan_exponent" label: "/home/henley/adacore/repos/adacore_jetson/rts-native-light/gnat/s-valuer.adb:646:24" }
edge: { sourcename: "/home/henley/adacore/repos/adacore_jetson/rts-native-light/gnat/s-vafi64.ads:system__val_fixed_64__impl__impl__scan_raw_realXnn" targetname: "/home/henley/adacore/repos/adacore_jetson/rts-native-light/gnat/s-vafi64.ads:system__val_fixed_64__impl__impl__scan_integral_digitsXnn" label: "/home/henley/adacore/repos/adacore_jetson/rts-native-light/gnat/s-valuer.adb:599:10" }
node: { title: "/home/henley/adacore/repos/adacore_jetson/rts-native-light/gnat/s-vafi64.ads:system__val_fixed_64__impl__impl__value_raw_realXnn" label: "Value_Raw_Realxnn\n/home/henley/adacore/repos/adacore_jetson/rts-native-light/gnat/s-valuer.adb:662:4\n96 bytes (static)\n0 dynamic objects" }
edge: { sourcename: "/home/henley/adacore/repos/adacore_jetson/rts-native-light/gnat/s-vafi64.ads:system__val_fixed_64__impl__impl__value_raw_realXnn" targetname: "/home/henley/adacore/repos/adacore_jetson/rts-native-light/gnat/s-vafi64.ads:system__val_fixed_64__impl__impl__value_raw_realXnn" label: "/home/henley/adacore/repos/adacore_jetson/rts-native-light/gnat/s-valuer.adb:678:20" }
edge: { sourcename: "/home/henley/adacore/repos/adacore_jetson/rts-native-light/gnat/s-vafi64.ads:system__val_fixed_64__impl__impl__value_raw_realXnn" targetname: "/home/henley/adacore/repos/adacore_jetson/rts-native-light/gnat/s-vafi64.ads:system__val_fixed_64__impl__impl__scan_raw_realXnn" label: "/home/henley/adacore/repos/adacore_jetson/rts-native-light/gnat/s-valuer.adb:688:18" }
node: { title: "system__val_util__scan_trailing_blanks" label: "Scan_Trailing_Blanks\n/home/henley/adacore/repos/adacore_jetson/rts-native-light/gnat/s-valuti.ads:103:14" shape : ellipse }
edge: { sourcename: "/home/henley/adacore/repos/adacore_jetson/rts-native-light/gnat/s-vafi64.ads:system__val_fixed_64__impl__impl__value_raw_realXnn" targetname: "system__val_util__scan_trailing_blanks" label: "/home/henley/adacore/repos/adacore_jetson/rts-native-light/gnat/s-valuer.adb:690:13" }
node: { title: "system__val_fixed_64__impl__scan_fixed" label: "Scan_Fixed\n/home/henley/adacore/repos/adacore_jetson/rts-native-light/gnat/s-valuef.adb:328:4\n96 bytes (static)\n0 dynamic objects" }
edge: { sourcename: "system__val_fixed_64__impl__scan_fixed" targetname: "/home/henley/adacore/repos/adacore_jetson/rts-native-light/gnat/s-vafi64.ads:system__val_fixed_64__impl__impl__scan_raw_realXnn" label: "/home/henley/adacore/repos/adacore_jetson/rts-native-light/gnat/s-valuef.adb:342:18" }
edge: { sourcename: "system__val_fixed_64__impl__scan_fixed" targetname: "/home/henley/adacore/repos/adacore_jetson/rts-native-light/gnat/s-vafi64.ads:system__val_fixed_64__impl__integer_to_fixed" label: "/home/henley/adacore/repos/adacore_jetson/rts-native-light/gnat/s-valuef.adb:344:14" }
node: { title: "system__val_fixed_64__impl__value_fixed" label: "Value_Fixed\n/home/henley/adacore/repos/adacore_jetson/rts-native-light/gnat/s-valuef.adb:351:4\n96 bytes (static)\n0 dynamic objects" }
edge: { sourcename: "system__val_fixed_64__impl__value_fixed" targetname: "/home/henley/adacore/repos/adacore_jetson/rts-native-light/gnat/s-vafi64.ads:system__val_fixed_64__impl__impl__value_raw_realXnn" label: "/home/henley/adacore/repos/adacore_jetson/rts-native-light/gnat/s-valuef.adb:363:18" }
edge: { sourcename: "system__val_fixed_64__impl__value_fixed" targetname: "/home/henley/adacore/repos/adacore_jetson/rts-native-light/gnat/s-vafi64.ads:system__val_fixed_64__impl__integer_to_fixed" label: "/home/henley/adacore/repos/adacore_jetson/rts-native-light/gnat/s-valuef.adb:365:14" }
}
